<html>
<body>
<pre>
<h1>礦ision Build Log</h1>
<h2>Tool Versions:</h2>
IDE-Version: μVision V5.24.2.0
Copyright (C) 2017 ARM Ltd and ARM Germany GmbH. All rights reserved.
License Information: t song, s, LIC=MPPLD-8DWWC-633MB-2U81W-CVLYS-381YD
 
Tool Versions:
Toolchain:       MDK-ARM Plus  Version: 5.24.1
Toolchain Path:  D:\Keli_v5\ARM\ARMCC\Bin
C Compiler:      Armcc.exe V5.06 update 5 (build 528)
Assembler:       Armasm.exe V5.06 update 5 (build 528)
Linker/Locator:  ArmLink.exe V5.06 update 5 (build 528)
Library Manager: ArmAr.exe V5.06 update 5 (build 528)
Hex Converter:   FromElf.exe V5.06 update 5 (build 528)
CPU DLL:         SARMCM3.DLL V5.24.1
Dialog DLL:      DCM.DLL V1.16.0.0
Target DLL:      STLink\ST-LINKIII-KEIL_SWO.dll V3.0.1.0
Dialog DLL:      TCM.DLL V1.32.0.0
 
<h2>Project:</h2>
D:\Codestudy\新人资料\基于STM32温湿度采集与OLED显示系统\project.uvprojx
Project File Date:  10/24/2025

<h2>Output:</h2>
*** Using Compiler 'V5.06 update 5 (build 528)', folder: 'D:\Keli_v5\ARM\ARMCC\Bin'
Rebuild target 'Target 1'
assembling startup_stm32f10x_md.s...
compiling core_cm3.c...
compiling stm32f10x_exti.c...
compiling misc.c...
compiling stm32f10x_crc.c...
compiling stm32f10x_dma.c...
compiling stm32f10x_can.c...
compiling system_stm32f10x.c...
compiling stm32f10x_fsmc.c...
compiling stm32f10x_cec.c...
compiling stm32f10x_dbgmcu.c...
compiling stm32f10x_dac.c...
compiling stm32f10x_bkp.c...
compiling stm32f10x_flash.c...
compiling stm32f10x_adc.c...
compiling stm32f10x_gpio.c...
compiling stm32f10x_i2c.c...
compiling stm32f10x_iwdg.c...
compiling stm32f10x_pwr.c...
compiling stm32f10x_rtc.c...
compiling stm32f10x_rcc.c...
compiling stm32f10x_sdio.c...
compiling stm32f10x_spi.c...
compiling stm32f10x_wwdg.c...
compiling stm32f10x_usart.c...
compiling OLED_Data.c...
compiling stm32f10x_it.c...
compiling stm32f10x_tim.c...
compiling main.c...
compiling LED.c...
compiling menu.c...
User\menu.c(203): warning:  #111-D: statement is unreachable
  			case 1:{return 0;break;}
User\menu.c(305): warning:  #1182-D: a declaration cannot have a label
  				int result = Temperature_Threshold();
User\menu.c(301): warning:  #546-D: transfer of control bypasses initialization of:
            variable "result"  (declared at line 305)
  		switch(menu_flag)
  		^
User\menu.c(342): warning:  #111-D: statement is unreachable
      OLED_Clear();
User\menu.c(403): warning:  #111-D: statement is unreachable
  			case 1:{  return 0;  break;}
User\menu.c(703): warning:  #111-D: statement is unreachable
  				break;// 锟剿筹拷
User\menu.c(732): warning:  #177-D: variable "flag"  was declared but never referenced
  	uint8_t flag = 1;
User\menu.c(777): warning:  #177-D: variable "flag"  was declared but never referenced
  	uint8_t flag = 1;
User\menu.c(872): warning:  #111-D: statement is unreachable
  				break;// 锟剿筹拷
User\menu.c: 9 warnings, 0 errors
compiling key.c...
compiling MyRTC.c...
compiling esp8266.c...
compiling dht11.c...
compiling buzzer.c...
compiling relay.c...
compiling OLED.c...
compiling sys.c...
compiling Serial.c...
compiling Delay.c...
compiling Task.c...
compiling Initialization.c...
linking...
Program Size: Code=21512 RO-data=4376 RW-data=304 ZI-data=5000  
FromELF: creating hex file...
".\Objects\project.axf" - 0 Error(s), 9 Warning(s).

<h2>Software Packages used:</h2>

Package Vendor: Keil
                http://www.keil.com/pack/Keil.STM32F1xx_DFP.2.2.0.pack
                Keil.STM32F1xx_DFP.2.2.0
                STMicroelectronics STM32F1 Series Device Support, Drivers and Examples

<h2>Collection of Component include folders:</h2>
  .\RTE\_Target_1
  D:\Keli_v5\ARM\PACK\Keil\STM32F1xx_DFP\2.2.0\Device\Include

<h2>Collection of Component Files used:</h2>
Build Time Elapsed:  00:00:04
</pre>
</body>
</html>
