Component: ARM Compiler 5.06 update 5 (build 528) Tool: armlink [4d35e2]

==============================================================================

Section Cross References

    startup_stm32f10x_md.o(RESET) refers to startup_stm32f10x_md.o(STACK) for __initial_sp
    startup_stm32f10x_md.o(RESET) refers to startup_stm32f10x_md.o(.text) for Reset_Handler
    startup_stm32f10x_md.o(RESET) refers to stm32f10x_it.o(i.NMI_Handler) for NMI_Handler
    startup_stm32f10x_md.o(RESET) refers to stm32f10x_it.o(i.HardFault_Handler) for HardFault_Handler
    startup_stm32f10x_md.o(RESET) refers to stm32f10x_it.o(i.MemManage_Handler) for MemManage_Handler
    startup_stm32f10x_md.o(RESET) refers to stm32f10x_it.o(i.BusFault_Handler) for BusFault_Handler
    startup_stm32f10x_md.o(RESET) refers to stm32f10x_it.o(i.UsageFault_Handler) for UsageFault_Handler
    startup_stm32f10x_md.o(RESET) refers to stm32f10x_it.o(i.SVC_Handler) for SVC_Handler
    startup_stm32f10x_md.o(RESET) refers to stm32f10x_it.o(i.DebugMon_Handler) for DebugMon_Handler
    startup_stm32f10x_md.o(RESET) refers to stm32f10x_it.o(i.PendSV_Handler) for PendSV_Handler
    startup_stm32f10x_md.o(RESET) refers to delay.o(i.SysTick_Handler) for SysTick_Handler
    startup_stm32f10x_md.o(RESET) refers to serial.o(i.USART1_IRQHandler) for USART1_IRQHandler
    startup_stm32f10x_md.o(RESET) refers to esp8266.o(i.USART2_IRQHandler) for USART2_IRQHandler
    startup_stm32f10x_md.o(.text) refers to system_stm32f10x.o(i.SystemInit) for SystemInit
    startup_stm32f10x_md.o(.text) refers to entry.o(.ARM.Collect$$$$00000000) for __main
    system_stm32f10x.o(i.SetSysClock) refers to system_stm32f10x.o(i.SetSysClockTo72) for SetSysClockTo72
    system_stm32f10x.o(i.SystemCoreClockUpdate) refers to system_stm32f10x.o(.data) for SystemCoreClock
    system_stm32f10x.o(i.SystemInit) refers to system_stm32f10x.o(i.SetSysClock) for SetSysClock
    stm32f10x_adc.o(i.ADC_DeInit) refers to stm32f10x_rcc.o(i.RCC_APB2PeriphResetCmd) for RCC_APB2PeriphResetCmd
    stm32f10x_bkp.o(i.BKP_DeInit) refers to stm32f10x_rcc.o(i.RCC_BackupResetCmd) for RCC_BackupResetCmd
    stm32f10x_can.o(i.CAN_DeInit) refers to stm32f10x_rcc.o(i.RCC_APB1PeriphResetCmd) for RCC_APB1PeriphResetCmd
    stm32f10x_can.o(i.CAN_GetITStatus) refers to stm32f10x_can.o(i.CheckITStatus) for CheckITStatus
    stm32f10x_cec.o(i.CEC_DeInit) refers to stm32f10x_rcc.o(i.RCC_APB1PeriphResetCmd) for RCC_APB1PeriphResetCmd
    stm32f10x_dac.o(i.DAC_DeInit) refers to stm32f10x_rcc.o(i.RCC_APB1PeriphResetCmd) for RCC_APB1PeriphResetCmd
    stm32f10x_flash.o(i.FLASH_EnableWriteProtection) refers to stm32f10x_flash.o(i.FLASH_WaitForLastOperation) for FLASH_WaitForLastOperation
    stm32f10x_flash.o(i.FLASH_EraseAllBank1Pages) refers to stm32f10x_flash.o(i.FLASH_WaitForLastBank1Operation) for FLASH_WaitForLastBank1Operation
    stm32f10x_flash.o(i.FLASH_EraseAllPages) refers to stm32f10x_flash.o(i.FLASH_WaitForLastOperation) for FLASH_WaitForLastOperation
    stm32f10x_flash.o(i.FLASH_EraseOptionBytes) refers to stm32f10x_flash.o(i.FLASH_GetReadOutProtectionStatus) for FLASH_GetReadOutProtectionStatus
    stm32f10x_flash.o(i.FLASH_EraseOptionBytes) refers to stm32f10x_flash.o(i.FLASH_WaitForLastOperation) for FLASH_WaitForLastOperation
    stm32f10x_flash.o(i.FLASH_ErasePage) refers to stm32f10x_flash.o(i.FLASH_WaitForLastOperation) for FLASH_WaitForLastOperation
    stm32f10x_flash.o(i.FLASH_ProgramHalfWord) refers to stm32f10x_flash.o(i.FLASH_WaitForLastOperation) for FLASH_WaitForLastOperation
    stm32f10x_flash.o(i.FLASH_ProgramOptionByteData) refers to stm32f10x_flash.o(i.FLASH_WaitForLastOperation) for FLASH_WaitForLastOperation
    stm32f10x_flash.o(i.FLASH_ProgramWord) refers to stm32f10x_flash.o(i.FLASH_WaitForLastOperation) for FLASH_WaitForLastOperation
    stm32f10x_flash.o(i.FLASH_ReadOutProtection) refers to stm32f10x_flash.o(i.FLASH_WaitForLastOperation) for FLASH_WaitForLastOperation
    stm32f10x_flash.o(i.FLASH_UserOptionByteConfig) refers to stm32f10x_flash.o(i.FLASH_WaitForLastOperation) for FLASH_WaitForLastOperation
    stm32f10x_flash.o(i.FLASH_WaitForLastBank1Operation) refers to stm32f10x_flash.o(i.FLASH_GetBank1Status) for FLASH_GetBank1Status
    stm32f10x_flash.o(i.FLASH_WaitForLastOperation) refers to stm32f10x_flash.o(i.FLASH_GetBank1Status) for FLASH_GetBank1Status
    stm32f10x_gpio.o(i.GPIO_AFIODeInit) refers to stm32f10x_rcc.o(i.RCC_APB2PeriphResetCmd) for RCC_APB2PeriphResetCmd
    stm32f10x_gpio.o(i.GPIO_DeInit) refers to stm32f10x_rcc.o(i.RCC_APB2PeriphResetCmd) for RCC_APB2PeriphResetCmd
    stm32f10x_i2c.o(i.I2C_DeInit) refers to stm32f10x_rcc.o(i.RCC_APB1PeriphResetCmd) for RCC_APB1PeriphResetCmd
    stm32f10x_i2c.o(i.I2C_Init) refers to stm32f10x_rcc.o(i.RCC_GetClocksFreq) for RCC_GetClocksFreq
    stm32f10x_pwr.o(i.PWR_DeInit) refers to stm32f10x_rcc.o(i.RCC_APB1PeriphResetCmd) for RCC_APB1PeriphResetCmd
[...]
    Library\stm32f10x_usart.c                0x00000000   Number         0  stm32f10x_usart.o ABSOLUTE
    Library\stm32f10x_wwdg.c                 0x00000000   Number         0  stm32f10x_wwdg.o ABSOLUTE
    Start\\core_cm3.c                        0x00000000   Number         0  core_cm3.o ABSOLUTE
    Start\core_cm3.c                         0x00000000   Number         0  core_cm3.o ABSOLUTE
    Start\startup_stm32f10x_md.s             0x00000000   Number         0  startup_stm32f10x_md.o ABSOLUTE
    Start\system_stm32f10x.c                 0x00000000   Number         0  system_stm32f10x.o ABSOLUTE
    System\Delay.c                           0x00000000   Number         0  delay.o ABSOLUTE
    System\Initialization.c                  0x00000000   Number         0  initialization.o ABSOLUTE
    System\Task.c                            0x00000000   Number         0  task.o ABSOLUTE
    System\sys.c                             0x00000000   Number         0  sys.o ABSOLUTE
    User\main.c                              0x00000000   Number         0  main.o ABSOLUTE
    User\menu.c                              0x00000000   Number         0  menu.o ABSOLUTE
    User\stm32f10x_it.c                      0x00000000   Number         0  stm32f10x_it.o ABSOLUTE
    cdcmple.s                                0x00000000   Number         0  cdcmple.o ABSOLUTE
    cdrcmple.s                               0x00000000   Number         0  cdrcmple.o ABSOLUTE
    cfcmple.s                                0x00000000   Number         0  cfcmple.o ABSOLUTE
    dc.s                                     0x00000000   Number         0  dc.o ABSOLUTE
    handlers.s                               0x00000000   Number         0  handlers.o ABSOLUTE
    init.s                                   0x00000000   Number         0  init.o ABSOLUTE
    RESET                                    0x08000000   Section      236  startup_stm32f10x_md.o(RESET)
    .ARM.Collect$$$$00000000                 0x080000ec   Section        0  entry.o(.ARM.Collect$$$$00000000)
    .ARM.Collect$$$$00000001                 0x080000ec   Section        4  entry2.o(.ARM.Collect$$$$00000001)
    .ARM.Collect$$$$00000004                 0x080000f0   Section        4  entry5.o(.ARM.Collect$$$$00000004)
    .ARM.Collect$$$$00000008                 0x080000f4   Section        0  entry7b.o(.ARM.Collect$$$$00000008)
    .ARM.Collect$$$$0000000A                 0x080000f4   Section        0  entry8b.o(.ARM.Collect$$$$0000000A)
    .ARM.Collect$$$$0000000B                 0x080000f4   Section        8  entry9a.o(.ARM.Collect$$$$0000000B)
    .ARM.Collect$$$$0000000D                 0x080000fc   Section        0  entry10a.o(.ARM.Collect$$$$0000000D)
    .ARM.Collect$$$$0000000F                 0x080000fc   Section        0  entry11a.o(.ARM.Collect$$$$0000000F)
    .ARM.Collect$$$$00002712                 0x080000fc   Section        4  entry2.o(.ARM.Collect$$$$00002712)
    __lit__00000000                          0x080000fc   Data           4  entry2.o(.ARM.Collect$$$$00002712)
    .text                                    0x08000100   Section       36  startup_stm32f10x_md.o(.text)
    .text                                    0x08000124   Section        0  mktime.o(.text)
    .text                                    0x080001cc   Section        0  memcpya.o(.text)
    .text                                    0x080001f0   Section        0  memseta.o(.text)
    .text                                    0x08000214   Section        0  strstr.o(.text)
    .text                                    0x08000238   Section        0  strncpy.o(.text)
    .text                                    0x08000250   Section        0  strlen.o(.text)
    .text                                    0x0800025e   Section        0  strcmp.o(.text)
    .text                                    0x0800027a   Section        0  strcpy.o(.text)
    .text                                    0x0800028c   Section        0  strpbrk.o(.text)
    .text                                    0x080002ac   Section        0  __0sscanf.o(.text)
    .text                                    0x080002e4   Section        0  _scanf_str.o(.text)
    .text                                    0x080003c4   Section        0  atoi.o(.text)
    .text                                    0x080003de   Section        0  fdiv.o(.text)
    .text                                    0x0800045a   Section        0  dadd.o(.text)
    .text                                    0x080005a8   Section        0  dmul.o(.text)
    .text                                    0x0800068c   Section        0  ddiv.o(.text)
    .text                                    0x0800076a   Section        0  ffltui.o(.text)
    .text                                    0x08000774   Section        0  ffixui.o(.text)
    .text                                    0x0800079c   Section        0  f2d.o(.text)
    .text                                    0x080007c4   Section       48  cdrcmple.o(.text)
    .text                                    0x080007f4   Section        0  d2f.o(.text)
    .text                                    0x0800082c   Section        0  uidiv.o(.text)
    .text                                    0x08000858   Section        0  uldiv.o(.text)
    .text                                    0x080008ba   Section        0  llshl.o(.text)
    .text                                    0x080008d8   Section        0  llushr.o(.text)
    .text                                    0x080008f8   Section        0  llsshr.o(.text)
    .text                                    0x0800091c   Section        0  localtime_w.o(.text)
    .text                                    0x08000928   Section        0  localtime_i.o(.text)
    .text                                    0x080009b4   Section        0  scanf_char.o(.text)
    _scanf_char_input                        0x080009b5   Thumb Code    12  scanf_char.o(.text)
    .text                                    0x080009dc   Section        0  _sgetc.o(.text)
    .text                                    0x08000a1c   Section        0  strtod.o(.text)
    _local_sscanf                            0x08000a1d   Thumb Code    54  strtod.o(.text)
    .text                                    0x08000ab8   Section        0  strtol.o(.text)
    .text                                    0x08000b28   Section        0  iusefp.o(.text)
    .text                                    0x08000b28   Section        0  fepilogue.o(.text)
    .text                                    0x08000b96   Section        0  depilogue.o(.text)
    .text                                    0x08000c50   Section        0  dfixul.o(.text)
    .text                                    0x08000c80   Section       36  init.o(.text)
    .text                                    0x08000ca4   Section        0  ctype_o.o(.text)
    .text                                    0x08000cac   Section        0  isspace_o.o(.text)
    .text                                    0x08000cc0   Section        0  _scanf.o(.text)
    .text                                    0x08000fec   Section        0  scanf_fp.o(.text)
    _fp_value                                0x08000fed   Thumb Code   296  scanf_fp.o(.text)
    .text                                    0x0800134c   Section        0  _strtoul.o(.text)
    .text                                    0x080013ea   Section        0  _chval.o(.text)
    .text                                    0x08001406   Section        0  dfltul.o(.text)
    i.Alarm                                  0x0800141e   Section        0  main.o(i.Alarm)
    i.BusFault_Handler                       0x08001420   Section        0  stm32f10x_it.o(i.BusFault_Handler)
    i.Buzzer_Init                            0x08001424   Section        0  buzzer.o(i.Buzzer_Init)
    i.Clear_BuffData                         0x08001458   Section        0  esp8266.o(i.Clear_BuffData)
    i.Connect_To_BaFa_Cloud                  0x08001478   Section        0  main.o(i.Connect_To_BaFa_Cloud)
    i.Connect_tothe_cloud                    0x080016d0   Section        0  esp8266.o(i.Connect_tothe_cloud)
    i.DHT11_Check                            0x08001868   Section        0  dht11.o(i.DHT11_Check)
    i.DHT11_Init                             0x080018c8   Section        0  dht11.o(i.DHT11_Init)
    i.DHT11_Mode                             0x08001908   Section        0  dht11.o(i.DHT11_Mode)
    i.DHT11_Read_Bit                         0x08001940   Section        0  dht11.o(i.DHT11_Read_Bit)
    i.DHT11_Read_Byte                        0x080019a4   Section        0  dht11.o(i.DHT11_Read_Byte)
    i.DHT11_Read_Data                        0x080019c2   Section        0  dht11.o(i.DHT11_Read_Data)
    i.DHT11_Rst                              0x08001a1c   Section        0  dht11.o(i.DHT11_Rst)
    i.DataAnylize                            0x08001a50   Section        0  esp8266.o(i.DataAnylize)
    i.Data_Init                              0x08001d30   Section        0  initialization.o(i.Data_Init)
    i.DebugMon_Handler                       0x08001d3c   Section        0  stm32f10x_it.o(i.DebugMon_Handler)
    i.Delay_Init                             0x08001d40   Section        0  delay.o(i.Delay_Init)
    i.Delay_ms                               0x08001da0   Section        0  delay.o(i.Delay_ms)
    i.Delay_us                               0x08001dc4   Section        0  delay.o(i.Delay_us)
    i.ESP8266_Config                         0x08001e70   Section        0  esp8266.o(i.ESP8266_Config)
    i.GPIO_Init                              0x08001f70   Section        0  stm32f10x_gpio.o(i.GPIO_Init)
    i.GPIO_PinRemapConfig                    0x08002088   Section        0  stm32f10x_gpio.o(i.GPIO_PinRemapConfig)
    i.GPIO_ReadInputDataBit                  0x08002118   Section        0  stm32f10x_gpio.o(i.GPIO_ReadInputDataBit)
    i.GPIO_ResetBits                         0x0800212a   Section        0  stm32f10x_gpio.o(i.GPIO_ResetBits)
    i.GPIO_SetBits                           0x0800212e   Section        0  stm32f10x_gpio.o(i.GPIO_SetBits)
    i.GPIO_WriteBit                          0x08002132   Section        0  stm32f10x_gpio.o(i.GPIO_WriteBit)
    i.GetData                                0x0800213c   Section        0  main.o(i.GetData)
    i.Get_Key_1                              0x08002140   Section        0  key.o(i.Get_Key_1)
    i.Get_Key_2                              0x0800217c   Section        0  key.o(i.Get_Key_2)
    i.Get_Key_3                              0x080021b4   Section        0  key.o(i.Get_Key_3)
    i.Get_Key_4                              0x080021ec   Section        0  key.o(i.Get_Key_4)
    i.HardFault_Handler                      0x08002224   Section        0  stm32f10x_it.o(i.HardFault_Handler)
    i.IWDGADD                                0x08002228   Section        0  main.o(i.IWDGADD)
    i.IWDG_ReloadCounter                     0x08002244   Section        0  stm32f10x_iwdg.o(i.IWDG_ReloadCounter)
    i.Initialization                         0x08002254   Section        0  initialization.o(i.Initialization)
    i.Key_Init                               0x08002280   Section        0  initialization.o(i.Key_Init)
    i.LED_Config                             0x080022f0   Section        0  initialization.o(i.LED_Config)
    i.LED_OFF                                0x08002320   Section        0  led.o(i.LED_OFF)
    i.Manual_Mode                            0x08002330   Section        0  menu.o(i.Manual_Mode)
    i.MemManage_Handler                      0x08002370   Section        0  stm32f10x_it.o(i.MemManage_Handler)
    i.Menu_key_set                           0x08002374   Section        0  main.o(i.Menu_key_set)
    i.MyRTC_Init                             0x080023dc   Section        0  myrtc.o(i.MyRTC_Init)
    i.MyRTC_ReadTime                         0x0800242c   Section        0  myrtc.o(i.MyRTC_ReadTime)
    i.MyRTC_SetTime                          0x08002474   Section        0  myrtc.o(i.MyRTC_SetTime)
    i.NMI_Handler                            0x080024c0   Section        0  stm32f10x_it.o(i.NMI_Handler)
    i.NVIC_Init                              0x080024c4   Section        0  misc.o(i.NVIC_Init)
    i.NVIC_PriorityGroupConfig               0x08002534   Section        0  misc.o(i.NVIC_PriorityGroupConfig)
    i.OLED_ClearArea                         0x08002548   Section        0  oled.o(i.OLED_ClearArea)
    i.OLED_DrawLine                          0x080025f0   Section        0  oled.o(i.OLED_DrawLine)
    i.OLED_DrawPoint                         0x08002768   Section        0  oled.o(i.OLED_DrawPoint)
    i.OLED_GPIO_Init                         0x080027b8   Section        0  oled.o(i.OLED_GPIO_Init)
    i.OLED_I2C_SendByte                      0x08002818   Section        0  oled.o(i.OLED_I2C_SendByte)
    i.OLED_I2C_Start                         0x08002856   Section        0  oled.o(i.OLED_I2C_Start)
    i.OLED_I2C_Stop                          0x08002872   Section        0  oled.o(i.OLED_I2C_Stop)
    i.OLED_Init                              0x08002888   Section        0  oled.o(i.OLED_Init)
    i.OLED_Pow                               0x0800291a   Section        0  oled.o(i.OLED_Pow)
    i.OLED_SetCursor                         0x0800292e   Section        0  oled.o(i.OLED_SetCursor)
    i.OLED_ShowChar                          0x08002950   Section        0  oled.o(i.OLED_ShowChar)
    i.OLED_ShowImage                         0x080029a4   Section        0  oled.o(i.OLED_ShowImage)
    i.OLED_ShowNum                           0x08002ad0   Section        0  oled.o(i.OLED_ShowNum)
    i.OLED_ShowString                        0x08002b1c   Section        0  oled.o(i.OLED_ShowString)
    i.OLED_Update                            0x08002b4c   Section        0  oled.o(i.OLED_Update)
    i.OLED_W_SCL                             0x08002b74   Section        0  oled.o(i.OLED_W_SCL)
    i.OLED_W_SDA                             0x08002b8c   Section        0  oled.o(i.OLED_W_SDA)
    i.OLED_WriteCommand                      0x08002ba4   Section        0  oled.o(i.OLED_WriteCommand)
    i.OLED_WriteData                         0x08002bc4   Section        0  oled.o(i.OLED_WriteData)
    i.PWR_BackupAccessCmd                    0x08002bf4   Section        0  stm32f10x_pwr.o(i.PWR_BackupAccessCmd)
    i.PendSV_Handler                         0x08002c00   Section        0  stm32f10x_it.o(i.PendSV_Handler)
    i.RCC_APB1PeriphClockCmd                 0x08002c04   Section        0  stm32f10x_rcc.o(i.RCC_APB1PeriphClockCmd)
    i.RCC_APB2PeriphClockCmd                 0x08002c24   Section        0  stm32f10x_rcc.o(i.RCC_APB2PeriphClockCmd)
    i.RCC_GetClocksFreq                      0x08002c44   Section        0  stm32f10x_rcc.o(i.RCC_GetClocksFreq)
    i.RCC_GetFlagStatus                      0x08002d18   Section        0  stm32f10x_rcc.o(i.RCC_GetFlagStatus)
    i.RCC_LSICmd                             0x08002d54   Section        0  stm32f10x_rcc.o(i.RCC_LSICmd)
    i.RCC_RTCCLKCmd                          0x08002d60   Section        0  stm32f10x_rcc.o(i.RCC_RTCCLKCmd)
    i.RCC_RTCCLKConfig                       0x08002d6c   Section        0  stm32f10x_rcc.o(i.RCC_RTCCLKConfig)
    i.RTC_EnterConfigMode                    0x08002d7c   Section        0  stm32f10x_rtc.o(i.RTC_EnterConfigMode)
    i.RTC_ExitConfigMode                     0x08002d90   Section        0  stm32f10x_rtc.o(i.RTC_ExitConfigMode)
    i.RTC_GetCounter                         0x08002da4   Section        0  stm32f10x_rtc.o(i.RTC_GetCounter)
    i.RTC_SetCounter                         0x08002db8   Section        0  stm32f10x_rtc.o(i.RTC_SetCounter)
    i.RTC_SetPrescaler                       0x08002dd4   Section        0  stm32f10x_rtc.o(i.RTC_SetPrescaler)
    i.RTC_WaitForLastTask                    0x08002df4   Section        0  stm32f10x_rtc.o(i.RTC_WaitForLastTask)
    i.RTC_WaitForSynchro                     0x08002e08   Section        0  stm32f10x_rtc.o(i.RTC_WaitForSynchro)
    i.SVC_Handler                            0x08002e2c   Section        0  stm32f10x_it.o(i.SVC_Handler)
    i.Serial_Init                            0x08002e30   Section        0  serial.o(i.Serial_Init)
    i.Serial_Pow                             0x08002ee8   Section        0  serial.o(i.Serial_Pow)
    i.Serial_SendByte                        0x08002efc   Section        0  serial.o(i.Serial_SendByte)
    i.Serial_SendNumber                      0x08002f1c   Section        0  serial.o(i.Serial_SendNumber)
    i.Serial_SendString                      0x08002f56   Section        0  serial.o(i.Serial_SendString)
    i.SetSysClock                            0x08002f70   Section        0  system_stm32f10x.o(i.SetSysClock)
    SetSysClock                              0x08002f71   Thumb Code     8  system_stm32f10x.o(i.SetSysClock)
    i.SetSysClockTo72                        0x08002f78   Section        0  system_stm32f10x.o(i.SetSysClockTo72)
    SetSysClockTo72                          0x08002f79   Thumb Code   214  system_stm32f10x.o(i.SetSysClockTo72)
    i.SimpleDrawTempCurve                    0x08003058   Section        0  main.o(i.SimpleDrawTempCurve)
    i.SysTick_Handler                        0x08003108   Section        0  delay.o(i.SysTick_Handler)
    i.SystemInit                             0x08003110   Section        0  system_stm32f10x.o(i.SystemInit)
    i.Task_Add                               0x08003170   Section        0  task.o(i.Task_Add)
    i.Task_Init                              0x080031e8   Section        0  task.o(i.Task_Init)
    i.Task_Initialization                    0x08003214   Section        0  main.o(i.Task_Initialization)
    i.Task_RunScheduler                      0x0800329c   Section        0  task.o(i.Task_RunScheduler)
    i.Task_UpdateTick                        0x0800337c   Section        0  task.o(i.Task_UpdateTick)
    i.Test_ESP8266                           0x0800342c   Section        0  main.o(i.Test_ESP8266)
    i.USART1_IRQHandler                      0x08003d00   Section        0  serial.o(i.USART1_IRQHandler)
    i.USART2_IRQHandler                      0x08003da0   Section        0  esp8266.o(i.USART2_IRQHandler)
    i.USART2_SendByte                        0x08003e20   Section        0  esp8266.o(i.USART2_SendByte)
    i.USART_ClearITPendingBit                0x08003e40   Section        0  stm32f10x_usart.o(i.USART_ClearITPendingBit)
    i.USART_Cmd                              0x08003e5e   Section        0  stm32f10x_usart.o(i.USART_Cmd)
    i.USART_GetFlagStatus                    0x08003e76   Section        0  stm32f10x_usart.o(i.USART_GetFlagStatus)
    i.USART_GetITStatus                      0x08003e90   Section        0  stm32f10x_usart.o(i.USART_GetITStatus)
    i.USART_ITConfig                         0x08003ee4   Section        0  stm32f10x_usart.o(i.USART_ITConfig)
    i.USART_Init                             0x08003f30   Section        0  stm32f10x_usart.o(i.USART_Init)
    i.USART_ReceiveData                      0x08004008   Section        0  stm32f10x_usart.o(i.USART_ReceiveData)
    i.USART_SendData                         0x08004012   Section        0  stm32f10x_usart.o(i.USART_SendData)
    i.UsageFault_Handler                     0x0800401a   Section        0  stm32f10x_it.o(i.UsageFault_Handler)
    i.WIFI_FORGET_WIFI                       0x08004020   Section        0  esp8266.o(i.WIFI_FORGET_WIFI)
    i.WifiSendStr                            0x0800406c   Section        0  esp8266.o(i.WifiSendStr)
    i.__0snprintf                            0x08004084   Section        0  printfa.o(i.__0snprintf)
    i.__0sprintf                             0x080040b4   Section        0  printfa.o(i.__0sprintf)
    i.__aeabi_errno_addr                     0x080040dc   Section        0  errno.o(i.__aeabi_errno_addr)
    i.__read_errno                           0x080040e4   Section        0  errno.o(i.__read_errno)
    i.__scatterload_copy                     0x080040f0   Section       14  handlers.o(i.__scatterload_copy)
    i.__scatterload_null                     0x080040fe   Section        2  handlers.o(i.__scatterload_null)
    i.__scatterload_zeroinit                 0x08004100   Section       14  handlers.o(i.__scatterload_zeroinit)
    i.__set_errno                            0x08004110   Section        0  errno.o(i.__set_errno)
    i._fp_digits                             0x0800411c   Section        0  printfa.o(i._fp_digits)
    _fp_digits                               0x0800411d   Thumb Code   366  printfa.o(i._fp_digits)
    i._is_digit                              0x080042a0   Section        0  scanf_fp.o(i._is_digit)
    i._printf_core                           0x080042b0   Section        0  printfa.o(i._printf_core)
    _printf_core                             0x080042b1   Thumb Code  1744  printfa.o(i._printf_core)
    i._printf_post_padding                   0x0800498c   Section        0  printfa.o(i._printf_post_padding)
    _printf_post_padding                     0x0800498d   Thumb Code    36  printfa.o(i._printf_post_padding)
    i._printf_pre_padding                    0x080049b0   Section        0  printfa.o(i._printf_pre_padding)
    _printf_pre_padding                      0x080049b1   Thumb Code    46  printfa.o(i._printf_pre_padding)
    i._snputc                                0x080049de   Section        0  printfa.o(i._snputc)
    _snputc                                  0x080049df   Thumb Code    22  printfa.o(i._snputc)
    i._sputc                                 0x080049f4   Section        0  printfa.o(i._sputc)
    _sputc                                   0x080049f5   Thumb Code    10  printfa.o(i._sputc)
    i.atof                                   0x080049fe   Section        0  atof.o(i.atof)
    i.charToDigit                            0x08004a28   Section        0  esp8266.o(i.charToDigit)
    i.main                                   0x08004a40   Section        0  main.o(i.main)
    i.parse2Digit                            0x08004e7c   Section        0  esp8266.o(i.parse2Digit)
    i.parse4Digit                            0x08004e9a   Section        0  esp8266.o(i.parse4Digit)
    i.relay_Init                             0x08004ed8   Section        0  relay.o(i.relay_Init)
    i.relay_OFF                              0x08004f0c   Section        0  relay.o(i.relay_OFF)
    i.relay_ON                               0x08004f1c   Section        0  relay.o(i.relay_ON)
    i.upload_data                            0x08004f2c   Section        0  main.o(i.upload_data)
    .constdata                               0x08005134   Section     3754  oled_data.o(.constdata)
    .constdata                               0x08005fde   Section       12  mktime.o(.constdata)
    monlen                                   0x08005fde   Data          12  mktime.o(.constdata)
    .constdata                               0x08005fea   Section       12  localtime_i.o(.constdata)
    monlen                                   0x08005fea   Data          12  localtime_i.o(.constdata)
    .constdata                               0x08005ff6   Section      129  ctype_o.o(.constdata)
    .constdata                               0x08006078   Section        4  ctype_o.o(.constdata)
    table                                    0x08006078   Data           4  ctype_o.o(.constdata)
    .conststring                             0x0800607c   Section      146  main.o(.conststring)
    .conststring                             0x08006110   Section        4  esp8266.o(.conststring)
    .data                                    0x20000000   Section       20  stm32f10x_rcc.o(.data)
    APBAHBPrescTable                         0x20000000   Data          16  stm32f10x_rcc.o(.data)
    ADCPrescTable                            0x20000010   Data           4  stm32f10x_rcc.o(.data)
    .data                                    0x20000014   Section      149  main.o(.data)
    temp_pos                                 0x2000009a   Data           1  main.o(.data)
    last_status_time                         0x2000009c   Data           4  main.o(.data)
    last_connect_time                        0x200000a0   Data           4  main.o(.data)
    last_temp_read                           0x200000a4   Data           4  main.o(.data)
    key3_count                               0x200000a8   Data           1  main.o(.data)
    .data                                    0x200000ac   Section       24  menu.o(.data)
    .data                                    0x200000c4   Section       24  esp8266.o(.data)
    .data                                    0x200000dc   Section       12  myrtc.o(.data)
    .data                                    0x200000e8   Section        3  serial.o(.data)
    RxState                                  0x200000e9   Data           1  serial.o(.data)
    pRxPacket                                0x200000ea   Data           1  serial.o(.data)
    .data                                    0x200000ec   Section        8  task.o(.data)
    task_ready_bitmap                        0x200000f0   Data           2  task.o(.data)
    task_active_bitmap                       0x200000f2   Data           2  task.o(.data)
    .data                                    0x200000f4   Section        4  errno.o(.data)
    _errno                                   0x200000f4   Data           4  errno.o(.data)
    .bss                                     0x200000f8   Section      812  main.o(.bss)
    last_temps                               0x20000324   Data         256  main.o(.bss)
    .bss                                     0x20000424   Section     1200  esp8266.o(.bss)
    .bss                                     0x200008d4   Section     1024  oled.o(.bss)
    .bss                                     0x20000cd4   Section      100  serial.o(.bss)
    .bss                                     0x20000d38   Section      280  task.o(.bss)
    .bss                                     0x20000e50   Section       44  localtime_w.o(.bss)
    _tms                                     0x20000e50   Data          44  localtime_w.o(.bss)
    STACK                                    0x20000e80   Section     1024  startup_stm32f10x_md.o(STACK)

    Global Symbols

    Symbol Name                              Value     Ov Type        Size  Object(Section)

    BuildAttributes$$THM_ISAv4$P$D$K$B$S$PE$A:L22UL41UL21$X:L11$S22US41US21$IEEE1$IW$USESV6$~STKCKD$USESV7$~SHL$OTIME$ROPI$IEEEX$EBA8$MICROLIB$REQ8$PRES8$EABIv2 0x00000000   Number         0  anon$$obj.o ABSOLUTE
    __ARM_use_no_argv                        0x00000000   Number         0  main.o ABSOLUTE
    _printf_a                                0x00000000   Number         0  stubs.o ABSOLUTE
    _printf_c                                0x00000000   Number         0  stubs.o ABSOLUTE
    _printf_charcount                        0x00000000   Number         0  stubs.o ABSOLUTE
    _printf_d                                0x00000000   Number         0  stubs.o ABSOLUTE
    _printf_e                                0x00000000   Number         0  stubs.o ABSOLUTE
    _printf_f                                0x00000000   Number         0  stubs.o ABSOLUTE
    _printf_flags                            0x00000000   Number         0  stubs.o ABSOLUTE
    _printf_fp_dec                           0x00000000   Number         0  stubs.o ABSOLUTE
    _printf_fp_hex                           0x00000000   Number         0  stubs.o ABSOLUTE
    _printf_g                                0x00000000   Number         0  stubs.o ABSOLUTE
    _printf_i                                0x00000000   Number         0  stubs.o ABSOLUTE
    _printf_int_dec                          0x00000000   Number         0  stubs.o ABSOLUTE
    _printf_l                                0x00000000   Number         0  stubs.o ABSOLUTE
    _printf_lc                               0x00000000   Number         0  stubs.o ABSOLUTE
    _printf_ll                               0x00000000   Number         0  stubs.o ABSOLUTE
    _printf_lld                              0x00000000   Number         0  stubs.o ABSOLUTE
    _printf_lli                              0x00000000   Number         0  stubs.o ABSOLUTE
    _printf_llo                              0x00000000   Number         0  stubs.o ABSOLUTE
    _printf_llu                              0x00000000   Number         0  stubs.o ABSOLUTE
    _printf_llx                              0x00000000   Number         0  stubs.o ABSOLUTE
    _printf_longlong_dec                     0x00000000   Number         0  stubs.o ABSOLUTE
    _printf_longlong_hex                     0x00000000   Number         0  stubs.o ABSOLUTE
    _printf_longlong_oct                     0x00000000   Number         0  stubs.o ABSOLUTE
    _printf_ls                               0x00000000   Number         0  stubs.o ABSOLUTE
    _printf_mbtowc                           0x00000000   Number         0  stubs.o ABSOLUTE
    _printf_n                                0x00000000   Number         0  stubs.o ABSOLUTE
    _printf_o                                0x00000000   Number         0  stubs.o ABSOLUTE
    _printf_p                                0x00000000   Number         0  stubs.o ABSOLUTE
    _printf_percent                          0x00000000   Number         0  stubs.o ABSOLUTE
    _printf_pre_padding                      0x00000000   Number         0  stubs.o ABSOLUTE
    _printf_return_value                     0x00000000   Number         0  stubs.o ABSOLUTE
    _printf_s                                0x00000000   Number         0  stubs.o ABSOLUTE
    _printf_sizespec                         0x00000000   Number         0  stubs.o ABSOLUTE
    _printf_str                              0x00000000   Number         0  stubs.o ABSOLUTE
    _printf_truncate_signed                  0x00000000   Number         0  stubs.o ABSOLUTE
    _printf_truncate_unsigned                0x00000000   Number         0  stubs.o ABSOLUTE
    _printf_u                                0x00000000   Number         0  stubs.o ABSOLUTE
    _printf_wc                               0x00000000   Number         0  stubs.o ABSOLUTE
    _printf_wctomb                           0x00000000   Number         0  stubs.o ABSOLUTE
    _printf_widthprec                        0x00000000   Number         0  stubs.o ABSOLUTE
    _printf_x                                0x00000000   Number         0  stubs.o ABSOLUTE
    __cpp_initialize__aeabi_                  - Undefined Weak Reference
    __cxa_finalize                            - Undefined Weak Reference
    __decompress                              - Undefined Weak Reference
    _clock_init                               - Undefined Weak Reference
    _microlib_exit                            - Undefined Weak Reference
    _scanf_int                                - Undefined Weak Reference
    _scanf_longlong                           - Undefined Weak Reference
    __Vectors_Size                           0x000000ec   Number         0  startup_stm32f10x_md.o ABSOLUTE
    __Vectors                                0x08000000   Data           4  startup_stm32f10x_md.o(RESET)
    __Vectors_End                            0x080000ec   Data           0  startup_stm32f10x_md.o(RESET)
    __main                                   0x080000ed   Thumb Code     0  entry.o(.ARM.Collect$$$$00000000)
    _main_stk                                0x080000ed   Thumb Code     0  entry2.o(.ARM.Collect$$$$00000001)
    _main_scatterload                        0x080000f1   Thumb Code     0  entry5.o(.ARM.Collect$$$$00000004)
    __main_after_scatterload                 0x080000f5   Thumb Code     0  entry5.o(.ARM.Collect$$$$00000004)
    _main_clock                              0x080000f5   Thumb Code     0  entry7b.o(.ARM.Collect$$$$00000008)
    _main_cpp_init                           0x080000f5   Thumb Code     0  entry8b.o(.ARM.Collect$$$$0000000A)
    _main_init                               0x080000f5   Thumb Code     0  entry9a.o(.ARM.Collect$$$$0000000B)
    __rt_final_cpp                           0x080000fd   Thumb Code     0  entry10a.o(.ARM.Collect$$$$0000000D)
    __rt_final_exit                          0x080000fd   Thumb Code     0  entry11a.o(.ARM.Collect$$$$0000000F)
    Reset_Handler                            0x08000101   Thumb Code     8  startup_stm32f10x_md.o(.text)
    ADC1_2_IRQHandler                        0x0800011b   Thumb Code     0  startup_stm32f10x_md.o(.text)
    CAN1_RX1_IRQHandler                      0x0800011b   Thumb Code     0  startup_stm32f10x_md.o(.text)
    CAN1_SCE_IRQHandler                      0x0800011b   Thumb Code     0  startup_stm32f10x_md.o(.text)
    DMA1_Channel1_IRQHandler                 0x0800011b   Thumb Code     0  startup_stm32f10x_md.o(.text)
    DMA1_Channel2_IRQHandler                 0x0800011b   Thumb Code     0  startup_stm32f10x_md.o(.text)
    DMA1_Channel3_IRQHandler                 0x0800011b   Thumb Code     0  startup_stm32f10x_md.o(.text)
    DMA1_Channel4_IRQHandler                 0x0800011b   Thumb Code     0  startup_stm32f10x_md.o(.text)
    DMA1_Channel5_IRQHandler                 0x0800011b   Thumb Code     0  startup_stm32f10x_md.o(.text)
    DMA1_Channel6_IRQHandler                 0x0800011b   Thumb Code     0  startup_stm32f10x_md.o(.text)
    DMA1_Channel7_IRQHandler                 0x0800011b   Thumb Code     0  startup_stm32f10x_md.o(.text)
    EXTI0_IRQHandler                         0x0800011b   Thumb Code     0  startup_stm32f10x_md.o(.text)
    EXTI15_10_IRQHandler                     0x0800011b   Thumb Code     0  startup_stm32f10x_md.o(.text)
    EXTI1_IRQHandler                         0x0800011b   Thumb Code     0  startup_stm32f10x_md.o(.text)
    EXTI2_IRQHandler                         0x0800011b   Thumb Code     0  startup_stm32f10x_md.o(.text)
    EXTI3_IRQHandler                         0x0800011b   Thumb Code     0  startup_stm32f10x_md.o(.text)
    EXTI4_IRQHandler                         0x0800011b   Thumb Code     0  startup_stm32f10x_md.o(.text)
    EXTI9_5_IRQHandler                       0x0800011b   Thumb Code     0  startup_stm32f10x_md.o(.text)
    FLASH_IRQHandler                         0x0800011b   Thumb Code     0  startup_stm32f10x_md.o(.text)
    I2C1_ER_IRQHandler                       0x0800011b   Thumb Code     0  startup_stm32f10x_md.o(.text)
    I2C1_EV_IRQHandler                       0x0800011b   Thumb Code     0  startup_stm32f10x_md.o(.text)
    I2C2_ER_IRQHandler                       0x0800011b   Thumb Code     0  startup_stm32f10x_md.o(.text)
    I2C2_EV_IRQHandler                       0x0800011b   Thumb Code     0  startup_stm32f10x_md.o(.text)
    PVD_IRQHandler                           0x0800011b   Thumb Code     0  startup_stm32f10x_md.o(.text)
    RCC_IRQHandler                           0x0800011b   Thumb Code     0  startup_stm32f10x_md.o(.text)
    RTCAlarm_IRQHandler                      0x0800011b   Thumb Code     0  startup_stm32f10x_md.o(.text)
    RTC_IRQHandler                           0x0800011b   Thumb Code     0  startup_stm32f10x_md.o(.text)
    SPI1_IRQHandler                          0x0800011b   Thumb Code     0  startup_stm32f10x_md.o(.text)
    SPI2_IRQHandler                          0x0800011b   Thumb Code     0  startup_stm32f10x_md.o(.text)
    TAMPER_IRQHandler                        0x0800011b   Thumb Code     0  startup_stm32f10x_md.o(.text)
    TIM1_BRK_IRQHandler                      0x0800011b   Thumb Code     0  startup_stm32f10x_md.o(.text)
    TIM1_CC_IRQHandler                       0x0800011b   Thumb Code     0  startup_stm32f10x_md.o(.text)
    TIM1_TRG_COM_IRQHandler                  0x0800011b   Thumb Code     0  startup_stm32f10x_md.o(.text)
    TIM1_UP_IRQHandler                       0x0800011b   Thumb Code     0  startup_stm32f10x_md.o(.text)
    TIM2_IRQHandler                          0x0800011b   Thumb Code     0  startup_stm32f10x_md.o(.text)
    TIM3_IRQHandler                          0x0800011b   Thumb Code     0  startup_stm32f10x_md.o(.text)
    TIM4_IRQHandler                          0x0800011b   Thumb Code     0  startup_stm32f10x_md.o(.text)
    USART3_IRQHandler                        0x0800011b   Thumb Code     0  startup_stm32f10x_md.o(.text)
    USBWakeUp_IRQHandler                     0x0800011b   Thumb Code     0  startup_stm32f10x_md.o(.text)
    USB_HP_CAN1_TX_IRQHandler                0x0800011b   Thumb Code     0  startup_stm32f10x_md.o(.text)
    USB_LP_CAN1_RX0_IRQHandler               0x0800011b   Thumb Code     0  startup_stm32f10x_md.o(.text)
    WWDG_IRQHandler                          0x0800011b   Thumb Code     0  startup_stm32f10x_md.o(.text)
    mktime                                   0x08000125   Thumb Code   150  mktime.o(.text)
    __aeabi_memcpy                           0x080001cd   Thumb Code    36  memcpya.o(.text)
    __aeabi_memcpy4                          0x080001cd   Thumb Code     0  memcpya.o(.text)
    __aeabi_memcpy8                          0x080001cd   Thumb Code     0  memcpya.o(.text)
    __aeabi_memset                           0x080001f1   Thumb Code    14  memseta.o(.text)
    __aeabi_memset4                          0x080001f1   Thumb Code     0  memseta.o(.text)
    __aeabi_memset8                          0x080001f1   Thumb Code     0  memseta.o(.text)
    __aeabi_memclr                           0x080001ff   Thumb Code     4  memseta.o(.text)
    __aeabi_memclr4                          0x080001ff   Thumb Code     0  memseta.o(.text)
    __aeabi_memclr8                          0x080001ff   Thumb Code     0  memseta.o(.text)
    _memset$wrapper                          0x08000203   Thumb Code    18  memseta.o(.text)
    strstr                                   0x08000215   Thumb Code    36  strstr.o(.text)
    strncpy                                  0x08000239   Thumb Code    24  strncpy.o(.text)
    strlen                                   0x08000251   Thumb Code    14  strlen.o(.text)
    strcmp                                   0x0800025f   Thumb Code    28  strcmp.o(.text)
    strcpy                                   0x0800027b   Thumb Code    18  strcpy.o(.text)
    strpbrk                                  0x0800028d   Thumb Code    32  strpbrk.o(.text)
    __0sscanf                                0x080002ad   Thumb Code    48  __0sscanf.o(.text)
    _scanf_string                            0x080002e5   Thumb Code   224  _scanf_str.o(.text)
    atoi                                     0x080003c5   Thumb Code    26  atoi.o(.text)
    __aeabi_fdiv                             0x080003df   Thumb Code   124  fdiv.o(.text)
    __aeabi_dadd                             0x0800045b   Thumb Code   322  dadd.o(.text)
    __aeabi_dsub                             0x0800059d   Thumb Code     6  dadd.o(.text)
    __aeabi_drsub                            0x080005a3   Thumb Code     6  dadd.o(.text)
    __aeabi_dmul                             0x080005a9   Thumb Code   228  dmul.o(.text)
    __aeabi_ddiv                             0x0800068d   Thumb Code   222  ddiv.o(.text)
    __aeabi_ui2f                             0x0800076b   Thumb Code    10  ffltui.o(.text)
    __aeabi_f2uiz                            0x08000775   Thumb Code    40  ffixui.o(.text)
    __aeabi_f2d                              0x0800079d   Thumb Code    38  f2d.o(.text)
    __aeabi_cdrcmple                         0x080007c5   Thumb Code    48  cdrcmple.o(.text)
    __aeabi_d2f                              0x080007f5   Thumb Code    56  d2f.o(.text)
    __aeabi_uidiv                            0x0800082d   Thumb Code     0  uidiv.o(.text)
    __aeabi_uidivmod                         0x0800082d   Thumb Code    44  uidiv.o(.text)
    __aeabi_uldivmod                         0x08000859   Thumb Code    98  uldiv.o(.text)
    __aeabi_llsl                             0x080008bb   Thumb Code    30  llshl.o(.text)
    _ll_shift_l                              0x080008bb   Thumb Code     0  llshl.o(.text)
    __aeabi_llsr                             0x080008d9   Thumb Code    32  llushr.o(.text)
    _ll_ushift_r                             0x080008d9   Thumb Code     0  llushr.o(.text)
    __aeabi_lasr                             0x080008f9   Thumb Code    36  llsshr.o(.text)
    _ll_sshift_r                             0x080008f9   Thumb Code     0  llsshr.o(.text)
    localtime                                0x0800091d   Thumb Code     6  localtime_w.o(.text)
    _localtime                               0x08000929   Thumb Code   134  localtime_i.o(.text)
    __vfscanf_char                           0x080009c1   Thumb Code    20  scanf_char.o(.text)
    _sgetc                                   0x080009dd   Thumb Code    30  _sgetc.o(.text)
    _sbackspace                              0x080009fb   Thumb Code    34  _sgetc.o(.text)
    __strtod_int                             0x08000a53   Thumb Code    90  strtod.o(.text)
    strtol                                   0x08000ab9   Thumb Code   112  strtol.o(.text)
    __I$use$fp                               0x08000b29   Thumb Code     0  iusefp.o(.text)
    _float_round                             0x08000b29   Thumb Code    18  fepilogue.o(.text)
    _float_epilogue                          0x08000b3b   Thumb Code    92  fepilogue.o(.text)
    _double_round                            0x08000b97   Thumb Code    30  depilogue.o(.text)
    _double_epilogue                         0x08000bb5   Thumb Code   156  depilogue.o(.text)
    __aeabi_d2ulz                            0x08000c51   Thumb Code    48  dfixul.o(.text)
    __scatterload                            0x08000c81   Thumb Code    28  init.o(.text)
    __scatterload_rt2                        0x08000c81   Thumb Code     0  init.o(.text)
    __rt_ctype_table                         0x08000ca5   Thumb Code     4  ctype_o.o(.text)
    isspace                                  0x08000cad   Thumb Code    18  isspace_o.o(.text)
    __vfscanf                                0x08000cc1   Thumb Code   808  _scanf.o(.text)
    _scanf_real                              0x08001115   Thumb Code     0  scanf_fp.o(.text)
    _scanf_really_real                       0x08001115   Thumb Code   556  scanf_fp.o(.text)
    _strtoul                                 0x0800134d   Thumb Code   158  _strtoul.o(.text)
    _chval                                   0x080013eb   Thumb Code    28  _chval.o(.text)
    __aeabi_ul2d                             0x08001407   Thumb Code    24  dfltul.o(.text)
    Alarm                                    0x0800141f   Thumb Code     2  main.o(i.Alarm)
    BusFault_Handler                         0x08001421   Thumb Code     4  stm32f10x_it.o(i.BusFault_Handler)
    Buzzer_Init                              0x08001425   Thumb Code    46  buzzer.o(i.Buzzer_Init)
    Clear_BuffData                           0x08001459   Thumb Code    26  esp8266.o(i.Clear_BuffData)
    Connect_To_BaFa_Cloud                    0x08001479   Thumb Code   160  main.o(i.Connect_To_BaFa_Cloud)
    Connect_tothe_cloud                      0x080016d1   Thumb Code   196  esp8266.o(i.Connect_tothe_cloud)
    DHT11_Check                              0x08001869   Thumb Code    92  dht11.o(i.DHT11_Check)
    DHT11_Init                               0x080018c9   Thumb Code    58  dht11.o(i.DHT11_Init)
    DHT11_Mode                               0x08001909   Thumb Code    52  dht11.o(i.DHT11_Mode)
    DHT11_Read_Bit                           0x08001941   Thumb Code    94  dht11.o(i.DHT11_Read_Bit)
    DHT11_Read_Byte                          0x080019a5   Thumb Code    30  dht11.o(i.DHT11_Read_Byte)
    DHT11_Read_Data                          0x080019c3   Thumb Code    88  dht11.o(i.DHT11_Read_Data)
    DHT11_Rst                                0x08001a1d   Thumb Code    46  dht11.o(i.DHT11_Rst)
    DataAnylize                              0x08001a51   Thumb Code   598  esp8266.o(i.DataAnylize)
    Data_Init                                0x08001d31   Thumb Code     8  initialization.o(i.Data_Init)
    DebugMon_Handler                         0x08001d3d   Thumb Code     2  stm32f10x_it.o(i.DebugMon_Handler)
    Delay_Init                               0x08001d41   Thumb Code    84  delay.o(i.Delay_Init)
    Delay_ms                                 0x08001da1   Thumb Code    30  delay.o(i.Delay_ms)
    Delay_us                                 0x08001dc5   Thumb Code   170  delay.o(i.Delay_us)
    ESP8266_Config                           0x08001e71   Thumb Code   234  esp8266.o(i.ESP8266_Config)
    GPIO_Init                                0x08001f71   Thumb Code   278  stm32f10x_gpio.o(i.GPIO_Init)
    GPIO_PinRemapConfig                      0x08002089   Thumb Code   138  stm32f10x_gpio.o(i.GPIO_PinRemapConfig)
    GPIO_ReadInputDataBit                    0x08002119   Thumb Code    18  stm32f10x_gpio.o(i.GPIO_ReadInputDataBit)
    GPIO_ResetBits                           0x0800212b   Thumb Code     4  stm32f10x_gpio.o(i.GPIO_ResetBits)
    GPIO_SetBits                             0x0800212f   Thumb Code     4  stm32f10x_gpio.o(i.GPIO_SetBits)
    GPIO_WriteBit                            0x08002133   Thumb Code    10  stm32f10x_gpio.o(i.GPIO_WriteBit)
    GetData                                  0x0800213d   Thumb Code     2  main.o(i.GetData)
    Get_Key_1                                0x08002141   Thumb Code    54  key.o(i.Get_Key_1)
    Get_Key_2                                0x0800217d   Thumb Code    50  key.o(i.Get_Key_2)
    Get_Key_3                                0x080021b5   Thumb Code    50  key.o(i.Get_Key_3)
    Get_Key_4                                0x080021ed   Thumb Code    50  key.o(i.Get_Key_4)
    HardFault_Handler                        0x08002225   Thumb Code     4  stm32f10x_it.o(i.HardFault_Handler)
    IWDGADD                                  0x08002229   Thumb Code    22  main.o(i.IWDGADD)
    IWDG_ReloadCounter                       0x08002245   Thumb Code    10  stm32f10x_iwdg.o(i.IWDG_ReloadCounter)
    Initialization                           0x08002255   Thumb Code    44  initialization.o(i.Initialization)
    Key_Init                                 0x08002281   Thumb Code    98  initialization.o(i.Key_Init)
    LED_Config                               0x080022f1   Thumb Code    42  initialization.o(i.LED_Config)
    LED_OFF                                  0x08002321   Thumb Code    12  led.o(i.LED_OFF)
    Manual_Mode                              0x08002331   Thumb Code    56  menu.o(i.Manual_Mode)
    MemManage_Handler                        0x08002371   Thumb Code     4  stm32f10x_it.o(i.MemManage_Handler)
    Menu_key_set                             0x08002375   Thumb Code    96  main.o(i.Menu_key_set)
    MyRTC_Init                               0x080023dd   Thumb Code    80  myrtc.o(i.MyRTC_Init)
    MyRTC_ReadTime                           0x0800242d   Thumb Code    68  myrtc.o(i.MyRTC_ReadTime)
    MyRTC_SetTime                            0x08002475   Thumb Code    70  myrtc.o(i.MyRTC_SetTime)
    NMI_Handler                              0x080024c1   Thumb Code     2  stm32f10x_it.o(i.NMI_Handler)
    NVIC_Init                                0x080024c5   Thumb Code   100  misc.o(i.NVIC_Init)
    NVIC_PriorityGroupConfig                 0x08002535   Thumb Code    10  misc.o(i.NVIC_PriorityGroupConfig)
    OLED_ClearArea                           0x08002549   Thumb Code   162  oled.o(i.OLED_ClearArea)
    OLED_DrawLine                            0x080025f1   Thumb Code   374  oled.o(i.OLED_DrawLine)
    OLED_DrawPoint                           0x08002769   Thumb Code    74  oled.o(i.OLED_DrawPoint)
    OLED_GPIO_Init                           0x080027b9   Thumb Code    92  oled.o(i.OLED_GPIO_Init)
    OLED_I2C_SendByte                        0x08002819   Thumb Code    62  oled.o(i.OLED_I2C_SendByte)
    OLED_I2C_Start                           0x08002857   Thumb Code    28  oled.o(i.OLED_I2C_Start)
    OLED_I2C_Stop                            0x08002873   Thumb Code    22  oled.o(i.OLED_I2C_Stop)
    OLED_Init                                0x08002889   Thumb Code   146  oled.o(i.OLED_Init)
    OLED_Pow                                 0x0800291b   Thumb Code    20  oled.o(i.OLED_Pow)
    OLED_SetCursor                           0x0800292f   Thumb Code    34  oled.o(i.OLED_SetCursor)
    OLED_ShowChar                            0x08002951   Thumb Code    74  oled.o(i.OLED_ShowChar)
    OLED_ShowImage                           0x080029a5   Thumb Code   296  oled.o(i.OLED_ShowImage)
    OLED_ShowNum                             0x08002ad1   Thumb Code    76  oled.o(i.OLED_ShowNum)
    OLED_ShowString                          0x08002b1d   Thumb Code    46  oled.o(i.OLED_ShowString)
    OLED_Update                              0x08002b4d   Thumb Code    36  oled.o(i.OLED_Update)
    OLED_W_SCL                               0x08002b75   Thumb Code    18  oled.o(i.OLED_W_SCL)
    OLED_W_SDA                               0x08002b8d   Thumb Code    18  oled.o(i.OLED_W_SDA)
    OLED_WriteCommand                        0x08002ba5   Thumb Code    32  oled.o(i.OLED_WriteCommand)
    OLED_WriteData                           0x08002bc5   Thumb Code    46  oled.o(i.OLED_WriteData)
    PWR_BackupAccessCmd                      0x08002bf5   Thumb Code     6  stm32f10x_pwr.o(i.PWR_BackupAccessCmd)
    PendSV_Handler                           0x08002c01   Thumb Code     2  stm32f10x_it.o(i.PendSV_Handler)
    RCC_APB1PeriphClockCmd                   0x08002c05   Thumb Code    26  stm32f10x_rcc.o(i.RCC_APB1PeriphClockCmd)
    RCC_APB2PeriphClockCmd                   0x08002c25   Thumb Code    26  stm32f10x_rcc.o(i.RCC_APB2PeriphClockCmd)
    RCC_GetClocksFreq                        0x08002c45   Thumb Code   192  stm32f10x_rcc.o(i.RCC_GetClocksFreq)
    RCC_GetFlagStatus                        0x08002d19   Thumb Code    56  stm32f10x_rcc.o(i.RCC_GetFlagStatus)
    RCC_LSICmd                               0x08002d55   Thumb Code     6  stm32f10x_rcc.o(i.RCC_LSICmd)
    RCC_RTCCLKCmd                            0x08002d61   Thumb Code     6  stm32f10x_rcc.o(i.RCC_RTCCLKCmd)
    RCC_RTCCLKConfig                         0x08002d6d   Thumb Code    12  stm32f10x_rcc.o(i.RCC_RTCCLKConfig)
    RTC_EnterConfigMode                      0x08002d7d   Thumb Code    14  stm32f10x_rtc.o(i.RTC_EnterConfigMode)
    RTC_ExitConfigMode                       0x08002d91   Thumb Code    16  stm32f10x_rtc.o(i.RTC_ExitConfigMode)
    RTC_GetCounter                           0x08002da5   Thumb Code    16  stm32f10x_rtc.o(i.RTC_GetCounter)
    RTC_SetCounter                           0x08002db9   Thumb Code    24  stm32f10x_rtc.o(i.RTC_SetCounter)
    RTC_SetPrescaler                         0x08002dd5   Thumb Code    26  stm32f10x_rtc.o(i.RTC_SetPrescaler)
    RTC_WaitForLastTask                      0x08002df5   Thumb Code    16  stm32f10x_rtc.o(i.RTC_WaitForLastTask)
    RTC_WaitForSynchro                       0x08002e09   Thumb Code    30  stm32f10x_rtc.o(i.RTC_WaitForSynchro)
    SVC_Handler                              0x08002e2d   Thumb Code     2  stm32f10x_it.o(i.SVC_Handler)
    Serial_Init                              0x08002e31   Thumb Code   174  serial.o(i.Serial_Init)
    Serial_Pow                               0x08002ee9   Thumb Code    20  serial.o(i.Serial_Pow)
    Serial_SendByte                          0x08002efd   Thumb Code    28  serial.o(i.Serial_SendByte)
    Serial_SendNumber                        0x08002f1d   Thumb Code    58  serial.o(i.Serial_SendNumber)
    Serial_SendString                        0x08002f57   Thumb Code    26  serial.o(i.Serial_SendString)
    SimpleDrawTempCurve                      0x08003059   Thumb Code   162  main.o(i.SimpleDrawTempCurve)
    SysTick_Handler                          0x08003109   Thumb Code     8  delay.o(i.SysTick_Handler)
    SystemInit                               0x08003111   Thumb Code    78  system_stm32f10x.o(i.SystemInit)
    Task_Add                                 0x08003171   Thumb Code   108  task.o(i.Task_Add)
    Task_Init                                0x080031e9   Thumb Code    28  task.o(i.Task_Init)
    Task_Initialization                      0x08003215   Thumb Code    70  main.o(i.Task_Initialization)
    Task_RunScheduler                        0x0800329d   Thumb Code   208  task.o(i.Task_RunScheduler)
    Task_UpdateTick                          0x0800337d   Thumb Code   160  task.o(i.Task_UpdateTick)
    Test_ESP8266                             0x0800342d   Thumb Code  1922  main.o(i.Test_ESP8266)
    USART1_IRQHandler                        0x08003d01   Thumb Code   140  serial.o(i.USART1_IRQHandler)
    USART2_IRQHandler                        0x08003da1   Thumb Code   118  esp8266.o(i.USART2_IRQHandler)
    USART2_SendByte                          0x08003e21   Thumb Code    28  esp8266.o(i.USART2_SendByte)
    USART_ClearITPendingBit                  0x08003e41   Thumb Code    30  stm32f10x_usart.o(i.USART_ClearITPendingBit)
    USART_Cmd                                0x08003e5f   Thumb Code    24  stm32f10x_usart.o(i.USART_Cmd)
    USART_GetFlagStatus                      0x08003e77   Thumb Code    26  stm32f10x_usart.o(i.USART_GetFlagStatus)
    USART_GetITStatus                        0x08003e91   Thumb Code    84  stm32f10x_usart.o(i.USART_GetITStatus)
    USART_ITConfig                           0x08003ee5   Thumb Code    74  stm32f10x_usart.o(i.USART_ITConfig)
    USART_Init                               0x08003f31   Thumb Code   210  stm32f10x_usart.o(i.USART_Init)
    USART_ReceiveData                        0x08004009   Thumb Code    10  stm32f10x_usart.o(i.USART_ReceiveData)
    USART_SendData                           0x08004013   Thumb Code     8  stm32f10x_usart.o(i.USART_SendData)
    UsageFault_Handler                       0x0800401b   Thumb Code     4  stm32f10x_it.o(i.UsageFault_Handler)
    WIFI_FORGET_WIFI                         0x08004021   Thumb Code    52  esp8266.o(i.WIFI_FORGET_WIFI)
    WifiSendStr                              0x0800406d   Thumb Code    22  esp8266.o(i.WifiSendStr)
    __0snprintf                              0x08004085   Thumb Code    44  printfa.o(i.__0snprintf)
    __1snprintf                              0x08004085   Thumb Code     0  printfa.o(i.__0snprintf)
    __2snprintf                              0x08004085   Thumb Code     0  printfa.o(i.__0snprintf)
    __c89snprintf                            0x08004085   Thumb Code     0  printfa.o(i.__0snprintf)
    snprintf                                 0x08004085   Thumb Code     0  printfa.o(i.__0snprintf)
    __0sprintf                               0x080040b5   Thumb Code    34  printfa.o(i.__0sprintf)
    __1sprintf                               0x080040b5   Thumb Code     0  printfa.o(i.__0sprintf)
    __2sprintf                               0x080040b5   Thumb Code     0  printfa.o(i.__0sprintf)
    __c89sprintf                             0x080040b5   Thumb Code     0  printfa.o(i.__0sprintf)
    sprintf                                  0x080040b5   Thumb Code     0  printfa.o(i.__0sprintf)
    __aeabi_errno_addr                       0x080040dd   Thumb Code     4  errno.o(i.__aeabi_errno_addr)
    __rt_errno_addr                          0x080040dd   Thumb Code     0  errno.o(i.__aeabi_errno_addr)
    __read_errno                             0x080040e5   Thumb Code     6  errno.o(i.__read_errno)
    __scatterload_copy                       0x080040f1   Thumb Code    14  handlers.o(i.__scatterload_copy)
    __scatterload_null                       0x080040ff   Thumb Code     2  handlers.o(i.__scatterload_null)
    __scatterload_zeroinit                   0x08004101   Thumb Code    14  handlers.o(i.__scatterload_zeroinit)
    __set_errno                              0x08004111   Thumb Code     6  errno.o(i.__set_errno)
    _is_digit                                0x080042a1   Thumb Code    14  scanf_fp.o(i._is_digit)
    atof                                     0x080049ff   Thumb Code    42  atof.o(i.atof)
    charToDigit                              0x08004a29   Thumb Code    22  esp8266.o(i.charToDigit)
    main                                     0x08004a41   Thumb Code   516  main.o(i.main)
    parse2Digit                              0x08004e7d   Thumb Code    30  esp8266.o(i.parse2Digit)
    parse4Digit                              0x08004e9b   Thumb Code    62  esp8266.o(i.parse4Digit)
    relay_Init                               0x08004ed9   Thumb Code    46  relay.o(i.relay_Init)
    relay_OFF                                0x08004f0d   Thumb Code    12  relay.o(i.relay_OFF)
    relay_ON                                 0x08004f1d   Thumb Code    12  relay.o(i.relay_ON)
    upload_data                              0x08004f2d   Thumb Code   184  main.o(i.upload_data)
    OLED_F8x16                               0x08005134   Data        1520  oled_data.o(.constdata)
    OLED_F6x8                                0x08005724   Data         570  oled_data.o(.constdata)
    OLED_CF16x16                             0x0800595e   Data        1440  oled_data.o(.constdata)
    Diode                                    0x08005efe   Data          32  oled_data.o(.constdata)
    yi                                       0x08005f1e   Data          64  oled_data.o(.constdata)
    er                                       0x08005f5e   Data         128  oled_data.o(.constdata)
    __ctype_table                            0x08005ff6   Data         129  ctype_o.o(.constdata)
    Region$$Table$$Base                      0x08006114   Number         0  anon$$obj.o(Region$$Table)
    Region$$Table$$Limit                     0x08006134   Number         0  anon$$obj.o(Region$$Table)
    c                                        0x20000014   Data           1  main.o(.data)
    connect_flag                             0x20000015   Data           1  main.o(.data)
    saved_ip                                 0x20000016   Data          20  main.o(.data)
    saved_mode                               0x2000002a   Data          30  main.o(.data)
    saved_status                             0x20000048   Data          20  main.o(.data)
    saved_wifi_name                          0x2000005c   Data          50  main.o(.data)
    temp                                     0x2000008e   Data           1  main.o(.data)
    humi                                     0x2000008f   Data           1  main.o(.data)
    key_num                                  0x20000090   Data           1  main.o(.data)
    main_mode_flag                           0x20000091   Data           1  main.o(.data)
    main_key_flag                            0x20000092   Data           1  main.o(.data)
    keyTaskID                                0x20000093   Data           1  main.o(.data)
    dataTaskID                               0x20000094   Data           1  main.o(.data)
    alarmTaskID                              0x20000095   Data           1  main.o(.data)
    showTaskID                               0x20000096   Data           1  main.o(.data)
    IWDG_ID                                  0x20000097   Data           1  main.o(.data)
    wifiID                                   0x20000098   Data           1  main.o(.data)
    uploadID                                 0x20000099   Data           1  main.o(.data)
    mode_flag                                0x200000ac   Data           1  menu.o(.data)
    key_flag                                 0x200000ad   Data           1  menu.o(.data)
    flag                                     0x200000ae   Data           1  menu.o(.data)
    Oxygen_Lower                             0x200000af   Data           1  menu.o(.data)
    Oxygen_Upper                             0x200000b0   Data           1  menu.o(.data)
    Heart_Lower                              0x200000b1   Data           1  menu.o(.data)
    Heart_Upper                              0x200000b2   Data           1  menu.o(.data)
    Temperature_Lower                        0x200000b4   Data           4  menu.o(.data)
    Temperature_Upper                        0x200000b8   Data           4  menu.o(.data)
    Humidity_Lower                           0x200000bc   Data           4  menu.o(.data)
    Humidity_Upper                           0x200000c0   Data           4  menu.o(.data)
    connected                                0x200000c4   Data           1  esp8266.o(.data)
    UART_RxFlag                              0x200000c5   Data           1  esp8266.o(.data)
    Long                                     0x200000c8   Data           4  esp8266.o(.data)
    name_flag_maps                           0x200000cc   Data          12  esp8266.o(.data)
    topic                                    0x200000d8   Data           4  esp8266.o(.data)
    MyRTC_Time                               0x200000dc   Data          12  myrtc.o(.data)
    Serial_RxFlag                            0x200000e8   Data           1  serial.o(.data)
    system_time                              0x200000ec   Data           4  task.o(.data)
    data                                     0x200000f8   Data          44  main.o(.bss)
    buff                                     0x20000124   Data         512  main.o(.bss)
    wifi                                     0x20000424   Data        1028  esp8266.o(.bss)
    Str                                      0x20000828   Data          30  esp8266.o(.bss)
    UART_RxPacket                            0x20000846   Data         128  esp8266.o(.bss)
    HTTPIP                                   0x200008c6   Data          14  esp8266.o(.bss)
    OLED_DisplayBuf                          0x200008d4   Data        1024  oled.o(.bss)
    Serial_RxPacket                          0x20000cd4   Data         100  serial.o(.bss)
    tasks                                    0x20000d38   Data         280  task.o(.bss)
    __initial_sp                             0x20001280   Data           0  startup_stm32f10x_md.o(STACK)



==============================================================================

Memory Map of the image

  Image Entry point : 0x080000ed

  Load Region LR_IROM1 (Base: 0x08000000, Size: 0x0000622c, Max: 0x00010000, ABSOLUTE)

    Execution Region ER_IROM1 (Exec base: 0x08000000, Load base: 0x08000000, Size: 0x00006134, Max: 0x00010000, ABSOLUTE)

    Exec Addr    Load Addr    Size         Type   Attr      Idx    E Section Name        Object

    0x08000000   0x08000000   0x000000ec   Data   RO            3    RESET               startup_stm32f10x_md.o
    0x080000ec   0x080000ec   0x00000000   Code   RO         4509  * .ARM.Collect$$$$00000000  mc_w.l(entry.o)
    0x080000ec   0x080000ec   0x00000004   Code   RO         4863    .ARM.Collect$$$$00000001  mc_w.l(entry2.o)
    0x080000f0   0x080000f0   0x00000004   Code   RO         4866    .ARM.Collect$$$$00000004  mc_w.l(entry5.o)
    0x080000f4   0x080000f4   0x00000000   Code   RO         4868    .ARM.Collect$$$$00000008  mc_w.l(entry7b.o)
    0x080000f4   0x080000f4   0x00000000   Code   RO         4870    .ARM.Collect$$$$0000000A  mc_w.l(entry8b.o)
    0x080000f4   0x080000f4   0x00000008   Code   RO         4871    .ARM.Collect$$$$0000000B  mc_w.l(entry9a.o)
    0x080000fc   0x080000fc   0x00000000   Code   RO         4873    .ARM.Collect$$$$0000000D  mc_w.l(entry10a.o)
    0x080000fc   0x080000fc   0x00000000   Code   RO         4875    .ARM.Collect$$$$0000000F  mc_w.l(entry11a.o)
    0x080000fc   0x080000fc   0x00000004   Code   RO         4864    .ARM.Collect$$$$00002712  mc_w.l(entry2.o)
    0x08000100   0x08000100   0x00000024   Code   RO            4    .text               startup_stm32f10x_md.o
    0x08000124   0x08000124   0x000000a8   Code   RO         4516    .text               mc_w.l(mktime.o)
    0x080001cc   0x080001cc   0x00000024   Code   RO         4519    .text               mc_w.l(memcpya.o)
    0x080001f0   0x080001f0   0x00000024   Code   RO         4521    .text               mc_w.l(memseta.o)
    0x08000214   0x08000214   0x00000024   Code   RO         4523    .text               mc_w.l(strstr.o)
    0x08000238   0x08000238   0x00000018   Code   RO         4525    .text               mc_w.l(strncpy.o)
    0x08000250   0x08000250   0x0000000e   Code   RO         4527    .text               mc_w.l(strlen.o)
    0x0800025e   0x0800025e   0x0000001c   Code   RO         4529    .text               mc_w.l(strcmp.o)
    0x0800027a   0x0800027a   0x00000012   Code   RO         4531    .text               mc_w.l(strcpy.o)
    0x0800028c   0x0800028c   0x00000020   Code   RO         4533    .text               mc_w.l(strpbrk.o)
    0x080002ac   0x080002ac   0x00000038   Code   RO         4798    .text               mc_w.l(__0sscanf.o)
    0x080002e4   0x080002e4   0x000000e0   Code   RO         4800    .text               mc_w.l(_scanf_str.o)
    0x080003c4   0x080003c4   0x0000001a   Code   RO         4802    .text               mc_w.l(atoi.o)
    0x080003de   0x080003de   0x0000007c   Code   RO         4806    .text               mf_w.l(fdiv.o)
    0x0800045a   0x0800045a   0x0000014e   Code   RO         4808    .text               mf_w.l(dadd.o)
    0x080005a8   0x080005a8   0x000000e4   Code   RO         4810    .text               mf_w.l(dmul.o)
    0x0800068c   0x0800068c   0x000000de   Code   RO         4812    .text               mf_w.l(ddiv.o)
    0x0800076a   0x0800076a   0x0000000a   Code   RO         4816    .text               mf_w.l(ffltui.o)
    0x08000774   0x08000774   0x00000028   Code   RO         4822    .text               mf_w.l(ffixui.o)
    0x0800079c   0x0800079c   0x00000026   Code   RO         4828    .text               mf_w.l(f2d.o)
    0x080007c2   0x080007c2   0x00000002   PAD
    0x080007c4   0x080007c4   0x00000030   Code   RO         4832    .text               mf_w.l(cdrcmple.o)
    0x080007f4   0x080007f4   0x00000038   Code   RO         4834    .text               mf_w.l(d2f.o)
    0x0800082c   0x0800082c   0x0000002c   Code   RO         4878    .text               mc_w.l(uidiv.o)
    0x08000858   0x08000858   0x00000062   Code   RO         4880    .text               mc_w.l(uldiv.o)
    0x080008ba   0x080008ba   0x0000001e   Code   RO         4882    .text               mc_w.l(llshl.o)
    0x080008d8   0x080008d8   0x00000020   Code   RO         4884    .text               mc_w.l(llushr.o)
    0x080008f8   0x080008f8   0x00000024   Code   RO         4886    .text               mc_w.l(llsshr.o)
    0x0800091c   0x0800091c   0x0000000c   Code   RO         4888    .text               mc_w.l(localtime_w.o)
    0x08000928   0x08000928   0x0000008c   Code   RO         4891    .text               mc_w.l(localtime_i.o)
    0x080009b4   0x080009b4   0x00000028   Code   RO         4901    .text               mc_w.l(scanf_char.o)
    0x080009dc   0x080009dc   0x00000040   Code   RO         4903    .text               mc_w.l(_sgetc.o)
    0x08000a1c   0x08000a1c   0x0000009c   Code   RO         4905    .text               mc_w.l(strtod.o)
    0x08000ab8   0x08000ab8   0x00000070   Code   RO         4907    .text               mc_w.l(strtol.o)
    0x08000b28   0x08000b28   0x00000000   Code   RO         4909    .text               mc_w.l(iusefp.o)
    0x08000b28   0x08000b28   0x0000006e   Code   RO         4910    .text               mf_w.l(fepilogue.o)
    0x08000b96   0x08000b96   0x000000ba   Code   RO         4912    .text               mf_w.l(depilogue.o)
    0x08000c50   0x08000c50   0x00000030   Code   RO         4914    .text               mf_w.l(dfixul.o)
    0x08000c80   0x08000c80   0x00000024   Code   RO         4920    .text               mc_w.l(init.o)
    0x08000ca4   0x08000ca4   0x00000008   Code   RO         4924    .text               mc_w.l(ctype_o.o)
    0x08000cac   0x08000cac   0x00000012   Code   RO         4946    .text               mc_w.l(isspace_o.o)
    0x08000cbe   0x08000cbe   0x00000002   PAD
    0x08000cc0   0x08000cc0   0x0000032c   Code   RO         4952    .text               mc_w.l(_scanf.o)
    0x08000fec   0x08000fec   0x00000360   Code   RO         4954    .text               mc_w.l(scanf_fp.o)
    0x0800134c   0x0800134c   0x0000009e   Code   RO         4958    .text               mc_w.l(_strtoul.o)
    0x080013ea   0x080013ea   0x0000001c   Code   RO         4965    .text               mc_w.l(_chval.o)
    0x08001406   0x08001406   0x00000018   Code   RO         4967    .text               mf_w.l(dfltul.o)
    0x0800141e   0x0800141e   0x00000002   Code   RO         3219    i.Alarm             main.o
    0x08001420   0x08001420   0x00000004   Code   RO         3393    i.BusFault_Handler  stm32f10x_it.o
    0x08001424   0x08001424   0x00000034   Code   RO         4130    i.Buzzer_Init       buzzer.o
    0x08001458   0x08001458   0x00000020   Code   RO         3670    i.Clear_BuffData    esp8266.o
    0x08001478   0x08001478   0x00000258   Code   RO         3220    i.Connect_To_BaFa_Cloud  main.o
    0x080016d0   0x080016d0   0x00000198   Code   RO         3671    i.Connect_tothe_cloud  esp8266.o
    0x08001868   0x08001868   0x00000060   Code   RO         4076    i.DHT11_Check       dht11.o
    0x080018c8   0x080018c8   0x00000040   Code   RO         4077    i.DHT11_Init        dht11.o
    0x08001908   0x08001908   0x00000038   Code   RO         4078    i.DHT11_Mode        dht11.o
    0x08001940   0x08001940   0x00000064   Code   RO         4079    i.DHT11_Read_Bit    dht11.o
    0x080019a4   0x080019a4   0x0000001e   Code   RO         4080    i.DHT11_Read_Byte   dht11.o
    0x080019c2   0x080019c2   0x00000058   Code   RO         4081    i.DHT11_Read_Data   dht11.o
    0x08001a1a   0x08001a1a   0x00000002   PAD
    0x08001a1c   0x08001a1c   0x00000034   Code   RO         4082    i.DHT11_Rst         dht11.o
    0x08001a50   0x08001a50   0x000002e0   Code   RO         3672    i.DataAnylize       esp8266.o
    0x08001d30   0x08001d30   0x0000000c   Code   RO         4410    i.Data_Init         initialization.o
    0x08001d3c   0x08001d3c   0x00000002   Code   RO         3394    i.DebugMon_Handler  stm32f10x_it.o
    0x08001d3e   0x08001d3e   0x00000002   PAD
    0x08001d40   0x08001d40   0x00000060   Code   RO         4279    i.Delay_Init        delay.o
    0x08001da0   0x08001da0   0x00000024   Code   RO         4280    i.Delay_ms          delay.o
    0x08001dc4   0x08001dc4   0x000000aa   Code   RO         4281    i.Delay_us          delay.o
    0x08001e6e   0x08001e6e   0x00000002   PAD
    0x08001e70   0x08001e70   0x00000100   Code   RO         3673    i.ESP8266_Config    esp8266.o
    0x08001f70   0x08001f70   0x00000116   Code   RO         1347    i.GPIO_Init         stm32f10x_gpio.o
    0x08002086   0x08002086   0x00000002   PAD
    0x08002088   0x08002088   0x00000090   Code   RO         1349    i.GPIO_PinRemapConfig  stm32f10x_gpio.o
    0x08002118   0x08002118   0x00000012   Code   RO         1351    i.GPIO_ReadInputDataBit  stm32f10x_gpio.o
    0x0800212a   0x0800212a   0x00000004   Code   RO         1354    i.GPIO_ResetBits    stm32f10x_gpio.o
    0x0800212e   0x0800212e   0x00000004   Code   RO         1355    i.GPIO_SetBits      stm32f10x_gpio.o
    0x08002132   0x08002132   0x0000000a   Code   RO         1358    i.GPIO_WriteBit     stm32f10x_gpio.o
    0x0800213c   0x0800213c   0x00000002   Code   RO         3221    i.GetData           main.o
    0x0800213e   0x0800213e   0x00000002   PAD
    0x08002140   0x08002140   0x0000003c   Code   RO         3627    i.Get_Key_1         key.o
    0x0800217c   0x0800217c   0x00000038   Code   RO         3628    i.Get_Key_2         key.o
    0x080021b4   0x080021b4   0x00000038   Code   RO         3629    i.Get_Key_3         key.o
    0x080021ec   0x080021ec   0x00000038   Code   RO         3630    i.Get_Key_4         key.o
    0x08002224   0x08002224   0x00000004   Code   RO         3395    i.HardFault_Handler  stm32f10x_it.o
    0x08002228   0x08002228   0x0000001c   Code   RO         3222    i.IWDGADD           main.o
    0x08002244   0x08002244   0x00000010   Code   RO         1690    i.IWDG_ReloadCounter  stm32f10x_iwdg.o
    0x08002254   0x08002254   0x0000002c   Code   RO         4411    i.Initialization    initialization.o
    0x08002280   0x08002280   0x00000070   Code   RO         4412    i.Key_Init          initialization.o
    0x080022f0   0x080022f0   0x00000030   Code   RO         4413    i.LED_Config        initialization.o
    0x08002320   0x08002320   0x00000010   Code   RO         3571    i.LED_OFF           led.o
    0x08002330   0x08002330   0x00000040   Code   RO         3459    i.Manual_Mode       menu.o
    0x08002370   0x08002370   0x00000004   Code   RO         3396    i.MemManage_Handler  stm32f10x_it.o
    0x08002374   0x08002374   0x00000068   Code   RO         3223    i.Menu_key_set      main.o
    0x080023dc   0x080023dc   0x00000050   Code   RO         3786    i.MyRTC_Init        myrtc.o
    0x0800242c   0x0800242c   0x00000048   Code   RO         3787    i.MyRTC_ReadTime    myrtc.o
    0x08002474   0x08002474   0x0000004c   Code   RO         3788    i.MyRTC_SetTime     myrtc.o
    0x080024c0   0x080024c0   0x00000002   Code   RO         3397    i.NMI_Handler       stm32f10x_it.o
    0x080024c2   0x080024c2   0x00000002   PAD
    0x080024c4   0x080024c4   0x00000070   Code   RO          137    i.NVIC_Init         misc.o
    0x08002534   0x08002534   0x00000014   Code   RO          138    i.NVIC_PriorityGroupConfig  misc.o
    0x08002548   0x08002548   0x000000a8   Code   RO         3817    i.OLED_ClearArea    oled.o
    0x080025f0   0x080025f0   0x00000176   Code   RO         3821    i.OLED_DrawLine     oled.o
    0x08002766   0x08002766   0x00000002   PAD
    0x08002768   0x08002768   0x00000050   Code   RO         3822    i.OLED_DrawPoint    oled.o
    0x080027b8   0x080027b8   0x00000060   Code   RO         3825    i.OLED_GPIO_Init    oled.o
    0x08002818   0x08002818   0x0000003e   Code   RO         3827    i.OLED_I2C_SendByte  oled.o
    0x08002856   0x08002856   0x0000001c   Code   RO         3828    i.OLED_I2C_Start    oled.o
    0x08002872   0x08002872   0x00000016   Code   RO         3829    i.OLED_I2C_Stop     oled.o
    0x08002888   0x08002888   0x00000092   Code   RO         3830    i.OLED_Init         oled.o
    0x0800291a   0x0800291a   0x00000014   Code   RO         3832    i.OLED_Pow          oled.o
    0x0800292e   0x0800292e   0x00000022   Code   RO         3836    i.OLED_SetCursor    oled.o
    0x08002950   0x08002950   0x00000054   Code   RO         3838    i.OLED_ShowChar     oled.o
    0x080029a4   0x080029a4   0x0000012c   Code   RO         3842    i.OLED_ShowImage    oled.o
    0x08002ad0   0x08002ad0   0x0000004c   Code   RO         3843    i.OLED_ShowNum      oled.o
    0x08002b1c   0x08002b1c   0x0000002e   Code   RO         3845    i.OLED_ShowString   oled.o
    0x08002b4a   0x08002b4a   0x00000002   PAD
    0x08002b4c   0x08002b4c   0x00000028   Code   RO         3846    i.OLED_Update       oled.o
    0x08002b74   0x08002b74   0x00000018   Code   RO         3848    i.OLED_W_SCL        oled.o
    0x08002b8c   0x08002b8c   0x00000018   Code   RO         3849    i.OLED_W_SDA        oled.o
    0x08002ba4   0x08002ba4   0x00000020   Code   RO         3850    i.OLED_WriteCommand  oled.o
    0x08002bc4   0x08002bc4   0x0000002e   Code   RO         3851    i.OLED_WriteData    oled.o
    0x08002bf2   0x08002bf2   0x00000002   PAD
    0x08002bf4   0x08002bf4   0x0000000c   Code   RO         1733    i.PWR_BackupAccessCmd  stm32f10x_pwr.o
    0x08002c00   0x08002c00   0x00000002   Code   RO         3398    i.PendSV_Handler    stm32f10x_it.o
    0x08002c02   0x08002c02   0x00000002   PAD
    0x08002c04   0x08002c04   0x00000020   Code   RO         1798    i.RCC_APB1PeriphClockCmd  stm32f10x_rcc.o
    0x08002c24   0x08002c24   0x00000020   Code   RO         1800    i.RCC_APB2PeriphClockCmd  stm32f10x_rcc.o
    0x08002c44   0x08002c44   0x000000d4   Code   RO         1808    i.RCC_GetClocksFreq  stm32f10x_rcc.o
    0x08002d18   0x08002d18   0x0000003c   Code   RO         1809    i.RCC_GetFlagStatus  stm32f10x_rcc.o
    0x08002d54   0x08002d54   0x0000000c   Code   RO         1817    i.RCC_LSICmd        stm32f10x_rcc.o
    0x08002d60   0x08002d60   0x0000000c   Code   RO         1823    i.RCC_RTCCLKCmd     stm32f10x_rcc.o
    0x08002d6c   0x08002d6c   0x00000010   Code   RO         1824    i.RCC_RTCCLKConfig  stm32f10x_rcc.o
    0x08002d7c   0x08002d7c   0x00000014   Code   RO         2001    i.RTC_EnterConfigMode  stm32f10x_rtc.o
    0x08002d90   0x08002d90   0x00000014   Code   RO         2002    i.RTC_ExitConfigMode  stm32f10x_rtc.o
    0x08002da4   0x08002da4   0x00000014   Code   RO         2003    i.RTC_GetCounter    stm32f10x_rtc.o
    0x08002db8   0x08002db8   0x0000001c   Code   RO         2009    i.RTC_SetCounter    stm32f10x_rtc.o
    0x08002dd4   0x08002dd4   0x00000020   Code   RO         2010    i.RTC_SetPrescaler  stm32f10x_rtc.o
    0x08002df4   0x08002df4   0x00000014   Code   RO         2011    i.RTC_WaitForLastTask  stm32f10x_rtc.o
    0x08002e08   0x08002e08   0x00000024   Code   RO         2012    i.RTC_WaitForSynchro  stm32f10x_rtc.o
    0x08002e2c   0x08002e2c   0x00000002   Code   RO         3399    i.SVC_Handler       stm32f10x_it.o
    0x08002e2e   0x08002e2e   0x00000002   PAD
    0x08002e30   0x08002e30   0x000000b8   Code   RO         4196    i.Serial_Init       serial.o
    0x08002ee8   0x08002ee8   0x00000014   Code   RO         4197    i.Serial_Pow        serial.o
    0x08002efc   0x08002efc   0x00000020   Code   RO         4200    i.Serial_SendByte   serial.o
    0x08002f1c   0x08002f1c   0x0000003a   Code   RO         4201    i.Serial_SendNumber  serial.o
    0x08002f56   0x08002f56   0x0000001a   Code   RO         4202    i.Serial_SendString  serial.o
    0x08002f70   0x08002f70   0x00000008   Code   RO           24    i.SetSysClock       system_stm32f10x.o
    0x08002f78   0x08002f78   0x000000e0   Code   RO           25    i.SetSysClockTo72   system_stm32f10x.o
    0x08003058   0x08003058   0x000000b0   Code   RO         3225    i.SimpleDrawTempCurve  main.o
    0x08003108   0x08003108   0x00000008   Code   RO         4282    i.SysTick_Handler   delay.o
    0x08003110   0x08003110   0x00000060   Code   RO           27    i.SystemInit        system_stm32f10x.o
    0x08003170   0x08003170   0x00000078   Code   RO         4339    i.Task_Add          task.o
    0x080031e8   0x080031e8   0x0000002c   Code   RO         4342    i.Task_Init         task.o
    0x08003214   0x08003214   0x00000088   Code   RO         3226    i.Task_Initialization  main.o
    0x0800329c   0x0800329c   0x000000e0   Code   RO         4345    i.Task_RunScheduler  task.o
    0x0800337c   0x0800337c   0x000000b0   Code   RO         4347    i.Task_UpdateTick   task.o
    0x0800342c   0x0800342c   0x000008d4   Code   RO         3227    i.Test_ESP8266      main.o
    0x08003d00   0x08003d00   0x000000a0   Code   RO         4203    i.USART1_IRQHandler  serial.o
    0x08003da0   0x08003da0   0x00000080   Code   RO         3674    i.USART2_IRQHandler  esp8266.o
    0x08003e20   0x08003e20   0x00000020   Code   RO         3676    i.USART2_SendByte   esp8266.o
    0x08003e40   0x08003e40   0x0000001e   Code   RO         2980    i.USART_ClearITPendingBit  stm32f10x_usart.o
    0x08003e5e   0x08003e5e   0x00000018   Code   RO         2983    i.USART_Cmd         stm32f10x_usart.o
    0x08003e76   0x08003e76   0x0000001a   Code   RO         2986    i.USART_GetFlagStatus  stm32f10x_usart.o
    0x08003e90   0x08003e90   0x00000054   Code   RO         2987    i.USART_GetITStatus  stm32f10x_usart.o
    0x08003ee4   0x08003ee4   0x0000004a   Code   RO         2989    i.USART_ITConfig    stm32f10x_usart.o
    0x08003f2e   0x08003f2e   0x00000002   PAD
    0x08003f30   0x08003f30   0x000000d8   Code   RO         2990    i.USART_Init        stm32f10x_usart.o
    0x08004008   0x08004008   0x0000000a   Code   RO         2997    i.USART_ReceiveData  stm32f10x_usart.o
    0x08004012   0x08004012   0x00000008   Code   RO         3000    i.USART_SendData    stm32f10x_usart.o
    0x0800401a   0x0800401a   0x00000004   Code   RO         3400    i.UsageFault_Handler  stm32f10x_it.o
    0x0800401e   0x0800401e   0x00000002   PAD
    0x08004020   0x08004020   0x0000004c   Code   RO         3677    i.WIFI_FORGET_WIFI  esp8266.o
    0x0800406c   0x0800406c   0x00000016   Code   RO         3679    i.WifiSendStr       esp8266.o
    0x08004082   0x08004082   0x00000002   PAD
    0x08004084   0x08004084   0x00000030   Code   RO         4771    i.__0snprintf       mc_w.l(printfa.o)
    0x080040b4   0x080040b4   0x00000028   Code   RO         4772    i.__0sprintf        mc_w.l(printfa.o)
    0x080040dc   0x080040dc   0x00000008   Code   RO         4894    i.__aeabi_errno_addr  mc_w.l(errno.o)
    0x080040e4   0x080040e4   0x0000000c   Code   RO         4895    i.__read_errno      mc_w.l(errno.o)
    0x080040f0   0x080040f0   0x0000000e   Code   RO         4971    i.__scatterload_copy  mc_w.l(handlers.o)
    0x080040fe   0x080040fe   0x00000002   Code   RO         4972    i.__scatterload_null  mc_w.l(handlers.o)
    0x08004100   0x08004100   0x0000000e   Code   RO         4973    i.__scatterload_zeroinit  mc_w.l(handlers.o)
    0x0800410e   0x0800410e   0x00000002   PAD
    0x08004110   0x08004110   0x0000000c   Code   RO         4896    i.__set_errno       mc_w.l(errno.o)
    0x0800411c   0x0800411c   0x00000184   Code   RO         4777    i._fp_digits        mc_w.l(printfa.o)
    0x080042a0   0x080042a0   0x0000000e   Code   RO         4956    i._is_digit         mc_w.l(scanf_fp.o)
    0x080042ae   0x080042ae   0x00000002   PAD
    0x080042b0   0x080042b0   0x000006dc   Code   RO         4778    i._printf_core      mc_w.l(printfa.o)
    0x0800498c   0x0800498c   0x00000024   Code   RO         4779    i._printf_post_padding  mc_w.l(printfa.o)
    0x080049b0   0x080049b0   0x0000002e   Code   RO         4780    i._printf_pre_padding  mc_w.l(printfa.o)
    0x080049de   0x080049de   0x00000016   Code   RO         4781    i._snputc           mc_w.l(printfa.o)
    0x080049f4   0x080049f4   0x0000000a   Code   RO         4782    i._sputc            mc_w.l(printfa.o)
    0x080049fe   0x080049fe   0x0000002a   Code   RO         4506    i.atof              m_ws.l(atof.o)
    0x08004a28   0x08004a28   0x00000016   Code   RO         3681    i.charToDigit       esp8266.o
    0x08004a3e   0x08004a3e   0x00000002   PAD
    0x08004a40   0x08004a40   0x0000043c   Code   RO         3229    i.main              main.o
    0x08004e7c   0x08004e7c   0x0000001e   Code   RO         3682    i.parse2Digit       esp8266.o
    0x08004e9a   0x08004e9a   0x0000003e   Code   RO         3683    i.parse4Digit       esp8266.o
    0x08004ed8   0x08004ed8   0x00000034   Code   RO         4166    i.relay_Init        relay.o
    0x08004f0c   0x08004f0c   0x00000010   Code   RO         4167    i.relay_OFF         relay.o
    0x08004f1c   0x08004f1c   0x00000010   Code   RO         4168    i.relay_ON          relay.o
    0x08004f2c   0x08004f2c   0x00000208   Code   RO         3230    i.upload_data       main.o
    0x08005134   0x08005134   0x00000eaa   Data   RO         4064    .constdata          oled_data.o
    0x08005fde   0x08005fde   0x0000000c   Data   RO         4517    .constdata          mc_w.l(mktime.o)
    0x08005fea   0x08005fea   0x0000000c   Data   RO         4892    .constdata          mc_w.l(localtime_i.o)
    0x08005ff6   0x08005ff6   0x00000081   Data   RO         4925    .constdata          mc_w.l(ctype_o.o)
    0x08006077   0x08006077   0x00000001   PAD
    0x08006078   0x08006078   0x00000004   Data   RO         4926    .constdata          mc_w.l(ctype_o.o)
    0x0800607c   0x0800607c   0x00000092   Data   RO         3232    .conststring        main.o
    0x0800610e   0x0800610e   0x00000002   PAD
    0x08006110   0x08006110   0x00000004   Data   RO         3685    .conststring        esp8266.o
    0x08006114   0x08006114   0x00000020   Data   RO         4969    Region$$Table       anon$$obj.o


    Execution Region RW_IRAM1 (Exec base: 0x20000000, Load base: 0x08006134, Size: 0x00001280, Max: 0x00005000, ABSOLUTE)

    Exec Addr    Load Addr    Size         Type   Attr      Idx    E Section Name        Object

    0x20000000   0x08006134   0x00000014   Data   RW         1828    .data               stm32f10x_rcc.o
    0x20000014   0x08006148   0x00000095   Data   RW         3233    .data               main.o
    0x200000a9   0x080061dd   0x00000003   PAD
    0x200000ac   0x080061e0   0x00000018   Data   RW         3467    .data               menu.o
    0x200000c4   0x080061f8   0x00000018   Data   RW         3686    .data               esp8266.o
    0x200000dc   0x08006210   0x0000000c   Data   RW         3789    .data               myrtc.o
    0x200000e8   0x0800621c   0x00000003   Data   RW         4206    .data               serial.o
    0x200000eb   0x0800621f   0x00000001   PAD
    0x200000ec   0x08006220   0x00000008   Data   RW         4349    .data               task.o
    0x200000f4   0x08006228   0x00000004   Data   RW         4897    .data               mc_w.l(errno.o)
    0x200000f8        -       0x0000032c   Zero   RW         3231    .bss                main.o
    0x20000424        -       0x000004b0   Zero   RW         3684    .bss                esp8266.o
    0x200008d4        -       0x00000400   Zero   RW         3853    .bss                oled.o
    0x20000cd4        -       0x00000064   Zero   RW         4205    .bss                serial.o
    0x20000d38        -       0x00000118   Zero   RW         4348    .bss                task.o
    0x20000e50        -       0x0000002c   Zero   RW         4889    .bss                mc_w.l(localtime_w.o)
    0x20000e7c   0x0800622c   0x00000004   PAD
    0x20000e80        -       0x00000400   Zero   RW            1    STACK               startup_stm32f10x_md.o


==============================================================================

Image component sizes


      Code (inc. data)   RO Data    RW Data    ZI Data      Debug   Object Name

        52          6          0          0          0        494   buzzer.o
         0          0          0          0          0       4508   core_cm3.o
       310         18          0          0          0     220007   delay.o
       486         26          0          0          0       4281   dht11.o
      1804        416          4         24       1200       9374   esp8266.o
       216         24          0          0          0       1961   initialization.o
       228         24          0          0          0       1996   key.o
        16          4          0          0          0        430   led.o
      4912       2778        146        149        812     211937   main.o
        64          8          0         24          0       1124   menu.o
       132         22          0          0          0     204815   misc.o
       228         10          0         12          0       3067   myrtc.o
      1702         46          0          0       1024      12813   oled.o
         0          0       3754          0          0       1188   oled_data.o
        84         14          0          0          0       1356   relay.o
       480         34          0          3        100       4189   serial.o
        36          8        236          0       1024        812   startup_stm32f10x_md.o
         0          0          0          0          0       1672   stm32f10x_adc.o
       458          6          0          0          0     214990   stm32f10x_gpio.o
        24          0          0          0          0       3428   stm32f10x_it.o
        16          6          0          0          0        449   stm32f10x_iwdg.o
        12          6          0          0          0        490   stm32f10x_pwr.o
       376         52          0         20          0      15138   stm32f10x_rcc.o
       176         34          0          0          0       3367   stm32f10x_rtc.o
       472          6          0          0          0      12615   stm32f10x_usart.o
       328         28          0          0          0      24985   system_stm32f10x.o
       564         60          0          8        280       4313   task.o

    ----------------------------------------------------------------------
     13206       3636       4174        244       4440     965799   Object Totals
         0          0         32          0          0          0   (incl. Generated)
        30          0          2          4          0          0   (incl. Padding)

    ----------------------------------------------------------------------

      Code (inc. data)   RO Data    RW Data    ZI Data      Debug   Library Member Name

        42          0          0          0          0         84   atof.o
        56          8          0          0          0         84   __0sscanf.o
        28          0          0          0          0         68   _chval.o
       812          4          0          0          0        112   _scanf.o
       224          0          0          0          0         96   _scanf_str.o
        64          0          0          0          0         84   _sgetc.o
       158          0          0          0          0         92   _strtoul.o
        26          0          0          0          0         80   atoi.o
         8          4        133          0          0         68   ctype_o.o
         0          0          0          0          0          0   entry.o
         0          0          0          0          0          0   entry10a.o
         0          0          0          0          0          0   entry11a.o
         8          4          0          0          0          0   entry2.o
         4          0          0          0          0          0   entry5.o
         0          0          0          0          0          0   entry7b.o
         0          0          0          0          0          0   entry8b.o
         8          4          0          0          0          0   entry9a.o
        32         16          0          4          0        204   errno.o
        30          0          0          0          0          0   handlers.o
        36          8          0          0          0         68   init.o
        18          0          0          0          0         76   isspace_o.o
         0          0          0          0          0          0   iusefp.o
        30          0          0          0          0         68   llshl.o
        36          0          0          0          0         68   llsshr.o
        32          0          0          0          0         68   llushr.o
       140          6         12          0          0         76   localtime_i.o
        12          6          0          0         44         68   localtime_w.o
        36          0          0          0          0         68   memcpya.o
        36          0          0          0          0        108   memseta.o
       168         18         12          0          0         80   mktime.o
      2346         90          0          0          0        672   printfa.o
        40          8          0          0          0         84   scanf_char.o
       878         12          0          0          0        216   scanf_fp.o
        28          0          0          0          0         76   strcmp.o
        18          0          0          0          0         68   strcpy.o
        14          0          0          0          0         68   strlen.o
        24          0          0          0          0         76   strncpy.o
        32          0          0          0          0         76   strpbrk.o
        36          0          0          0          0         80   strstr.o
       156         12          0          0          0        120   strtod.o
       112          0          0          0          0         88   strtol.o
        44          0          0          0          0         80   uidiv.o
        98          0          0          0          0         92   uldiv.o
        48          0          0          0          0         68   cdrcmple.o
        56          0          0          0          0         88   d2f.o
       334          0          0          0          0        148   dadd.o
       222          0          0          0          0        100   ddiv.o
       186          0          0          0          0        176   depilogue.o
        48          0          0          0          0         68   dfixul.o
        24          0          0          0          0         76   dfltul.o
       228          0          0          0          0         96   dmul.o
        38          0          0          0          0         68   f2d.o
       124          0          0          0          0         88   fdiv.o
       110          0          0          0          0        168   fepilogue.o
        40          0          0          0          0         68   ffixui.o
        10          0          0          0          0         68   ffltui.o

    ----------------------------------------------------------------------
      7346        200        158          4         48       4796   Library Totals
         8          0          1          0          4          0   (incl. Padding)

    ----------------------------------------------------------------------

      Code (inc. data)   RO Data    RW Data    ZI Data      Debug   Library Name

        42          0          0          0          0         84   m_ws.l
      5828        200        157          4         44       3432   mc_w.l
      1468          0          0          0          0       1280   mf_w.l

    ----------------------------------------------------------------------
      7346        200        158          4         48       4796   Library Totals

    ----------------------------------------------------------------------

==============================================================================


      Code (inc. data)   RO Data    RW Data    ZI Data      Debug   

     20552       3836       4332        248       4488     961959   Grand Totals
     20552       3836       4332        248       4488     961959   ELF Image Totals
     20552       3836       4332        248          0          0   ROM Totals

==============================================================================

    Total RO  Size (Code + RO Data)                24884 (  24.30kB)
    Total RW  Size (RW Data + ZI Data)              4736 (   4.63kB)
    Total ROM Size (Code + RO Data + RW Data)      25132 (  24.54kB)

==============================================================================

