Component: ARM Compiler 5.06 update 5 (build 528) Tool: armlink [4d35e2]

==============================================================================

Section Cross References

    startup_stm32f10x_md.o(RESET) refers to startup_stm32f10x_md.o(STACK) for __initial_sp
    startup_stm32f10x_md.o(RESET) refers to startup_stm32f10x_md.o(.text) for Reset_Handler
    startup_stm32f10x_md.o(RESET) refers to stm32f10x_it.o(i.NMI_Handler) for NMI_Handler
    startup_stm32f10x_md.o(RESET) refers to stm32f10x_it.o(i.HardFault_Handler) for HardFault_Handler
    startup_stm32f10x_md.o(RESET) refers to stm32f10x_it.o(i.MemManage_Handler) for MemManage_Handler
    startup_stm32f10x_md.o(RESET) refers to stm32f10x_it.o(i.BusFault_Handler) for BusFault_Handler
    startup_stm32f10x_md.o(RESET) refers to stm32f10x_it.o(i.UsageFault_Handler) for UsageFault_Handler
    startup_stm32f10x_md.o(RESET) refers to stm32f10x_it.o(i.SVC_Handler) for SVC_Handler
    startup_stm32f10x_md.o(RESET) refers to stm32f10x_it.o(i.DebugMon_Handler) for DebugMon_Handler
    startup_stm32f10x_md.o(RESET) refers to stm32f10x_it.o(i.PendSV_Handler) for PendSV_Handler
    startup_stm32f10x_md.o(RESET) refers to delay.o(i.SysTick_Handler) for SysTick_Handler
    startup_stm32f10x_md.o(RESET) refers to serial.o(i.USART1_IRQHandler) for USART1_IRQHandler
    startup_stm32f10x_md.o(RESET) refers to esp8266.o(i.USART2_IRQHandler) for USART2_IRQHandler
    startup_stm32f10x_md.o(.text) refers to system_stm32f10x.o(i.SystemInit) for SystemInit
    startup_stm32f10x_md.o(.text) refers to entry.o(.ARM.Collect$$$$00000000) for __main
    system_stm32f10x.o(i.SetSysClock) refers to system_stm32f10x.o(i.SetSysClockTo72) for SetSysClockTo72
    system_stm32f10x.o(i.SystemCoreClockUpdate) refers to system_stm32f10x.o(.data) for SystemCoreClock
    system_stm32f10x.o(i.SystemInit) refers to system_stm32f10x.o(i.SetSysClock) for SetSysClock
    stm32f10x_adc.o(i.ADC_DeInit) refers to stm32f10x_rcc.o(i.RCC_APB2PeriphResetCmd) for RCC_APB2PeriphResetCmd
    stm32f10x_bkp.o(i.BKP_DeInit) refers to stm32f10x_rcc.o(i.RCC_BackupResetCmd) for RCC_BackupResetCmd
    stm32f10x_can.o(i.CAN_DeInit) refers to stm32f10x_rcc.o(i.RCC_APB1PeriphResetCmd) for RCC_APB1PeriphResetCmd
    stm32f10x_can.o(i.CAN_GetITStatus) refers to stm32f10x_can.o(i.CheckITStatus) for CheckITStatus
    stm32f10x_cec.o(i.CEC_DeInit) refers to stm32f10x_rcc.o(i.RCC_APB1PeriphResetCmd) for RCC_APB1PeriphResetCmd
    stm32f10x_dac.o(i.DAC_DeInit) refers to stm32f10x_rcc.o(i.RCC_APB1PeriphResetCmd) for RCC_APB1PeriphResetCmd
    stm32f10x_flash.o(i.FLASH_EnableWriteProtection) refers to stm32f10x_flash.o(i.FLASH_WaitForLastOperation) for FLASH_WaitForLastOperation
    stm32f10x_flash.o(i.FLASH_EraseAllBank1Pages) refers to stm32f10x_flash.o(i.FLASH_WaitForLastBank1Operation) for FLASH_WaitForLastBank1Operation
    stm32f10x_flash.o(i.FLASH_EraseAllPages) refers to stm32f10x_flash.o(i.FLASH_WaitForLastOperation) for FLASH_WaitForLastOperation
    stm32f10x_flash.o(i.FLASH_EraseOptionBytes) refers to stm32f10x_flash.o(i.FLASH_GetReadOutProtectionStatus) for FLASH_GetReadOutProtectionStatus
    stm32f10x_flash.o(i.FLASH_EraseOptionBytes) refers to stm32f10x_flash.o(i.FLASH_WaitForLastOperation) for FLASH_WaitForLastOperation
    stm32f10x_flash.o(i.FLASH_ErasePage) refers to stm32f10x_flash.o(i.FLASH_WaitForLastOperation) for FLASH_WaitForLastOperation
    stm32f10x_flash.o(i.FLASH_ProgramHalfWord) refers to stm32f10x_flash.o(i.FLASH_WaitForLastOperation) for FLASH_WaitForLastOperation
    stm32f10x_flash.o(i.FLASH_ProgramOptionByteData) refers to stm32f10x_flash.o(i.FLASH_WaitForLastOperation) for FLASH_WaitForLastOperation
    stm32f10x_flash.o(i.FLASH_ProgramWord) refers to stm32f10x_flash.o(i.FLASH_WaitForLastOperation) for FLASH_WaitForLastOperation
    stm32f10x_flash.o(i.FLASH_ReadOutProtection) refers to stm32f10x_flash.o(i.FLASH_WaitForLastOperation) for FLASH_WaitForLastOperation
    stm32f10x_flash.o(i.FLASH_UserOptionByteConfig) refers to stm32f10x_flash.o(i.FLASH_WaitForLastOperation) for FLASH_WaitForLastOperation
    stm32f10x_flash.o(i.FLASH_WaitForLastBank1Operation) refers to stm32f10x_flash.o(i.FLASH_GetBank1Status) for FLASH_GetBank1Status
    stm32f10x_flash.o(i.FLASH_WaitForLastOperation) refers to stm32f10x_flash.o(i.FLASH_GetBank1Status) for FLASH_GetBank1Status
    stm32f10x_gpio.o(i.GPIO_AFIODeInit) refers to stm32f10x_rcc.o(i.RCC_APB2PeriphResetCmd) for RCC_APB2PeriphResetCmd
    stm32f10x_gpio.o(i.GPIO_DeInit) refers to stm32f10x_rcc.o(i.RCC_APB2PeriphResetCmd) for RCC_APB2PeriphResetCmd
    stm32f10x_i2c.o(i.I2C_DeInit) refers to stm32f10x_rcc.o(i.RCC_APB1PeriphResetCmd) for RCC_APB1PeriphResetCmd
    stm32f10x_i2c.o(i.I2C_Init) refers to stm32f10x_rcc.o(i.RCC_GetClocksFreq) for RCC_GetClocksFreq
    stm32f10x_pwr.o(i.PWR_DeInit) refers to stm32f10x_rcc.o(i.RCC_APB1PeriphResetCmd) for RCC_APB1PeriphResetCmd
[...]
    Removing stm32f10x_tim.o(i.TIM_SelectInputTrigger), (18 bytes).
    Removing stm32f10x_tim.o(i.TIM_SelectMasterSlaveMode), (18 bytes).
    Removing stm32f10x_tim.o(i.TIM_SelectOCxM), (82 bytes).
    Removing stm32f10x_tim.o(i.TIM_SelectOnePulseMode), (18 bytes).
    Removing stm32f10x_tim.o(i.TIM_SelectOutputTrigger), (18 bytes).
    Removing stm32f10x_tim.o(i.TIM_SelectSlaveMode), (18 bytes).
    Removing stm32f10x_tim.o(i.TIM_SetAutoreload), (4 bytes).
    Removing stm32f10x_tim.o(i.TIM_SetClockDivision), (18 bytes).
    Removing stm32f10x_tim.o(i.TIM_SetCompare1), (4 bytes).
    Removing stm32f10x_tim.o(i.TIM_SetCompare2), (4 bytes).
    Removing stm32f10x_tim.o(i.TIM_SetCompare3), (4 bytes).
    Removing stm32f10x_tim.o(i.TIM_SetCompare4), (6 bytes).
    Removing stm32f10x_tim.o(i.TIM_SetCounter), (4 bytes).
    Removing stm32f10x_tim.o(i.TIM_SetIC1Prescaler), (18 bytes).
    Removing stm32f10x_tim.o(i.TIM_SetIC2Prescaler), (26 bytes).
    Removing stm32f10x_tim.o(i.TIM_SetIC3Prescaler), (18 bytes).
    Removing stm32f10x_tim.o(i.TIM_SetIC4Prescaler), (26 bytes).
    Removing stm32f10x_tim.o(i.TIM_TIxExternalClockConfig), (62 bytes).
    Removing stm32f10x_tim.o(i.TIM_TimeBaseInit), (164 bytes).
    Removing stm32f10x_tim.o(i.TIM_TimeBaseStructInit), (18 bytes).
    Removing stm32f10x_tim.o(i.TIM_UpdateDisableConfig), (24 bytes).
    Removing stm32f10x_tim.o(i.TIM_UpdateRequestConfig), (24 bytes).
    Removing stm32f10x_usart.o(i.USART_ClearFlag), (18 bytes).
    Removing stm32f10x_usart.o(i.USART_ClockInit), (34 bytes).
    Removing stm32f10x_usart.o(i.USART_ClockStructInit), (12 bytes).
    Removing stm32f10x_usart.o(i.USART_DMACmd), (18 bytes).
    Removing stm32f10x_usart.o(i.USART_DeInit), (156 bytes).
    Removing stm32f10x_usart.o(i.USART_HalfDuplexCmd), (24 bytes).
    Removing stm32f10x_usart.o(i.USART_IrDACmd), (24 bytes).
    Removing stm32f10x_usart.o(i.USART_IrDAConfig), (18 bytes).
    Removing stm32f10x_usart.o(i.USART_LINBreakDetectLengthConfig), (18 bytes).
    Removing stm32f10x_usart.o(i.USART_LINCmd), (24 bytes).
    Removing stm32f10x_usart.o(i.USART_OneBitMethodCmd), (24 bytes).
    Removing stm32f10x_usart.o(i.USART_OverSampling8Cmd), (22 bytes).
    Removing stm32f10x_usart.o(i.USART_ReceiverWakeUpCmd), (24 bytes).
    Removing stm32f10x_usart.o(i.USART_SendBreak), (10 bytes).
    Removing stm32f10x_usart.o(i.USART_SetAddress), (18 bytes).
    Removing stm32f10x_usart.o(i.USART_SetGuardTime), (16 bytes).
    Removing stm32f10x_usart.o(i.USART_SetPrescaler), (16 bytes).
    Removing stm32f10x_usart.o(i.USART_SmartCardCmd), (24 bytes).
    Removing stm32f10x_usart.o(i.USART_SmartCardNACKCmd), (24 bytes).
    Removing stm32f10x_usart.o(i.USART_StructInit), (24 bytes).
    Removing stm32f10x_usart.o(i.USART_WakeUpConfig), (18 bytes).
    Removing stm32f10x_wwdg.o(i.WWDG_ClearFlag), (12 bytes).
    Removing stm32f10x_wwdg.o(i.WWDG_DeInit), (22 bytes).
    Removing stm32f10x_wwdg.o(i.WWDG_Enable), (16 bytes).
    Removing stm32f10x_wwdg.o(i.WWDG_EnableIT), (12 bytes).
    Removing stm32f10x_wwdg.o(i.WWDG_GetFlagStatus), (12 bytes).
    Removing stm32f10x_wwdg.o(i.WWDG_SetCounter), (16 bytes).
    Removing stm32f10x_wwdg.o(i.WWDG_SetPrescaler), (24 bytes).
    Removing stm32f10x_wwdg.o(i.WWDG_SetWindowValue), (40 bytes).
    Removing main.o(i.Alarm), (2 bytes).
    Removing main.o(i.GetData), (2 bytes).
    Removing main.o(i.IWDGADD), (28 bytes).
    Removing main.o(i.Menu_key_set), (104 bytes).
    Removing main.o(i.Mode), (72 bytes).
    Removing main.o(i.Task_Initialization), (136 bytes).
    Removing main.o(i.WIFI_Init), (68 bytes).
    Removing menu.o(i.Blood_Oxygen_Low_set), (332 bytes).
    Removing menu.o(i.Blood_Oxygen_Threshold), (340 bytes).
    Removing menu.o(i.Blood_Oxygen_Up_set), (332 bytes).
    Removing menu.o(i.Heart_Rate_Low_set), (332 bytes).
    Removing menu.o(i.Heart_Rate_Threshold), (324 bytes).
    Removing menu.o(i.Heart_Rate_Up_set), (332 bytes).
    Removing menu.o(i.Humidity_Low_set), (316 bytes).
    Removing menu.o(i.Humidity_Threshold), (460 bytes).
    Removing menu.o(i.Humidity_Up_set), (316 bytes).
    Removing menu.o(i.Temperature_Low_set), (472 bytes).
    Removing menu.o(i.Temperature_Threshold), (448 bytes).
    Removing menu.o(i.Temperature_Up_set), (472 bytes).
    Removing menu.o(i.menu1), (392 bytes).
    Removing menu.o(i.menu2), (352 bytes).
    Removing menu.o(.constdata), (20 bytes).
    Removing menu.o(.conststring), (70 bytes).
    Removing led.o(i.LED_OFF), (16 bytes).
    Removing led.o(i.LED_ON), (16 bytes).
    Removing led.o(i.LED_Turn), (36 bytes).
    Removing key.o(i.Key_Scan), (196 bytes).
    Removing esp8266.o(i.Check_the_network), (72 bytes).
    Removing esp8266.o(i.DataAnylize), (736 bytes).
    Removing esp8266.o(i.USART2_SendArray), (26 bytes).
    Removing esp8266.o(i.WIFI_FORGET_WIFI), (76 bytes).
    Removing esp8266.o(i.WIFI_GET_TIME), (64 bytes).
    Removing esp8266.o(i.WifiSendbuff), (26 bytes).
    Removing esp8266.o(i.charToDigit), (22 bytes).
    Removing esp8266.o(i.parse2Digit), (30 bytes).
    Removing esp8266.o(i.parse4Digit), (62 bytes).
    Removing myrtc.o(i.MyRTC_Init), (80 bytes).
    Removing myrtc.o(i.MyRTC_ReadTime), (72 bytes).
    Removing myrtc.o(i.MyRTC_SetTime), (76 bytes).
    Removing myrtc.o(.data), (12 bytes).
    Removing oled.o(i.OLED_Clear), (40 bytes).
    Removing oled.o(i.OLED_DrawArc), (618 bytes).
    Removing oled.o(i.OLED_DrawCircle), (352 bytes).
    Removing oled.o(i.OLED_DrawEllipse), (812 bytes).
    Removing oled.o(i.OLED_DrawRectangle), (142 bytes).
    Removing oled.o(i.OLED_DrawTriangle), (232 bytes).
    Removing oled.o(i.OLED_GetPoint), (68 bytes).
    Removing oled.o(i.OLED_IsInAngle), (124 bytes).
    Removing oled.o(i.OLED_Printf), (50 bytes).
    Removing oled.o(i.OLED_Reverse), (52 bytes).
    Removing oled.o(i.OLED_ReverseArea), (168 bytes).
    Removing oled.o(i.OLED_ShowBinNum), (70 bytes).
    Removing oled.o(i.OLED_ShowChinese), (152 bytes).
    Removing oled.o(i.OLED_ShowFloatNum), (334 bytes).
    Removing oled.o(i.OLED_ShowHexNum), (96 bytes).
    Removing oled.o(i.OLED_ShowSignedNum), (112 bytes).
    Removing oled.o(i.OLED_UpdateArea), (124 bytes).
    Removing oled.o(i.OLED_pnpoly), (140 bytes).
    Removing buzzer.o(i.Buzzer_OFF), (16 bytes).
    Removing buzzer.o(i.Buzzer_ON), (16 bytes).
    Removing buzzer.o(i.Buzzer_ON_OFF), (36 bytes).
    Removing buzzer.o(.data), (1 bytes).
    Removing relay.o(i.relay_Ture), (36 bytes).
    Removing serial.o(i.Serial_Printf), (36 bytes).
    Removing serial.o(i.Serial_SendArray), (26 bytes).
    Removing serial.o(i.fputc), (16 bytes).
    Removing sys.o(i.NVIC_Configuration), (12 bytes).
    Removing task.o(i.Task_Add), (120 bytes).
    Removing task.o(i.Task_ChangeInterval), (48 bytes).
    Removing task.o(i.Task_ChangePriority), (28 bytes).
    Removing task.o(i.Task_Init), (44 bytes).
    Removing task.o(i.Task_Remove), (64 bytes).
    Removing task.o(i.Task_Resume), (48 bytes).
    Removing task.o(i.Task_Suspend), (48 bytes).
    Removing initialization.o(i.Data_Init), (12 bytes).
    Removing initialization.o(i.Initialization), (48 bytes).
    Removing initialization.o(i.LED_Config), (48 bytes).
    Removing fadd.o(.text), (176 bytes).
    Removing fflti.o(.text), (18 bytes).
    Removing dflti.o(.text), (34 bytes).
    Removing dfltui.o(.text), (26 bytes).
    Removing dfixi.o(.text), (62 bytes).
    Removing dfixui.o(.text), (50 bytes).
    Removing cdcmple.o(.text), (48 bytes).
    Removing d2f.o(.text), (56 bytes).
    Removing cfcmple.o(.text), (20 bytes).
    Removing dscalb.o(.text), (46 bytes).
    Removing dfltul.o(.text), (24 bytes).

545 unused section(s) (total 30855 bytes) removed from the image.

==============================================================================

Image Symbol Table

    Local Symbols

    Symbol Name                              Value     Ov Type        Size  Object(Section)

    ../clib/microlib/ctype/ctype.c           0x00000000   Number         0  iscntrl_o.o ABSOLUTE
    ../clib/microlib/ctype/ctype.c           0x00000000   Number         0  isblank_o.o ABSOLUTE
    ../clib/microlib/ctype/ctype.c           0x00000000   Number         0  isspace_o.o ABSOLUTE
    ../clib/microlib/ctype/ctype.c           0x00000000   Number         0  isalpha_o.o ABSOLUTE
    ../clib/microlib/ctype/ctype.c           0x00000000   Number         0  ispunct_o.o ABSOLUTE
    ../clib/microlib/ctype/ctype.c           0x00000000   Number         0  isprint_o.o ABSOLUTE
    ../clib/microlib/ctype/ctype.c           0x00000000   Number         0  isalnum_o.o ABSOLUTE
    ../clib/microlib/ctype/ctype.c           0x00000000   Number         0  ctype_o.o ABSOLUTE
    ../clib/microlib/ctype/ctype.c           0x00000000   Number         0  isspace_c.o ABSOLUTE
    ../clib/microlib/ctype/ctype.c           0x00000000   Number         0  ctype_c.o ABSOLUTE
    ../clib/microlib/ctype/ctype.c           0x00000000   Number         0  isxdigit_o.o ABSOLUTE
    ../clib/microlib/ctype/ctype.c           0x00000000   Number         0  islower_o.o ABSOLUTE
    ../clib/microlib/ctype/ctype.c           0x00000000   Number         0  isupper_o.o ABSOLUTE
    ../clib/microlib/ctype/ctype.c           0x00000000   Number         0  isgraph_o.o ABSOLUTE
    ../clib/microlib/ctype/ctype.c           0x00000000   Number         0  isdigit_o.o ABSOLUTE
    ../clib/microlib/division.c              0x00000000   Number         0  uldiv.o ABSOLUTE
    ../clib/microlib/division.c              0x00000000   Number         0  uidiv.o ABSOLUTE
    ../clib/microlib/errno.c                 0x00000000   Number         0  errno.o ABSOLUTE
    ../clib/microlib/init/entry.s            0x00000000   Number         0  entry11a.o ABSOLUTE
    ../clib/microlib/init/entry.s            0x00000000   Number         0  entry7b.o ABSOLUTE
    ../clib/microlib/init/entry.s            0x00000000   Number         0  entry7a.o ABSOLUTE
    ../clib/microlib/init/entry.s            0x00000000   Number         0  entry10b.o ABSOLUTE
    ../clib/microlib/init/entry.s            0x00000000   Number         0  entry5.o ABSOLUTE
    ../clib/microlib/init/entry.s            0x00000000   Number         0  entry10a.o ABSOLUTE
    ../clib/microlib/init/entry.s            0x00000000   Number         0  entry9b.o ABSOLUTE
    ../clib/microlib/init/entry.s            0x00000000   Number         0  entry11b.o ABSOLUTE
    ../clib/microlib/init/entry.s            0x00000000   Number         0  entry9a.o ABSOLUTE
    ../clib/microlib/init/entry.s            0x00000000   Number         0  entry2.o ABSOLUTE
    ../clib/microlib/init/entry.s            0x00000000   Number         0  entry.o ABSOLUTE
    ../clib/microlib/init/entry.s            0x00000000   Number         0  entry8b.o ABSOLUTE
    ../clib/microlib/init/entry.s            0x00000000   Number         0  entry8a.o ABSOLUTE
    ../clib/microlib/longlong.c              0x00000000   Number         0  llshl.o ABSOLUTE
    ../clib/microlib/longlong.c              0x00000000   Number         0  llushr.o ABSOLUTE
    ../clib/microlib/longlong.c              0x00000000   Number         0  llsshr.o ABSOLUTE
    ../clib/microlib/printf/printf.c         0x00000000   Number         0  printf4.o ABSOLUTE
    ../clib/microlib/printf/printf.c         0x00000000   Number         0  printfb.o ABSOLUTE
    ../clib/microlib/printf/printf.c         0x00000000   Number         0  printf8.o ABSOLUTE
    ../clib/microlib/printf/printf.c         0x00000000   Number         0  printfa.o ABSOLUTE
    ../clib/microlib/printf/printf.c         0x00000000   Number         0  printf3.o ABSOLUTE
    ../clib/microlib/printf/printf.c         0x00000000   Number         0  printf6.o ABSOLUTE
    ../clib/microlib/printf/printf.c         0x00000000   Number         0  printf1.o ABSOLUTE
    ../clib/microlib/printf/printf.c         0x00000000   Number         0  printf0.o ABSOLUTE
    ../clib/microlib/printf/printf.c         0x00000000   Number         0  printf7.o ABSOLUTE
    ../clib/microlib/printf/printf.c         0x00000000   Number         0  printf2.o ABSOLUTE
    ../clib/microlib/printf/printf.c         0x00000000   Number         0  printf5.o ABSOLUTE
    ../clib/microlib/printf/stubs.s          0x00000000   Number         0  stubs.o ABSOLUTE
    ../clib/microlib/stdio/streams.c         0x00000000   Number         0  stdout.o ABSOLUTE
    ../clib/microlib/string/memcpy.c         0x00000000   Number         0  memcpyb.o ABSOLUTE
    ../clib/microlib/string/memcpy.c         0x00000000   Number         0  memcpya.o ABSOLUTE
    ../clib/microlib/string/memset.c         0x00000000   Number         0  memseta.o ABSOLUTE
    ../clib/microlib/string/strcmp.c         0x00000000   Number         0  strcmp.o ABSOLUTE
    ../clib/microlib/string/strcpy.c         0x00000000   Number         0  strcpy.o ABSOLUTE
    ../clib/microlib/string/strlen.c         0x00000000   Number         0  strlen.o ABSOLUTE
    ../clib/microlib/string/strncpy.c        0x00000000   Number         0  strncpy.o ABSOLUTE
    ../clib/microlib/string/strpbrk.c        0x00000000   Number         0  strpbrk.o ABSOLUTE
    ../clib/microlib/string/strstr.c         0x00000000   Number         0  strstr.o ABSOLUTE
    ../clib/microlib/stubs.s                 0x00000000   Number         0  iusefp.o ABSOLUTE
    ../clib/microlib/time/localtime.c        0x00000000   Number         0  localtime_i.o ABSOLUTE
    ../clib/microlib/time/localtime.c        0x00000000   Number         0  localtime_w.o ABSOLUTE
    ../clib/microlib/time/localtime.c        0x00000000   Number         0  localtime.o ABSOLUTE
    ../clib/microlib/time/mktime.c           0x00000000   Number         0  mktime.o ABSOLUTE
    ../clib/scanf.c                          0x00000000   Number         0  _sgetc.o ABSOLUTE
    ../clib/scanf.c                          0x00000000   Number         0  scanf_char.o ABSOLUTE
    ../clib/scanf.c                          0x00000000   Number         0  atoi.o ABSOLUTE
    ../clib/scanf.c                          0x00000000   Number         0  __0sscanf.o ABSOLUTE
    ../clib/scanf.c                          0x00000000   Number         0  strtol.o ABSOLUTE
    ../clib/scanf.c                          0x00000000   Number         0  _scanf_str.o ABSOLUTE
    ../clib/scanf.c                          0x00000000   Number         0  _scanf.o ABSOLUTE
    ../clib/scanf.c                          0x00000000   Number         0  scanf_fp.o ABSOLUTE
    ../clib/scanf.c                          0x00000000   Number         0  _strtoul.o ABSOLUTE
    ../clib/scanf.c                          0x00000000   Number         0  strtod.o ABSOLUTE
    ../clib/scanf.c                          0x00000000   Number         0  _chval.o ABSOLUTE
    ../fplib/microlib/d2f.c                  0x00000000   Number         0  d2f.o ABSOLUTE
    ../fplib/microlib/f2d.c                  0x00000000   Number         0  f2d.o ABSOLUTE
    ../fplib/microlib/fpadd.c                0x00000000   Number         0  dadd.o ABSOLUTE
    ../fplib/microlib/fpadd.c                0x00000000   Number         0  fadd.o ABSOLUTE
    ../fplib/microlib/fpdiv.c                0x00000000   Number         0  ddiv.o ABSOLUTE
    ../fplib/microlib/fpdiv.c                0x00000000   Number         0  fdiv.o ABSOLUTE
    ../fplib/microlib/fpepilogue.c           0x00000000   Number         0  fepilogue.o ABSOLUTE
    ../fplib/microlib/fpepilogue.c           0x00000000   Number         0  depilogue.o ABSOLUTE
    ../fplib/microlib/fpfix.c                0x00000000   Number         0  dfixi.o ABSOLUTE
    ../fplib/microlib/fpfix.c                0x00000000   Number         0  dfixui.o ABSOLUTE
    ../fplib/microlib/fpfix.c                0x00000000   Number         0  dfixul.o ABSOLUTE
    ../fplib/microlib/fpfix.c                0x00000000   Number         0  ffixui.o ABSOLUTE
    ../fplib/microlib/fpflt.c                0x00000000   Number         0  dflti.o ABSOLUTE
    ../fplib/microlib/fpflt.c                0x00000000   Number         0  ffltui.o ABSOLUTE
    ../fplib/microlib/fpflt.c                0x00000000   Number         0  fflti.o ABSOLUTE
    ../fplib/microlib/fpflt.c                0x00000000   Number         0  dfltul.o ABSOLUTE
    ../fplib/microlib/fpflt.c                0x00000000   Number         0  dfltui.o ABSOLUTE
    ../fplib/microlib/fpmul.c                0x00000000   Number         0  dmul.o ABSOLUTE
    ../fplib/microlib/fpscalb.c              0x00000000   Number         0  dscalb.o ABSOLUTE
    ../mathlib/atan.c                        0x00000000   Number         0  atan.o ABSOLUTE
    ../mathlib/atan.c                        0x00000000   Number         0  atan_x.o ABSOLUTE
    ../mathlib/atan2.c                       0x00000000   Number         0  atan2.o ABSOLUTE
    ../mathlib/atan2.c                       0x00000000   Number         0  atan2_x.o ABSOLUTE
    ../mathlib/atof.c                        0x00000000   Number         0  atof.o ABSOLUTE
    ../mathlib/dunder.c                      0x00000000   Number         0  dunder.o ABSOLUTE
    ../mathlib/fpclassify.c                  0x00000000   Number         0  fpclassify.o ABSOLUTE
    ../mathlib/poly.c                        0x00000000   Number         0  poly.o ABSOLUTE
    ../mathlib/qnan.c                        0x00000000   Number         0  qnan.o ABSOLUTE
    HardWare\LED.c                           0x00000000   Number         0  led.o ABSOLUTE
    HardWare\MyRTC.c                         0x00000000   Number         0  myrtc.o ABSOLUTE
    HardWare\OLED.c                          0x00000000   Number         0  oled.o ABSOLUTE
    HardWare\OLED_Data.c                     0x00000000   Number         0  oled_data.o ABSOLUTE
    HardWare\Serial.c                        0x00000000   Number         0  serial.o ABSOLUTE
    HardWare\buzzer.c                        0x00000000   Number         0  buzzer.o ABSOLUTE
    HardWare\dht11.c                         0x00000000   Number         0  dht11.o ABSOLUTE
    HardWare\esp8266.c                       0x00000000   Number         0  esp8266.o ABSOLUTE
    HardWare\key.c                           0x00000000   Number         0  key.o ABSOLUTE
    HardWare\relay.c                         0x00000000   Number         0  relay.o ABSOLUTE
    Library\misc.c                           0x00000000   Number         0  misc.o ABSOLUTE
    Library\stm32f10x_adc.c                  0x00000000   Number         0  stm32f10x_adc.o ABSOLUTE
    Library\stm32f10x_bkp.c                  0x00000000   Number         0  stm32f10x_bkp.o ABSOLUTE
    Library\stm32f10x_can.c                  0x00000000   Number         0  stm32f10x_can.o ABSOLUTE
    Library\stm32f10x_cec.c                  0x00000000   Number         0  stm32f10x_cec.o ABSOLUTE
    Library\stm32f10x_crc.c                  0x00000000   Number         0  stm32f10x_crc.o ABSOLUTE
    Library\stm32f10x_dac.c                  0x00000000   Number         0  stm32f10x_dac.o ABSOLUTE
    Library\stm32f10x_dbgmcu.c               0x00000000   Number         0  stm32f10x_dbgmcu.o ABSOLUTE
    Library\stm32f10x_dma.c                  0x00000000   Number         0  stm32f10x_dma.o ABSOLUTE
    Library\stm32f10x_exti.c                 0x00000000   Number         0  stm32f10x_exti.o ABSOLUTE
    Library\stm32f10x_flash.c                0x00000000   Number         0  stm32f10x_flash.o ABSOLUTE
    Library\stm32f10x_fsmc.c                 0x00000000   Number         0  stm32f10x_fsmc.o ABSOLUTE
    Library\stm32f10x_gpio.c                 0x00000000   Number         0  stm32f10x_gpio.o ABSOLUTE
    Library\stm32f10x_i2c.c                  0x00000000   Number         0  stm32f10x_i2c.o ABSOLUTE
    Library\stm32f10x_iwdg.c                 0x00000000   Number         0  stm32f10x_iwdg.o ABSOLUTE
    Library\stm32f10x_pwr.c                  0x00000000   Number         0  stm32f10x_pwr.o ABSOLUTE
    Library\stm32f10x_rcc.c                  0x00000000   Number         0  stm32f10x_rcc.o ABSOLUTE
    Library\stm32f10x_rtc.c                  0x00000000   Number         0  stm32f10x_rtc.o ABSOLUTE
    Library\stm32f10x_sdio.c                 0x00000000   Number         0  stm32f10x_sdio.o ABSOLUTE
    Library\stm32f10x_spi.c                  0x00000000   Number         0  stm32f10x_spi.o ABSOLUTE
    Library\stm32f10x_tim.c                  0x00000000   Number         0  stm32f10x_tim.o ABSOLUTE
    Library\stm32f10x_usart.c                0x00000000   Number         0  stm32f10x_usart.o ABSOLUTE
    Library\stm32f10x_wwdg.c                 0x00000000   Number         0  stm32f10x_wwdg.o ABSOLUTE
    Start\\core_cm3.c                        0x00000000   Number         0  core_cm3.o ABSOLUTE
    Start\core_cm3.c                         0x00000000   Number         0  core_cm3.o ABSOLUTE
    Start\startup_stm32f10x_md.s             0x00000000   Number         0  startup_stm32f10x_md.o ABSOLUTE
    Start\system_stm32f10x.c                 0x00000000   Number         0  system_stm32f10x.o ABSOLUTE
    System\Delay.c                           0x00000000   Number         0  delay.o ABSOLUTE
    System\Initialization.c                  0x00000000   Number         0  initialization.o ABSOLUTE
    System\Task.c                            0x00000000   Number         0  task.o ABSOLUTE
    System\sys.c                             0x00000000   Number         0  sys.o ABSOLUTE
    User\main.c                              0x00000000   Number         0  main.o ABSOLUTE
    User\menu.c                              0x00000000   Number         0  menu.o ABSOLUTE
    User\stm32f10x_it.c                      0x00000000   Number         0  stm32f10x_it.o ABSOLUTE
    cdcmple.s                                0x00000000   Number         0  cdcmple.o ABSOLUTE
    cdrcmple.s                               0x00000000   Number         0  cdrcmple.o ABSOLUTE
    cfcmple.s                                0x00000000   Number         0  cfcmple.o ABSOLUTE
    dc.s                                     0x00000000   Number         0  dc.o ABSOLUTE
    handlers.s                               0x00000000   Number         0  handlers.o ABSOLUTE
    init.s                                   0x00000000   Number         0  init.o ABSOLUTE
    RESET                                    0x08000000   Section      236  startup_stm32f10x_md.o(RESET)
    .ARM.Collect$$$$00000000                 0x080000ec   Section        0  entry.o(.ARM.Collect$$$$00000000)
    .ARM.Collect$$$$00000001                 0x080000ec   Section        4  entry2.o(.ARM.Collect$$$$00000001)
    .ARM.Collect$$$$00000004                 0x080000f0   Section        4  entry5.o(.ARM.Collect$$$$00000004)
    .ARM.Collect$$$$00000008                 0x080000f4   Section        0  entry7b.o(.ARM.Collect$$$$00000008)
    .ARM.Collect$$$$0000000A                 0x080000f4   Section        0  entry8b.o(.ARM.Collect$$$$0000000A)
    .ARM.Collect$$$$0000000B                 0x080000f4   Section        8  entry9a.o(.ARM.Collect$$$$0000000B)
    .ARM.Collect$$$$0000000D                 0x080000fc   Section        0  entry10a.o(.ARM.Collect$$$$0000000D)
    .ARM.Collect$$$$0000000F                 0x080000fc   Section        0  entry11a.o(.ARM.Collect$$$$0000000F)
    .ARM.Collect$$$$00002712                 0x080000fc   Section        4  entry2.o(.ARM.Collect$$$$00002712)
    __lit__00000000                          0x080000fc   Data           4  entry2.o(.ARM.Collect$$$$00002712)
    .text                                    0x08000100   Section       36  startup_stm32f10x_md.o(.text)
    .text                                    0x08000124   Section        0  memseta.o(.text)
    .text                                    0x08000148   Section        0  strstr.o(.text)
    .text                                    0x0800016c   Section        0  strncpy.o(.text)
    .text                                    0x08000184   Section        0  strlen.o(.text)
    .text                                    0x08000192   Section        0  strcmp.o(.text)
    .text                                    0x080001ae   Section        0  strcpy.o(.text)
    .text                                    0x080001c0   Section        0  __0sscanf.o(.text)
    .text                                    0x080001f8   Section        0  _scanf_str.o(.text)
    .text                                    0x080002d8   Section        0  fdiv.o(.text)
    .text                                    0x08000354   Section        0  dadd.o(.text)
    .text                                    0x080004a2   Section        0  dmul.o(.text)
    .text                                    0x08000586   Section        0  ddiv.o(.text)
    .text                                    0x08000664   Section        0  ffltui.o(.text)
    .text                                    0x0800066e   Section        0  ffixui.o(.text)
    .text                                    0x08000696   Section        0  f2d.o(.text)
    .text                                    0x080006bc   Section       48  cdrcmple.o(.text)
    .text                                    0x080006ec   Section        0  uidiv.o(.text)
    .text                                    0x08000718   Section        0  uldiv.o(.text)
    .text                                    0x0800077a   Section        0  llshl.o(.text)
    .text                                    0x08000798   Section        0  llushr.o(.text)
    .text                                    0x080007b8   Section        0  llsshr.o(.text)
    .text                                    0x080007dc   Section        0  scanf_char.o(.text)
    _scanf_char_input                        0x080007dd   Thumb Code    12  scanf_char.o(.text)
    .text                                    0x08000804   Section        0  _sgetc.o(.text)
    .text                                    0x08000844   Section        0  iusefp.o(.text)
    .text                                    0x08000844   Section        0  fepilogue.o(.text)
    .text                                    0x080008b2   Section        0  depilogue.o(.text)
    .text                                    0x0800096c   Section        0  dfixul.o(.text)
    .text                                    0x0800099c   Section       36  init.o(.text)
    .text                                    0x080009c0   Section        0  ctype_o.o(.text)
    .text                                    0x080009c8   Section        0  isspace_o.o(.text)
    .text                                    0x080009dc   Section        0  _scanf.o(.text)
    i.BusFault_Handler                       0x08000d08   Section        0  stm32f10x_it.o(i.BusFault_Handler)
    i.Buzzer_Init                            0x08000d0c   Section        0  buzzer.o(i.Buzzer_Init)
    i.Clear_BuffData                         0x08000d40   Section        0  esp8266.o(i.Clear_BuffData)
    i.Connect_To_BaFa_Cloud                  0x08000d60   Section        0  main.o(i.Connect_To_BaFa_Cloud)
    i.Connect_tothe_cloud                    0x08000fb8   Section        0  esp8266.o(i.Connect_tothe_cloud)
    i.DHT11_Check                            0x08001150   Section        0  dht11.o(i.DHT11_Check)
    i.DHT11_Init                             0x080011b0   Section        0  dht11.o(i.DHT11_Init)
    i.DHT11_Mode                             0x080011f0   Section        0  dht11.o(i.DHT11_Mode)
    i.DHT11_Read_Bit                         0x08001228   Section        0  dht11.o(i.DHT11_Read_Bit)
    i.DHT11_Read_Byte                        0x0800128c   Section        0  dht11.o(i.DHT11_Read_Byte)
    i.DHT11_Read_Data                        0x080012aa   Section        0  dht11.o(i.DHT11_Read_Data)
    i.DHT11_Rst                              0x08001304   Section        0  dht11.o(i.DHT11_Rst)
    i.DebugMon_Handler                       0x08001338   Section        0  stm32f10x_it.o(i.DebugMon_Handler)
    i.Delay_Init                             0x0800133c   Section        0  delay.o(i.Delay_Init)
    i.Delay_ms                               0x0800139c   Section        0  delay.o(i.Delay_ms)
    i.Delay_us                               0x080013c0   Section        0  delay.o(i.Delay_us)
    i.ESP8266_Config                         0x0800146c   Section        0  esp8266.o(i.ESP8266_Config)
    i.GPIO_Init                              0x0800156c   Section        0  stm32f10x_gpio.o(i.GPIO_Init)
    i.GPIO_PinRemapConfig                    0x08001684   Section        0  stm32f10x_gpio.o(i.GPIO_PinRemapConfig)
    i.GPIO_ReadInputDataBit                  0x08001714   Section        0  stm32f10x_gpio.o(i.GPIO_ReadInputDataBit)
    i.GPIO_ResetBits                         0x08001726   Section        0  stm32f10x_gpio.o(i.GPIO_ResetBits)
    i.GPIO_SetBits                           0x0800172a   Section        0  stm32f10x_gpio.o(i.GPIO_SetBits)
    i.GPIO_WriteBit                          0x0800172e   Section        0  stm32f10x_gpio.o(i.GPIO_WriteBit)
    i.Get_Key_1                              0x08001738   Section        0  key.o(i.Get_Key_1)
    i.Get_Key_2                              0x08001774   Section        0  key.o(i.Get_Key_2)
    i.Get_Key_3                              0x080017ac   Section        0  key.o(i.Get_Key_3)
    i.Get_Key_4                              0x080017e4   Section        0  key.o(i.Get_Key_4)
    i.HardFault_Handler                      0x0800181c   Section        0  stm32f10x_it.o(i.HardFault_Handler)
    i.Key_Init                               0x08001820   Section        0  initialization.o(i.Key_Init)
    i.Manual_Mode                            0x08001890   Section        0  menu.o(i.Manual_Mode)
    i.MemManage_Handler                      0x080018d0   Section        0  stm32f10x_it.o(i.MemManage_Handler)
    i.NMI_Handler                            0x080018d4   Section        0  stm32f10x_it.o(i.NMI_Handler)
    i.NVIC_Init                              0x080018d8   Section        0  misc.o(i.NVIC_Init)
    i.NVIC_PriorityGroupConfig               0x08001948   Section        0  misc.o(i.NVIC_PriorityGroupConfig)
    i.OLED_ClearArea                         0x0800195c   Section        0  oled.o(i.OLED_ClearArea)
    i.OLED_DrawLine                          0x08001a04   Section        0  oled.o(i.OLED_DrawLine)
    i.OLED_DrawPoint                         0x08001b7c   Section        0  oled.o(i.OLED_DrawPoint)
    i.OLED_GPIO_Init                         0x08001bcc   Section        0  oled.o(i.OLED_GPIO_Init)
    i.OLED_I2C_SendByte                      0x08001c2c   Section        0  oled.o(i.OLED_I2C_SendByte)
    i.OLED_I2C_Start                         0x08001c6a   Section        0  oled.o(i.OLED_I2C_Start)
    i.OLED_I2C_Stop                          0x08001c86   Section        0  oled.o(i.OLED_I2C_Stop)
    i.OLED_Init                              0x08001c9c   Section        0  oled.o(i.OLED_Init)
    i.OLED_Pow                               0x08001d2e   Section        0  oled.o(i.OLED_Pow)
    i.OLED_SetCursor                         0x08001d42   Section        0  oled.o(i.OLED_SetCursor)
    i.OLED_ShowChar                          0x08001d64   Section        0  oled.o(i.OLED_ShowChar)
    i.OLED_ShowImage                         0x08001db8   Section        0  oled.o(i.OLED_ShowImage)
    i.OLED_ShowNum                           0x08001ee4   Section        0  oled.o(i.OLED_ShowNum)
    i.OLED_ShowString                        0x08001f30   Section        0  oled.o(i.OLED_ShowString)
    i.OLED_Update                            0x08001f60   Section        0  oled.o(i.OLED_Update)
    i.OLED_W_SCL                             0x08001f88   Section        0  oled.o(i.OLED_W_SCL)
    i.OLED_W_SDA                             0x08001fa0   Section        0  oled.o(i.OLED_W_SDA)
    i.OLED_WriteCommand                      0x08001fb8   Section        0  oled.o(i.OLED_WriteCommand)
    i.OLED_WriteData                         0x08001fd8   Section        0  oled.o(i.OLED_WriteData)
    i.PendSV_Handler                         0x08002006   Section        0  stm32f10x_it.o(i.PendSV_Handler)
    i.RCC_APB1PeriphClockCmd                 0x08002008   Section        0  stm32f10x_rcc.o(i.RCC_APB1PeriphClockCmd)
    i.RCC_APB2PeriphClockCmd                 0x08002028   Section        0  stm32f10x_rcc.o(i.RCC_APB2PeriphClockCmd)
    i.RCC_GetClocksFreq                      0x08002048   Section        0  stm32f10x_rcc.o(i.RCC_GetClocksFreq)
    i.SVC_Handler                            0x0800211c   Section        0  stm32f10x_it.o(i.SVC_Handler)
    i.Serial_Init                            0x08002120   Section        0  serial.o(i.Serial_Init)
    i.Serial_Pow                             0x080021d8   Section        0  serial.o(i.Serial_Pow)
    i.Serial_SendByte                        0x080021ec   Section        0  serial.o(i.Serial_SendByte)
    i.Serial_SendNumber                      0x0800220c   Section        0  serial.o(i.Serial_SendNumber)
    i.Serial_SendString                      0x08002246   Section        0  serial.o(i.Serial_SendString)
    i.SetSysClock                            0x08002260   Section        0  system_stm32f10x.o(i.SetSysClock)
    SetSysClock                              0x08002261   Thumb Code     8  system_stm32f10x.o(i.SetSysClock)
    i.SetSysClockTo72                        0x08002268   Section        0  system_stm32f10x.o(i.SetSysClockTo72)
    SetSysClockTo72                          0x08002269   Thumb Code   214  system_stm32f10x.o(i.SetSysClockTo72)
    i.SimpleDrawTempCurve                    0x08002348   Section        0  main.o(i.SimpleDrawTempCurve)
    i.SysTick_Handler                        0x080023f8   Section        0  delay.o(i.SysTick_Handler)
    i.SystemInit                             0x08002400   Section        0  system_stm32f10x.o(i.SystemInit)
    i.Task_RunScheduler                      0x08002460   Section        0  task.o(i.Task_RunScheduler)
    i.Task_UpdateTick                        0x08002540   Section        0  task.o(i.Task_UpdateTick)
    i.Test_ESP8266                           0x080025f0   Section        0  main.o(i.Test_ESP8266)
    i.USART1_IRQHandler                      0x08002e84   Section        0  serial.o(i.USART1_IRQHandler)
    i.USART2_IRQHandler                      0x08002f24   Section        0  esp8266.o(i.USART2_IRQHandler)
    i.USART2_SendByte                        0x08002fa4   Section        0  esp8266.o(i.USART2_SendByte)
    i.USART_ClearITPendingBit                0x08002fc4   Section        0  stm32f10x_usart.o(i.USART_ClearITPendingBit)
    i.USART_Cmd                              0x08002fe2   Section        0  stm32f10x_usart.o(i.USART_Cmd)
    i.USART_GetFlagStatus                    0x08002ffa   Section        0  stm32f10x_usart.o(i.USART_GetFlagStatus)
    i.USART_GetITStatus                      0x08003014   Section        0  stm32f10x_usart.o(i.USART_GetITStatus)
    i.USART_ITConfig                         0x08003068   Section        0  stm32f10x_usart.o(i.USART_ITConfig)
    i.USART_Init                             0x080030b4   Section        0  stm32f10x_usart.o(i.USART_Init)
    i.USART_ReceiveData                      0x0800318c   Section        0  stm32f10x_usart.o(i.USART_ReceiveData)
    i.USART_SendData                         0x08003196   Section        0  stm32f10x_usart.o(i.USART_SendData)
    i.UsageFault_Handler                     0x0800319e   Section        0  stm32f10x_it.o(i.UsageFault_Handler)
    i.WifiSendStr                            0x080031a2   Section        0  esp8266.o(i.WifiSendStr)
    i.__0sprintf                             0x080031b8   Section        0  printfa.o(i.__0sprintf)
    i.__scatterload_copy                     0x080031e0   Section       14  handlers.o(i.__scatterload_copy)
    i.__scatterload_null                     0x080031ee   Section        2  handlers.o(i.__scatterload_null)
    i.__scatterload_zeroinit                 0x080031f0   Section       14  handlers.o(i.__scatterload_zeroinit)
    i._fp_digits                             0x08003200   Section        0  printfa.o(i._fp_digits)
    _fp_digits                               0x08003201   Thumb Code   366  printfa.o(i._fp_digits)
    i._printf_core                           0x08003384   Section        0  printfa.o(i._printf_core)
    _printf_core                             0x08003385   Thumb Code  1744  printfa.o(i._printf_core)
    i._printf_post_padding                   0x08003a60   Section        0  printfa.o(i._printf_post_padding)
    _printf_post_padding                     0x08003a61   Thumb Code    36  printfa.o(i._printf_post_padding)
    i._printf_pre_padding                    0x08003a84   Section        0  printfa.o(i._printf_pre_padding)
    _printf_pre_padding                      0x08003a85   Thumb Code    46  printfa.o(i._printf_pre_padding)
    i._sputc                                 0x08003ab2   Section        0  printfa.o(i._sputc)
    _sputc                                   0x08003ab3   Thumb Code    10  printfa.o(i._sputc)
    i.main                                   0x08003abc   Section        0  main.o(i.main)
    i.relay_Init                             0x08003f00   Section        0  relay.o(i.relay_Init)
    i.relay_OFF                              0x08003f34   Section        0  relay.o(i.relay_OFF)
    i.relay_ON                               0x08003f44   Section        0  relay.o(i.relay_ON)
    i.upload_data                            0x08003f54   Section        0  main.o(i.upload_data)
    .constdata                               0x0800415c   Section     3754  oled_data.o(.constdata)
    .constdata                               0x08005006   Section      129  ctype_o.o(.constdata)
    .constdata                               0x08005088   Section        4  ctype_o.o(.constdata)
    table                                    0x08005088   Data           4  ctype_o.o(.constdata)
    .conststring                             0x0800508c   Section      190  main.o(.conststring)
    .conststring                             0x0800514c   Section        4  esp8266.o(.conststring)
    .data                                    0x20000000   Section       20  stm32f10x_rcc.o(.data)
    APBAHBPrescTable                         0x20000000   Data          16  stm32f10x_rcc.o(.data)
    ADCPrescTable                            0x20000010   Data           4  stm32f10x_rcc.o(.data)
    .data                                    0x20000014   Section      149  main.o(.data)
    temp_pos                                 0x2000009a   Data           1  main.o(.data)
    last_status_time                         0x2000009c   Data           4  main.o(.data)
    last_connect_time                        0x200000a0   Data           4  main.o(.data)
    last_temp_read                           0x200000a4   Data           4  main.o(.data)
    key3_count                               0x200000a8   Data           1  main.o(.data)
    .data                                    0x200000ac   Section       24  menu.o(.data)
    .data                                    0x200000c4   Section       24  esp8266.o(.data)
    .data                                    0x200000dc   Section        3  serial.o(.data)
    RxState                                  0x200000dd   Data           1  serial.o(.data)
    pRxPacket                                0x200000de   Data           1  serial.o(.data)
    .data                                    0x200000e0   Section        8  task.o(.data)
    task_ready_bitmap                        0x200000e4   Data           2  task.o(.data)
    task_active_bitmap                       0x200000e6   Data           2  task.o(.data)
    .bss                                     0x200000e8   Section      812  main.o(.bss)
    last_temps                               0x20000314   Data         256  main.o(.bss)
    .bss                                     0x20000414   Section     1200  esp8266.o(.bss)
    .bss                                     0x200008c4   Section     1024  oled.o(.bss)
    .bss                                     0x20000cc4   Section      100  serial.o(.bss)
    .bss                                     0x20000d28   Section      280  task.o(.bss)
    STACK                                    0x20000e40   Section     1024  startup_stm32f10x_md.o(STACK)

    Global Symbols

    Symbol Name                              Value     Ov Type        Size  Object(Section)

    BuildAttributes$$THM_ISAv4$P$D$K$B$S$PE$A:L22UL41UL21$X:L11$S22US41US21$IEEE1$IW$USESV6$~STKCKD$USESV7$~SHL$OTIME$ROPI$IEEEX$EBA8$MICROLIB$REQ8$PRES8$EABIv2 0x00000000   Number         0  anon$$obj.o ABSOLUTE
    __ARM_use_no_argv                        0x00000000   Number         0  main.o ABSOLUTE
    _printf_a                                0x00000000   Number         0  stubs.o ABSOLUTE
    _printf_c                                0x00000000   Number         0  stubs.o ABSOLUTE
    _printf_charcount                        0x00000000   Number         0  stubs.o ABSOLUTE
    _printf_d                                0x00000000   Number         0  stubs.o ABSOLUTE
    _printf_e                                0x00000000   Number         0  stubs.o ABSOLUTE
    _printf_f                                0x00000000   Number         0  stubs.o ABSOLUTE
    _printf_flags                            0x00000000   Number         0  stubs.o ABSOLUTE
    _printf_fp_dec                           0x00000000   Number         0  stubs.o ABSOLUTE
    _printf_fp_hex                           0x00000000   Number         0  stubs.o ABSOLUTE
    _printf_g                                0x00000000   Number         0  stubs.o ABSOLUTE
    _printf_i                                0x00000000   Number         0  stubs.o ABSOLUTE
    _printf_int_dec                          0x00000000   Number         0  stubs.o ABSOLUTE
    _printf_l                                0x00000000   Number         0  stubs.o ABSOLUTE
    _printf_lc                               0x00000000   Number         0  stubs.o ABSOLUTE
    _printf_ll                               0x00000000   Number         0  stubs.o ABSOLUTE
    _printf_lld                              0x00000000   Number         0  stubs.o ABSOLUTE
    _printf_lli                              0x00000000   Number         0  stubs.o ABSOLUTE
    _printf_llo                              0x00000000   Number         0  stubs.o ABSOLUTE
    _printf_llu                              0x00000000   Number         0  stubs.o ABSOLUTE
    _printf_llx                              0x00000000   Number         0  stubs.o ABSOLUTE
    _printf_longlong_dec                     0x00000000   Number         0  stubs.o ABSOLUTE
    _printf_longlong_hex                     0x00000000   Number         0  stubs.o ABSOLUTE
    _printf_longlong_oct                     0x00000000   Number         0  stubs.o ABSOLUTE
    _printf_ls                               0x00000000   Number         0  stubs.o ABSOLUTE
    _printf_mbtowc                           0x00000000   Number         0  stubs.o ABSOLUTE
    _printf_n                                0x00000000   Number         0  stubs.o ABSOLUTE
    _printf_o                                0x00000000   Number         0  stubs.o ABSOLUTE
    _printf_p                                0x00000000   Number         0  stubs.o ABSOLUTE
    _printf_percent                          0x00000000   Number         0  stubs.o ABSOLUTE
    _printf_pre_padding                      0x00000000   Number         0  stubs.o ABSOLUTE
    _printf_return_value                     0x00000000   Number         0  stubs.o ABSOLUTE
    _printf_s                                0x00000000   Number         0  stubs.o ABSOLUTE
    _printf_sizespec                         0x00000000   Number         0  stubs.o ABSOLUTE
    _printf_str                              0x00000000   Number         0  stubs.o ABSOLUTE
    _printf_truncate_signed                  0x00000000   Number         0  stubs.o ABSOLUTE
    _printf_truncate_unsigned                0x00000000   Number         0  stubs.o ABSOLUTE
    _printf_u                                0x00000000   Number         0  stubs.o ABSOLUTE
    _printf_wc                               0x00000000   Number         0  stubs.o ABSOLUTE
    _printf_wctomb                           0x00000000   Number         0  stubs.o ABSOLUTE
    _printf_widthprec                        0x00000000   Number         0  stubs.o ABSOLUTE
    _printf_x                                0x00000000   Number         0  stubs.o ABSOLUTE
    __cpp_initialize__aeabi_                  - Undefined Weak Reference
    __cxa_finalize                            - Undefined Weak Reference
    __decompress                              - Undefined Weak Reference
    _clock_init                               - Undefined Weak Reference
    _microlib_exit                            - Undefined Weak Reference
    _scanf_int                                - Undefined Weak Reference
    _scanf_longlong                           - Undefined Weak Reference
    __Vectors_Size                           0x000000ec   Number         0  startup_stm32f10x_md.o ABSOLUTE
    __Vectors                                0x08000000   Data           4  startup_stm32f10x_md.o(RESET)
    __Vectors_End                            0x080000ec   Data           0  startup_stm32f10x_md.o(RESET)
    __main                                   0x080000ed   Thumb Code     0  entry.o(.ARM.Collect$$$$00000000)
    _main_stk                                0x080000ed   Thumb Code     0  entry2.o(.ARM.Collect$$$$00000001)
    _main_scatterload                        0x080000f1   Thumb Code     0  entry5.o(.ARM.Collect$$$$00000004)
    __main_after_scatterload                 0x080000f5   Thumb Code     0  entry5.o(.ARM.Collect$$$$00000004)
    _main_clock                              0x080000f5   Thumb Code     0  entry7b.o(.ARM.Collect$$$$00000008)
    _main_cpp_init                           0x080000f5   Thumb Code     0  entry8b.o(.ARM.Collect$$$$0000000A)
    _main_init                               0x080000f5   Thumb Code     0  entry9a.o(.ARM.Collect$$$$0000000B)
    __rt_final_cpp                           0x080000fd   Thumb Code     0  entry10a.o(.ARM.Collect$$$$0000000D)
    __rt_final_exit                          0x080000fd   Thumb Code     0  entry11a.o(.ARM.Collect$$$$0000000F)
    Reset_Handler                            0x08000101   Thumb Code     8  startup_stm32f10x_md.o(.text)
    ADC1_2_IRQHandler                        0x0800011b   Thumb Code     0  startup_stm32f10x_md.o(.text)
    CAN1_RX1_IRQHandler                      0x0800011b   Thumb Code     0  startup_stm32f10x_md.o(.text)
    CAN1_SCE_IRQHandler                      0x0800011b   Thumb Code     0  startup_stm32f10x_md.o(.text)
    DMA1_Channel1_IRQHandler                 0x0800011b   Thumb Code     0  startup_stm32f10x_md.o(.text)
    DMA1_Channel2_IRQHandler                 0x0800011b   Thumb Code     0  startup_stm32f10x_md.o(.text)
    DMA1_Channel3_IRQHandler                 0x0800011b   Thumb Code     0  startup_stm32f10x_md.o(.text)
    DMA1_Channel4_IRQHandler                 0x0800011b   Thumb Code     0  startup_stm32f10x_md.o(.text)
    DMA1_Channel5_IRQHandler                 0x0800011b   Thumb Code     0  startup_stm32f10x_md.o(.text)
    DMA1_Channel6_IRQHandler                 0x0800011b   Thumb Code     0  startup_stm32f10x_md.o(.text)
    DMA1_Channel7_IRQHandler                 0x0800011b   Thumb Code     0  startup_stm32f10x_md.o(.text)
    EXTI0_IRQHandler                         0x0800011b   Thumb Code     0  startup_stm32f10x_md.o(.text)
    EXTI15_10_IRQHandler                     0x0800011b   Thumb Code     0  startup_stm32f10x_md.o(.text)
    EXTI1_IRQHandler                         0x0800011b   Thumb Code     0  startup_stm32f10x_md.o(.text)
    EXTI2_IRQHandler                         0x0800011b   Thumb Code     0  startup_stm32f10x_md.o(.text)
    EXTI3_IRQHandler                         0x0800011b   Thumb Code     0  startup_stm32f10x_md.o(.text)
    EXTI4_IRQHandler                         0x0800011b   Thumb Code     0  startup_stm32f10x_md.o(.text)
    EXTI9_5_IRQHandler                       0x0800011b   Thumb Code     0  startup_stm32f10x_md.o(.text)
    FLASH_IRQHandler                         0x0800011b   Thumb Code     0  startup_stm32f10x_md.o(.text)
    I2C1_ER_IRQHandler                       0x0800011b   Thumb Code     0  startup_stm32f10x_md.o(.text)
    I2C1_EV_IRQHandler                       0x0800011b   Thumb Code     0  startup_stm32f10x_md.o(.text)
    I2C2_ER_IRQHandler                       0x0800011b   Thumb Code     0  startup_stm32f10x_md.o(.text)
    I2C2_EV_IRQHandler                       0x0800011b   Thumb Code     0  startup_stm32f10x_md.o(.text)
    PVD_IRQHandler                           0x0800011b   Thumb Code     0  startup_stm32f10x_md.o(.text)
    RCC_IRQHandler                           0x0800011b   Thumb Code     0  startup_stm32f10x_md.o(.text)
    RTCAlarm_IRQHandler                      0x0800011b   Thumb Code     0  startup_stm32f10x_md.o(.text)
    RTC_IRQHandler                           0x0800011b   Thumb Code     0  startup_stm32f10x_md.o(.text)
    SPI1_IRQHandler                          0x0800011b   Thumb Code     0  startup_stm32f10x_md.o(.text)
    SPI2_IRQHandler                          0x0800011b   Thumb Code     0  startup_stm32f10x_md.o(.text)
    TAMPER_IRQHandler                        0x0800011b   Thumb Code     0  startup_stm32f10x_md.o(.text)
    TIM1_BRK_IRQHandler                      0x0800011b   Thumb Code     0  startup_stm32f10x_md.o(.text)
    TIM1_CC_IRQHandler                       0x0800011b   Thumb Code     0  startup_stm32f10x_md.o(.text)
    TIM1_TRG_COM_IRQHandler                  0x0800011b   Thumb Code     0  startup_stm32f10x_md.o(.text)
    TIM1_UP_IRQHandler                       0x0800011b   Thumb Code     0  startup_stm32f10x_md.o(.text)
    TIM2_IRQHandler                          0x0800011b   Thumb Code     0  startup_stm32f10x_md.o(.text)
    TIM3_IRQHandler                          0x0800011b   Thumb Code     0  startup_stm32f10x_md.o(.text)
    TIM4_IRQHandler                          0x0800011b   Thumb Code     0  startup_stm32f10x_md.o(.text)
    USART3_IRQHandler                        0x0800011b   Thumb Code     0  startup_stm32f10x_md.o(.text)
    USBWakeUp_IRQHandler                     0x0800011b   Thumb Code     0  startup_stm32f10x_md.o(.text)
    USB_HP_CAN1_TX_IRQHandler                0x0800011b   Thumb Code     0  startup_stm32f10x_md.o(.text)
    USB_LP_CAN1_RX0_IRQHandler               0x0800011b   Thumb Code     0  startup_stm32f10x_md.o(.text)
    WWDG_IRQHandler                          0x0800011b   Thumb Code     0  startup_stm32f10x_md.o(.text)
    __aeabi_memset                           0x08000125   Thumb Code    14  memseta.o(.text)
    __aeabi_memset4                          0x08000125   Thumb Code     0  memseta.o(.text)
    __aeabi_memset8                          0x08000125   Thumb Code     0  memseta.o(.text)
    __aeabi_memclr                           0x08000133   Thumb Code     4  memseta.o(.text)
    __aeabi_memclr4                          0x08000133   Thumb Code     0  memseta.o(.text)
    __aeabi_memclr8                          0x08000133   Thumb Code     0  memseta.o(.text)
    _memset$wrapper                          0x08000137   Thumb Code    18  memseta.o(.text)
    strstr                                   0x08000149   Thumb Code    36  strstr.o(.text)
    strncpy                                  0x0800016d   Thumb Code    24  strncpy.o(.text)
    strlen                                   0x08000185   Thumb Code    14  strlen.o(.text)
    strcmp                                   0x08000193   Thumb Code    28  strcmp.o(.text)
    strcpy                                   0x080001af   Thumb Code    18  strcpy.o(.text)
    __0sscanf                                0x080001c1   Thumb Code    48  __0sscanf.o(.text)
    _scanf_string                            0x080001f9   Thumb Code   224  _scanf_str.o(.text)
    __aeabi_fdiv                             0x080002d9   Thumb Code   124  fdiv.o(.text)
    __aeabi_dadd                             0x08000355   Thumb Code   322  dadd.o(.text)
    __aeabi_dsub                             0x08000497   Thumb Code     6  dadd.o(.text)
    __aeabi_drsub                            0x0800049d   Thumb Code     6  dadd.o(.text)
    __aeabi_dmul                             0x080004a3   Thumb Code   228  dmul.o(.text)
    __aeabi_ddiv                             0x08000587   Thumb Code   222  ddiv.o(.text)
    __aeabi_ui2f                             0x08000665   Thumb Code    10  ffltui.o(.text)
    __aeabi_f2uiz                            0x0800066f   Thumb Code    40  ffixui.o(.text)
    __aeabi_f2d                              0x08000697   Thumb Code    38  f2d.o(.text)
    __aeabi_cdrcmple                         0x080006bd   Thumb Code    48  cdrcmple.o(.text)
    __aeabi_uidiv                            0x080006ed   Thumb Code     0  uidiv.o(.text)
    __aeabi_uidivmod                         0x080006ed   Thumb Code    44  uidiv.o(.text)
    __aeabi_uldivmod                         0x08000719   Thumb Code    98  uldiv.o(.text)
    __aeabi_llsl                             0x0800077b   Thumb Code    30  llshl.o(.text)
    _ll_shift_l                              0x0800077b   Thumb Code     0  llshl.o(.text)
    __aeabi_llsr                             0x08000799   Thumb Code    32  llushr.o(.text)
    _ll_ushift_r                             0x08000799   Thumb Code     0  llushr.o(.text)
    __aeabi_lasr                             0x080007b9   Thumb Code    36  llsshr.o(.text)
    _ll_sshift_r                             0x080007b9   Thumb Code     0  llsshr.o(.text)
    __vfscanf_char                           0x080007e9   Thumb Code    20  scanf_char.o(.text)
    _sgetc                                   0x08000805   Thumb Code    30  _sgetc.o(.text)
    _sbackspace                              0x08000823   Thumb Code    34  _sgetc.o(.text)
    __I$use$fp                               0x08000845   Thumb Code     0  iusefp.o(.text)
    _float_round                             0x08000845   Thumb Code    18  fepilogue.o(.text)
    _float_epilogue                          0x08000857   Thumb Code    92  fepilogue.o(.text)
    _double_round                            0x080008b3   Thumb Code    30  depilogue.o(.text)
    _double_epilogue                         0x080008d1   Thumb Code   156  depilogue.o(.text)
    __aeabi_d2ulz                            0x0800096d   Thumb Code    48  dfixul.o(.text)
    __scatterload                            0x0800099d   Thumb Code    28  init.o(.text)
    __scatterload_rt2                        0x0800099d   Thumb Code     0  init.o(.text)
    __rt_ctype_table                         0x080009c1   Thumb Code     4  ctype_o.o(.text)
    isspace                                  0x080009c9   Thumb Code    18  isspace_o.o(.text)
    __vfscanf                                0x080009dd   Thumb Code   808  _scanf.o(.text)
    BusFault_Handler                         0x08000d09   Thumb Code     4  stm32f10x_it.o(i.BusFault_Handler)
    Buzzer_Init                              0x08000d0d   Thumb Code    46  buzzer.o(i.Buzzer_Init)
    Clear_BuffData                           0x08000d41   Thumb Code    26  esp8266.o(i.Clear_BuffData)
    Connect_To_BaFa_Cloud                    0x08000d61   Thumb Code   160  main.o(i.Connect_To_BaFa_Cloud)
    Connect_tothe_cloud                      0x08000fb9   Thumb Code   196  esp8266.o(i.Connect_tothe_cloud)
    DHT11_Check                              0x08001151   Thumb Code    92  dht11.o(i.DHT11_Check)
    DHT11_Init                               0x080011b1   Thumb Code    58  dht11.o(i.DHT11_Init)
    DHT11_Mode                               0x080011f1   Thumb Code    52  dht11.o(i.DHT11_Mode)
    DHT11_Read_Bit                           0x08001229   Thumb Code    94  dht11.o(i.DHT11_Read_Bit)
    DHT11_Read_Byte                          0x0800128d   Thumb Code    30  dht11.o(i.DHT11_Read_Byte)
    DHT11_Read_Data                          0x080012ab   Thumb Code    88  dht11.o(i.DHT11_Read_Data)
    DHT11_Rst                                0x08001305   Thumb Code    46  dht11.o(i.DHT11_Rst)
    DebugMon_Handler                         0x08001339   Thumb Code     2  stm32f10x_it.o(i.DebugMon_Handler)
    Delay_Init                               0x0800133d   Thumb Code    84  delay.o(i.Delay_Init)
    Delay_ms                                 0x0800139d   Thumb Code    30  delay.o(i.Delay_ms)
    Delay_us                                 0x080013c1   Thumb Code   170  delay.o(i.Delay_us)
    ESP8266_Config                           0x0800146d   Thumb Code   234  esp8266.o(i.ESP8266_Config)
    GPIO_Init                                0x0800156d   Thumb Code   278  stm32f10x_gpio.o(i.GPIO_Init)
    GPIO_PinRemapConfig                      0x08001685   Thumb Code   138  stm32f10x_gpio.o(i.GPIO_PinRemapConfig)
    GPIO_ReadInputDataBit                    0x08001715   Thumb Code    18  stm32f10x_gpio.o(i.GPIO_ReadInputDataBit)
    GPIO_ResetBits                           0x08001727   Thumb Code     4  stm32f10x_gpio.o(i.GPIO_ResetBits)
    GPIO_SetBits                             0x0800172b   Thumb Code     4  stm32f10x_gpio.o(i.GPIO_SetBits)
    GPIO_WriteBit                            0x0800172f   Thumb Code    10  stm32f10x_gpio.o(i.GPIO_WriteBit)
    Get_Key_1                                0x08001739   Thumb Code    54  key.o(i.Get_Key_1)
    Get_Key_2                                0x08001775   Thumb Code    50  key.o(i.Get_Key_2)
    Get_Key_3                                0x080017ad   Thumb Code    50  key.o(i.Get_Key_3)
    Get_Key_4                                0x080017e5   Thumb Code    50  key.o(i.Get_Key_4)
    HardFault_Handler                        0x0800181d   Thumb Code     4  stm32f10x_it.o(i.HardFault_Handler)
    Key_Init                                 0x08001821   Thumb Code    98  initialization.o(i.Key_Init)
    Manual_Mode                              0x08001891   Thumb Code    56  menu.o(i.Manual_Mode)
    MemManage_Handler                        0x080018d1   Thumb Code     4  stm32f10x_it.o(i.MemManage_Handler)
    NMI_Handler                              0x080018d5   Thumb Code     2  stm32f10x_it.o(i.NMI_Handler)
    NVIC_Init                                0x080018d9   Thumb Code   100  misc.o(i.NVIC_Init)
    NVIC_PriorityGroupConfig                 0x08001949   Thumb Code    10  misc.o(i.NVIC_PriorityGroupConfig)
    OLED_ClearArea                           0x0800195d   Thumb Code   162  oled.o(i.OLED_ClearArea)
    OLED_DrawLine                            0x08001a05   Thumb Code   374  oled.o(i.OLED_DrawLine)
    OLED_DrawPoint                           0x08001b7d   Thumb Code    74  oled.o(i.OLED_DrawPoint)
    OLED_GPIO_Init                           0x08001bcd   Thumb Code    92  oled.o(i.OLED_GPIO_Init)
    OLED_I2C_SendByte                        0x08001c2d   Thumb Code    62  oled.o(i.OLED_I2C_SendByte)
    OLED_I2C_Start                           0x08001c6b   Thumb Code    28  oled.o(i.OLED_I2C_Start)
    OLED_I2C_Stop                            0x08001c87   Thumb Code    22  oled.o(i.OLED_I2C_Stop)
    OLED_Init                                0x08001c9d   Thumb Code   146  oled.o(i.OLED_Init)
    OLED_Pow                                 0x08001d2f   Thumb Code    20  oled.o(i.OLED_Pow)
    OLED_SetCursor                           0x08001d43   Thumb Code    34  oled.o(i.OLED_SetCursor)
    OLED_ShowChar                            0x08001d65   Thumb Code    74  oled.o(i.OLED_ShowChar)
    OLED_ShowImage                           0x08001db9   Thumb Code   296  oled.o(i.OLED_ShowImage)
    OLED_ShowNum                             0x08001ee5   Thumb Code    76  oled.o(i.OLED_ShowNum)
    OLED_ShowString                          0x08001f31   Thumb Code    46  oled.o(i.OLED_ShowString)
    OLED_Update                              0x08001f61   Thumb Code    36  oled.o(i.OLED_Update)
    OLED_W_SCL                               0x08001f89   Thumb Code    18  oled.o(i.OLED_W_SCL)
    OLED_W_SDA                               0x08001fa1   Thumb Code    18  oled.o(i.OLED_W_SDA)
    OLED_WriteCommand                        0x08001fb9   Thumb Code    32  oled.o(i.OLED_WriteCommand)
    OLED_WriteData                           0x08001fd9   Thumb Code    46  oled.o(i.OLED_WriteData)
    PendSV_Handler                           0x08002007   Thumb Code     2  stm32f10x_it.o(i.PendSV_Handler)
    RCC_APB1PeriphClockCmd                   0x08002009   Thumb Code    26  stm32f10x_rcc.o(i.RCC_APB1PeriphClockCmd)
    RCC_APB2PeriphClockCmd                   0x08002029   Thumb Code    26  stm32f10x_rcc.o(i.RCC_APB2PeriphClockCmd)
    RCC_GetClocksFreq                        0x08002049   Thumb Code   192  stm32f10x_rcc.o(i.RCC_GetClocksFreq)
    SVC_Handler                              0x0800211d   Thumb Code     2  stm32f10x_it.o(i.SVC_Handler)
    Serial_Init                              0x08002121   Thumb Code   174  serial.o(i.Serial_Init)
    Serial_Pow                               0x080021d9   Thumb Code    20  serial.o(i.Serial_Pow)
    Serial_SendByte                          0x080021ed   Thumb Code    28  serial.o(i.Serial_SendByte)
    Serial_SendNumber                        0x0800220d   Thumb Code    58  serial.o(i.Serial_SendNumber)
    Serial_SendString                        0x08002247   Thumb Code    26  serial.o(i.Serial_SendString)
    SimpleDrawTempCurve                      0x08002349   Thumb Code   162  main.o(i.SimpleDrawTempCurve)
    SysTick_Handler                          0x080023f9   Thumb Code     8  delay.o(i.SysTick_Handler)
    SystemInit                               0x08002401   Thumb Code    78  system_stm32f10x.o(i.SystemInit)
    Task_RunScheduler                        0x08002461   Thumb Code   208  task.o(i.Task_RunScheduler)
    Task_UpdateTick                          0x08002541   Thumb Code   160  task.o(i.Task_UpdateTick)
    Test_ESP8266                             0x080025f1   Thumb Code  1922  main.o(i.Test_ESP8266)
    USART1_IRQHandler                        0x08002e85   Thumb Code   140  serial.o(i.USART1_IRQHandler)
    USART2_IRQHandler                        0x08002f25   Thumb Code   118  esp8266.o(i.USART2_IRQHandler)
    USART2_SendByte                          0x08002fa5   Thumb Code    28  esp8266.o(i.USART2_SendByte)
    USART_ClearITPendingBit                  0x08002fc5   Thumb Code    30  stm32f10x_usart.o(i.USART_ClearITPendingBit)
    USART_Cmd                                0x08002fe3   Thumb Code    24  stm32f10x_usart.o(i.USART_Cmd)
    USART_GetFlagStatus                      0x08002ffb   Thumb Code    26  stm32f10x_usart.o(i.USART_GetFlagStatus)
    USART_GetITStatus                        0x08003015   Thumb Code    84  stm32f10x_usart.o(i.USART_GetITStatus)
    USART_ITConfig                           0x08003069   Thumb Code    74  stm32f10x_usart.o(i.USART_ITConfig)
    USART_Init                               0x080030b5   Thumb Code   210  stm32f10x_usart.o(i.USART_Init)
    USART_ReceiveData                        0x0800318d   Thumb Code    10  stm32f10x_usart.o(i.USART_ReceiveData)
    USART_SendData                           0x08003197   Thumb Code     8  stm32f10x_usart.o(i.USART_SendData)
    UsageFault_Handler                       0x0800319f   Thumb Code     4  stm32f10x_it.o(i.UsageFault_Handler)
    WifiSendStr                              0x080031a3   Thumb Code    22  esp8266.o(i.WifiSendStr)
    __0sprintf                               0x080031b9   Thumb Code    34  printfa.o(i.__0sprintf)
    __1sprintf                               0x080031b9   Thumb Code     0  printfa.o(i.__0sprintf)
    __2sprintf                               0x080031b9   Thumb Code     0  printfa.o(i.__0sprintf)
    __c89sprintf                             0x080031b9   Thumb Code     0  printfa.o(i.__0sprintf)
    sprintf                                  0x080031b9   Thumb Code     0  printfa.o(i.__0sprintf)
    __scatterload_copy                       0x080031e1   Thumb Code    14  handlers.o(i.__scatterload_copy)
    __scatterload_null                       0x080031ef   Thumb Code     2  handlers.o(i.__scatterload_null)
    __scatterload_zeroinit                   0x080031f1   Thumb Code    14  handlers.o(i.__scatterload_zeroinit)
    main                                     0x08003abd   Thumb Code   524  main.o(i.main)
    relay_Init                               0x08003f01   Thumb Code    46  relay.o(i.relay_Init)
    relay_OFF                                0x08003f35   Thumb Code    12  relay.o(i.relay_OFF)
    relay_ON                                 0x08003f45   Thumb Code    12  relay.o(i.relay_ON)
    upload_data                              0x08003f55   Thumb Code   184  main.o(i.upload_data)
    OLED_F8x16                               0x0800415c   Data        1520  oled_data.o(.constdata)
    OLED_F6x8                                0x0800474c   Data         570  oled_data.o(.constdata)
    OLED_CF16x16                             0x08004986   Data        1440  oled_data.o(.constdata)
    Diode                                    0x08004f26   Data          32  oled_data.o(.constdata)
    yi                                       0x08004f46   Data          64  oled_data.o(.constdata)
    er                                       0x08004f86   Data         128  oled_data.o(.constdata)
    __ctype_table                            0x08005006   Data         129  ctype_o.o(.constdata)
    Region$$Table$$Base                      0x08005150   Number         0  anon$$obj.o(Region$$Table)
    Region$$Table$$Limit                     0x08005170   Number         0  anon$$obj.o(Region$$Table)
    c                                        0x20000014   Data           1  main.o(.data)
    connect_flag                             0x20000015   Data           1  main.o(.data)
    saved_ip                                 0x20000016   Data          20  main.o(.data)
    saved_mode                               0x2000002a   Data          30  main.o(.data)
    saved_status                             0x20000048   Data          20  main.o(.data)
    saved_wifi_name                          0x2000005c   Data          50  main.o(.data)
    temp                                     0x2000008e   Data           1  main.o(.data)
    humi                                     0x2000008f   Data           1  main.o(.data)
    key_num                                  0x20000090   Data           1  main.o(.data)
    main_mode_flag                           0x20000091   Data           1  main.o(.data)
    main_key_flag                            0x20000092   Data           1  main.o(.data)
    keyTaskID                                0x20000093   Data           1  main.o(.data)
    dataTaskID                               0x20000094   Data           1  main.o(.data)
    alarmTaskID                              0x20000095   Data           1  main.o(.data)
    showTaskID                               0x20000096   Data           1  main.o(.data)
    IWDG_ID                                  0x20000097   Data           1  main.o(.data)
    wifiID                                   0x20000098   Data           1  main.o(.data)
    uploadID                                 0x20000099   Data           1  main.o(.data)
    mode_flag                                0x200000ac   Data           1  menu.o(.data)
    key_flag                                 0x200000ad   Data           1  menu.o(.data)
    flag                                     0x200000ae   Data           1  menu.o(.data)
    Oxygen_Lower                             0x200000af   Data           1  menu.o(.data)
    Oxygen_Upper                             0x200000b0   Data           1  menu.o(.data)
    Heart_Lower                              0x200000b1   Data           1  menu.o(.data)
    Heart_Upper                              0x200000b2   Data           1  menu.o(.data)
    Temperature_Lower                        0x200000b4   Data           4  menu.o(.data)
    Temperature_Upper                        0x200000b8   Data           4  menu.o(.data)
    Humidity_Lower                           0x200000bc   Data           4  menu.o(.data)
    Humidity_Upper                           0x200000c0   Data           4  menu.o(.data)
    connected                                0x200000c4   Data           1  esp8266.o(.data)
    UART_RxFlag                              0x200000c5   Data           1  esp8266.o(.data)
    Long                                     0x200000c8   Data           4  esp8266.o(.data)
    name_flag_maps                           0x200000cc   Data          12  esp8266.o(.data)
    topic                                    0x200000d8   Data           4  esp8266.o(.data)
    Serial_RxFlag                            0x200000dc   Data           1  serial.o(.data)
    system_time                              0x200000e0   Data           4  task.o(.data)
    data                                     0x200000e8   Data          44  main.o(.bss)
    buff                                     0x20000114   Data         512  main.o(.bss)
    wifi                                     0x20000414   Data        1028  esp8266.o(.bss)
    Str                                      0x20000818   Data          30  esp8266.o(.bss)
    UART_RxPacket                            0x20000836   Data         128  esp8266.o(.bss)
    HTTPIP                                   0x200008b6   Data          14  esp8266.o(.bss)
    OLED_DisplayBuf                          0x200008c4   Data        1024  oled.o(.bss)
    Serial_RxPacket                          0x20000cc4   Data         100  serial.o(.bss)
    tasks                                    0x20000d28   Data         280  task.o(.bss)
    __initial_sp                             0x20001240   Data           0  startup_stm32f10x_md.o(STACK)



==============================================================================

Memory Map of the image

  Image Entry point : 0x080000ed

  Load Region LR_IROM1 (Base: 0x08000000, Size: 0x00005258, Max: 0x00010000, ABSOLUTE)

    Execution Region ER_IROM1 (Exec base: 0x08000000, Load base: 0x08000000, Size: 0x00005170, Max: 0x00010000, ABSOLUTE)

    Exec Addr    Load Addr    Size         Type   Attr      Idx    E Section Name        Object

    0x08000000   0x08000000   0x000000ec   Data   RO            3    RESET               startup_stm32f10x_md.o
    0x080000ec   0x080000ec   0x00000000   Code   RO         4509  * .ARM.Collect$$$$00000000  mc_w.l(entry.o)
    0x080000ec   0x080000ec   0x00000004   Code   RO         4863    .ARM.Collect$$$$00000001  mc_w.l(entry2.o)
    0x080000f0   0x080000f0   0x00000004   Code   RO         4866    .ARM.Collect$$$$00000004  mc_w.l(entry5.o)
    0x080000f4   0x080000f4   0x00000000   Code   RO         4868    .ARM.Collect$$$$00000008  mc_w.l(entry7b.o)
    0x080000f4   0x080000f4   0x00000000   Code   RO         4870    .ARM.Collect$$$$0000000A  mc_w.l(entry8b.o)
    0x080000f4   0x080000f4   0x00000008   Code   RO         4871    .ARM.Collect$$$$0000000B  mc_w.l(entry9a.o)
    0x080000fc   0x080000fc   0x00000000   Code   RO         4873    .ARM.Collect$$$$0000000D  mc_w.l(entry10a.o)
    0x080000fc   0x080000fc   0x00000000   Code   RO         4875    .ARM.Collect$$$$0000000F  mc_w.l(entry11a.o)
    0x080000fc   0x080000fc   0x00000004   Code   RO         4864    .ARM.Collect$$$$00002712  mc_w.l(entry2.o)
    0x08000100   0x08000100   0x00000024   Code   RO            4    .text               startup_stm32f10x_md.o
    0x08000124   0x08000124   0x00000024   Code   RO         4521    .text               mc_w.l(memseta.o)
    0x08000148   0x08000148   0x00000024   Code   RO         4523    .text               mc_w.l(strstr.o)
    0x0800016c   0x0800016c   0x00000018   Code   RO         4525    .text               mc_w.l(strncpy.o)
    0x08000184   0x08000184   0x0000000e   Code   RO         4527    .text               mc_w.l(strlen.o)
    0x08000192   0x08000192   0x0000001c   Code   RO         4529    .text               mc_w.l(strcmp.o)
    0x080001ae   0x080001ae   0x00000012   Code   RO         4531    .text               mc_w.l(strcpy.o)
    0x080001c0   0x080001c0   0x00000038   Code   RO         4798    .text               mc_w.l(__0sscanf.o)
    0x080001f8   0x080001f8   0x000000e0   Code   RO         4800    .text               mc_w.l(_scanf_str.o)
    0x080002d8   0x080002d8   0x0000007c   Code   RO         4806    .text               mf_w.l(fdiv.o)
    0x08000354   0x08000354   0x0000014e   Code   RO         4808    .text               mf_w.l(dadd.o)
    0x080004a2   0x080004a2   0x000000e4   Code   RO         4810    .text               mf_w.l(dmul.o)
    0x08000586   0x08000586   0x000000de   Code   RO         4812    .text               mf_w.l(ddiv.o)
    0x08000664   0x08000664   0x0000000a   Code   RO         4816    .text               mf_w.l(ffltui.o)
    0x0800066e   0x0800066e   0x00000028   Code   RO         4822    .text               mf_w.l(ffixui.o)
    0x08000696   0x08000696   0x00000026   Code   RO         4828    .text               mf_w.l(f2d.o)
    0x080006bc   0x080006bc   0x00000030   Code   RO         4832    .text               mf_w.l(cdrcmple.o)
    0x080006ec   0x080006ec   0x0000002c   Code   RO         4878    .text               mc_w.l(uidiv.o)
    0x08000718   0x08000718   0x00000062   Code   RO         4880    .text               mc_w.l(uldiv.o)
    0x0800077a   0x0800077a   0x0000001e   Code   RO         4882    .text               mc_w.l(llshl.o)
    0x08000798   0x08000798   0x00000020   Code   RO         4884    .text               mc_w.l(llushr.o)
    0x080007b8   0x080007b8   0x00000024   Code   RO         4886    .text               mc_w.l(llsshr.o)
    0x080007dc   0x080007dc   0x00000028   Code   RO         4901    .text               mc_w.l(scanf_char.o)
    0x08000804   0x08000804   0x00000040   Code   RO         4903    .text               mc_w.l(_sgetc.o)
    0x08000844   0x08000844   0x00000000   Code   RO         4909    .text               mc_w.l(iusefp.o)
    0x08000844   0x08000844   0x0000006e   Code   RO         4910    .text               mf_w.l(fepilogue.o)
    0x080008b2   0x080008b2   0x000000ba   Code   RO         4912    .text               mf_w.l(depilogue.o)
    0x0800096c   0x0800096c   0x00000030   Code   RO         4914    .text               mf_w.l(dfixul.o)
    0x0800099c   0x0800099c   0x00000024   Code   RO         4920    .text               mc_w.l(init.o)
    0x080009c0   0x080009c0   0x00000008   Code   RO         4924    .text               mc_w.l(ctype_o.o)
    0x080009c8   0x080009c8   0x00000012   Code   RO         4946    .text               mc_w.l(isspace_o.o)
    0x080009da   0x080009da   0x00000002   PAD
    0x080009dc   0x080009dc   0x0000032c   Code   RO         4952    .text               mc_w.l(_scanf.o)
    0x08000d08   0x08000d08   0x00000004   Code   RO         3393    i.BusFault_Handler  stm32f10x_it.o
    0x08000d0c   0x08000d0c   0x00000034   Code   RO         4130    i.Buzzer_Init       buzzer.o
    0x08000d40   0x08000d40   0x00000020   Code   RO         3670    i.Clear_BuffData    esp8266.o
    0x08000d60   0x08000d60   0x00000258   Code   RO         3220    i.Connect_To_BaFa_Cloud  main.o
    0x08000fb8   0x08000fb8   0x00000198   Code   RO         3671    i.Connect_tothe_cloud  esp8266.o
    0x08001150   0x08001150   0x00000060   Code   RO         4076    i.DHT11_Check       dht11.o
    0x080011b0   0x080011b0   0x00000040   Code   RO         4077    i.DHT11_Init        dht11.o
    0x080011f0   0x080011f0   0x00000038   Code   RO         4078    i.DHT11_Mode        dht11.o
    0x08001228   0x08001228   0x00000064   Code   RO         4079    i.DHT11_Read_Bit    dht11.o
    0x0800128c   0x0800128c   0x0000001e   Code   RO         4080    i.DHT11_Read_Byte   dht11.o
    0x080012aa   0x080012aa   0x00000058   Code   RO         4081    i.DHT11_Read_Data   dht11.o
    0x08001302   0x08001302   0x00000002   PAD
    0x08001304   0x08001304   0x00000034   Code   RO         4082    i.DHT11_Rst         dht11.o
    0x08001338   0x08001338   0x00000002   Code   RO         3394    i.DebugMon_Handler  stm32f10x_it.o
    0x0800133a   0x0800133a   0x00000002   PAD
    0x0800133c   0x0800133c   0x00000060   Code   RO         4279    i.Delay_Init        delay.o
    0x0800139c   0x0800139c   0x00000024   Code   RO         4280    i.Delay_ms          delay.o
    0x080013c0   0x080013c0   0x000000aa   Code   RO         4281    i.Delay_us          delay.o
    0x0800146a   0x0800146a   0x00000002   PAD
    0x0800146c   0x0800146c   0x00000100   Code   RO         3673    i.ESP8266_Config    esp8266.o
    0x0800156c   0x0800156c   0x00000116   Code   RO         1347    i.GPIO_Init         stm32f10x_gpio.o
    0x08001682   0x08001682   0x00000002   PAD
    0x08001684   0x08001684   0x00000090   Code   RO         1349    i.GPIO_PinRemapConfig  stm32f10x_gpio.o
    0x08001714   0x08001714   0x00000012   Code   RO         1351    i.GPIO_ReadInputDataBit  stm32f10x_gpio.o
    0x08001726   0x08001726   0x00000004   Code   RO         1354    i.GPIO_ResetBits    stm32f10x_gpio.o
    0x0800172a   0x0800172a   0x00000004   Code   RO         1355    i.GPIO_SetBits      stm32f10x_gpio.o
    0x0800172e   0x0800172e   0x0000000a   Code   RO         1358    i.GPIO_WriteBit     stm32f10x_gpio.o
    0x08001738   0x08001738   0x0000003c   Code   RO         3627    i.Get_Key_1         key.o
    0x08001774   0x08001774   0x00000038   Code   RO         3628    i.Get_Key_2         key.o
    0x080017ac   0x080017ac   0x00000038   Code   RO         3629    i.Get_Key_3         key.o
    0x080017e4   0x080017e4   0x00000038   Code   RO         3630    i.Get_Key_4         key.o
    0x0800181c   0x0800181c   0x00000004   Code   RO         3395    i.HardFault_Handler  stm32f10x_it.o
    0x08001820   0x08001820   0x00000070   Code   RO         4412    i.Key_Init          initialization.o
    0x08001890   0x08001890   0x00000040   Code   RO         3459    i.Manual_Mode       menu.o
    0x080018d0   0x080018d0   0x00000004   Code   RO         3396    i.MemManage_Handler  stm32f10x_it.o
    0x080018d4   0x080018d4   0x00000002   Code   RO         3397    i.NMI_Handler       stm32f10x_it.o
    0x080018d6   0x080018d6   0x00000002   PAD
    0x080018d8   0x080018d8   0x00000070   Code   RO          137    i.NVIC_Init         misc.o
    0x08001948   0x08001948   0x00000014   Code   RO          138    i.NVIC_PriorityGroupConfig  misc.o
    0x0800195c   0x0800195c   0x000000a8   Code   RO         3817    i.OLED_ClearArea    oled.o
    0x08001a04   0x08001a04   0x00000176   Code   RO         3821    i.OLED_DrawLine     oled.o
    0x08001b7a   0x08001b7a   0x00000002   PAD
    0x08001b7c   0x08001b7c   0x00000050   Code   RO         3822    i.OLED_DrawPoint    oled.o
    0x08001bcc   0x08001bcc   0x00000060   Code   RO         3825    i.OLED_GPIO_Init    oled.o
    0x08001c2c   0x08001c2c   0x0000003e   Code   RO         3827    i.OLED_I2C_SendByte  oled.o
    0x08001c6a   0x08001c6a   0x0000001c   Code   RO         3828    i.OLED_I2C_Start    oled.o
    0x08001c86   0x08001c86   0x00000016   Code   RO         3829    i.OLED_I2C_Stop     oled.o
    0x08001c9c   0x08001c9c   0x00000092   Code   RO         3830    i.OLED_Init         oled.o
    0x08001d2e   0x08001d2e   0x00000014   Code   RO         3832    i.OLED_Pow          oled.o
    0x08001d42   0x08001d42   0x00000022   Code   RO         3836    i.OLED_SetCursor    oled.o
    0x08001d64   0x08001d64   0x00000054   Code   RO         3838    i.OLED_ShowChar     oled.o
    0x08001db8   0x08001db8   0x0000012c   Code   RO         3842    i.OLED_ShowImage    oled.o
    0x08001ee4   0x08001ee4   0x0000004c   Code   RO         3843    i.OLED_ShowNum      oled.o
    0x08001f30   0x08001f30   0x0000002e   Code   RO         3845    i.OLED_ShowString   oled.o
    0x08001f5e   0x08001f5e   0x00000002   PAD
    0x08001f60   0x08001f60   0x00000028   Code   RO         3846    i.OLED_Update       oled.o
    0x08001f88   0x08001f88   0x00000018   Code   RO         3848    i.OLED_W_SCL        oled.o
    0x08001fa0   0x08001fa0   0x00000018   Code   RO         3849    i.OLED_W_SDA        oled.o
    0x08001fb8   0x08001fb8   0x00000020   Code   RO         3850    i.OLED_WriteCommand  oled.o
    0x08001fd8   0x08001fd8   0x0000002e   Code   RO         3851    i.OLED_WriteData    oled.o
    0x08002006   0x08002006   0x00000002   Code   RO         3398    i.PendSV_Handler    stm32f10x_it.o
    0x08002008   0x08002008   0x00000020   Code   RO         1798    i.RCC_APB1PeriphClockCmd  stm32f10x_rcc.o
    0x08002028   0x08002028   0x00000020   Code   RO         1800    i.RCC_APB2PeriphClockCmd  stm32f10x_rcc.o
    0x08002048   0x08002048   0x000000d4   Code   RO         1808    i.RCC_GetClocksFreq  stm32f10x_rcc.o
    0x0800211c   0x0800211c   0x00000002   Code   RO         3399    i.SVC_Handler       stm32f10x_it.o
    0x0800211e   0x0800211e   0x00000002   PAD
    0x08002120   0x08002120   0x000000b8   Code   RO         4196    i.Serial_Init       serial.o
    0x080021d8   0x080021d8   0x00000014   Code   RO         4197    i.Serial_Pow        serial.o
    0x080021ec   0x080021ec   0x00000020   Code   RO         4200    i.Serial_SendByte   serial.o
    0x0800220c   0x0800220c   0x0000003a   Code   RO         4201    i.Serial_SendNumber  serial.o
    0x08002246   0x08002246   0x0000001a   Code   RO         4202    i.Serial_SendString  serial.o
    0x08002260   0x08002260   0x00000008   Code   RO           24    i.SetSysClock       system_stm32f10x.o
    0x08002268   0x08002268   0x000000e0   Code   RO           25    i.SetSysClockTo72   system_stm32f10x.o
    0x08002348   0x08002348   0x000000b0   Code   RO         3225    i.SimpleDrawTempCurve  main.o
    0x080023f8   0x080023f8   0x00000008   Code   RO         4282    i.SysTick_Handler   delay.o
    0x08002400   0x08002400   0x00000060   Code   RO           27    i.SystemInit        system_stm32f10x.o
    0x08002460   0x08002460   0x000000e0   Code   RO         4345    i.Task_RunScheduler  task.o
    0x08002540   0x08002540   0x000000b0   Code   RO         4347    i.Task_UpdateTick   task.o
    0x080025f0   0x080025f0   0x00000894   Code   RO         3227    i.Test_ESP8266      main.o
    0x08002e84   0x08002e84   0x000000a0   Code   RO         4203    i.USART1_IRQHandler  serial.o
    0x08002f24   0x08002f24   0x00000080   Code   RO         3674    i.USART2_IRQHandler  esp8266.o
    0x08002fa4   0x08002fa4   0x00000020   Code   RO         3676    i.USART2_SendByte   esp8266.o
    0x08002fc4   0x08002fc4   0x0000001e   Code   RO         2980    i.USART_ClearITPendingBit  stm32f10x_usart.o
    0x08002fe2   0x08002fe2   0x00000018   Code   RO         2983    i.USART_Cmd         stm32f10x_usart.o
    0x08002ffa   0x08002ffa   0x0000001a   Code   RO         2986    i.USART_GetFlagStatus  stm32f10x_usart.o
    0x08003014   0x08003014   0x00000054   Code   RO         2987    i.USART_GetITStatus  stm32f10x_usart.o
    0x08003068   0x08003068   0x0000004a   Code   RO         2989    i.USART_ITConfig    stm32f10x_usart.o
    0x080030b2   0x080030b2   0x00000002   PAD
    0x080030b4   0x080030b4   0x000000d8   Code   RO         2990    i.USART_Init        stm32f10x_usart.o
    0x0800318c   0x0800318c   0x0000000a   Code   RO         2997    i.USART_ReceiveData  stm32f10x_usart.o
    0x08003196   0x08003196   0x00000008   Code   RO         3000    i.USART_SendData    stm32f10x_usart.o
    0x0800319e   0x0800319e   0x00000004   Code   RO         3400    i.UsageFault_Handler  stm32f10x_it.o
    0x080031a2   0x080031a2   0x00000016   Code   RO         3679    i.WifiSendStr       esp8266.o
    0x080031b8   0x080031b8   0x00000028   Code   RO         4772    i.__0sprintf        mc_w.l(printfa.o)
    0x080031e0   0x080031e0   0x0000000e   Code   RO         4971    i.__scatterload_copy  mc_w.l(handlers.o)
    0x080031ee   0x080031ee   0x00000002   Code   RO         4972    i.__scatterload_null  mc_w.l(handlers.o)
    0x080031f0   0x080031f0   0x0000000e   Code   RO         4973    i.__scatterload_zeroinit  mc_w.l(handlers.o)
    0x080031fe   0x080031fe   0x00000002   PAD
    0x08003200   0x08003200   0x00000184   Code   RO         4777    i._fp_digits        mc_w.l(printfa.o)
    0x08003384   0x08003384   0x000006dc   Code   RO         4778    i._printf_core      mc_w.l(printfa.o)
    0x08003a60   0x08003a60   0x00000024   Code   RO         4779    i._printf_post_padding  mc_w.l(printfa.o)
    0x08003a84   0x08003a84   0x0000002e   Code   RO         4780    i._printf_pre_padding  mc_w.l(printfa.o)
    0x08003ab2   0x08003ab2   0x0000000a   Code   RO         4782    i._sputc            mc_w.l(printfa.o)
    0x08003abc   0x08003abc   0x00000444   Code   RO         3229    i.main              main.o
    0x08003f00   0x08003f00   0x00000034   Code   RO         4166    i.relay_Init        relay.o
    0x08003f34   0x08003f34   0x00000010   Code   RO         4167    i.relay_OFF         relay.o
    0x08003f44   0x08003f44   0x00000010   Code   RO         4168    i.relay_ON          relay.o
    0x08003f54   0x08003f54   0x00000208   Code   RO         3230    i.upload_data       main.o
    0x0800415c   0x0800415c   0x00000eaa   Data   RO         4064    .constdata          oled_data.o
    0x08005006   0x08005006   0x00000081   Data   RO         4925    .constdata          mc_w.l(ctype_o.o)
    0x08005087   0x08005087   0x00000001   PAD
    0x08005088   0x08005088   0x00000004   Data   RO         4926    .constdata          mc_w.l(ctype_o.o)
    0x0800508c   0x0800508c   0x000000be   Data   RO         3232    .conststring        main.o
    0x0800514a   0x0800514a   0x00000002   PAD
    0x0800514c   0x0800514c   0x00000004   Data   RO         3685    .conststring        esp8266.o
    0x08005150   0x08005150   0x00000020   Data   RO         4969    Region$$Table       anon$$obj.o


    Execution Region RW_IRAM1 (Exec base: 0x20000000, Load base: 0x08005170, Size: 0x00001240, Max: 0x00005000, ABSOLUTE)

    Exec Addr    Load Addr    Size         Type   Attr      Idx    E Section Name        Object

    0x20000000   0x08005170   0x00000014   Data   RW         1828    .data               stm32f10x_rcc.o
    0x20000014   0x08005184   0x00000095   Data   RW         3233    .data               main.o
    0x200000a9   0x08005219   0x00000003   PAD
    0x200000ac   0x0800521c   0x00000018   Data   RW         3467    .data               menu.o
    0x200000c4   0x08005234   0x00000018   Data   RW         3686    .data               esp8266.o
    0x200000dc   0x0800524c   0x00000003   Data   RW         4206    .data               serial.o
    0x200000df   0x0800524f   0x00000001   PAD
    0x200000e0   0x08005250   0x00000008   Data   RW         4349    .data               task.o
    0x200000e8        -       0x0000032c   Zero   RW         3231    .bss                main.o
    0x20000414        -       0x000004b0   Zero   RW         3684    .bss                esp8266.o
    0x200008c4        -       0x00000400   Zero   RW         3853    .bss                oled.o
    0x20000cc4        -       0x00000064   Zero   RW         4205    .bss                serial.o
    0x20000d28        -       0x00000118   Zero   RW         4348    .bss                task.o
    0x20000e40        -       0x00000400   Zero   RW            1    STACK               startup_stm32f10x_md.o


==============================================================================

Image component sizes


      Code (inc. data)   RO Data    RW Data    ZI Data      Debug   Object Name

        52          6          0          0          0        494   buzzer.o
         0          0          0          0          0       4508   core_cm3.o
       310         18          0          0          0     220007   delay.o
       486         26          0          0          0       4281   dht11.o
       878        254          4         24       1200       5759   esp8266.o
       112         14          0          0          0        531   initialization.o
       228         24          0          0          0       1996   key.o
      4584       2640        190        149        812     209748   main.o
        64          8          0         24          0       1124   menu.o
       132         22          0          0          0     204815   misc.o
      1702         46          0          0       1024      12813   oled.o
         0          0       3754          0          0       1188   oled_data.o
        84         14          0          0          0       1356   relay.o
       480         34          0          3        100       4189   serial.o
        36          8        236          0       1024        812   startup_stm32f10x_md.o
         0          0          0          0          0       1672   stm32f10x_adc.o
       458          6          0          0          0     214990   stm32f10x_gpio.o
        24          0          0          0          0       3428   stm32f10x_it.o
       276         32          0         20          0      13046   stm32f10x_rcc.o
       472          6          0          0          0      12615   stm32f10x_usart.o
       328         28          0          0          0      24985   system_stm32f10x.o
       400         32          0          8        280       3054   task.o

    ----------------------------------------------------------------------
     11124       3218       4218        232       4440     947411   Object Totals
         0          0         32          0          0          0   (incl. Generated)
        18          0          2          4          0          0   (incl. Padding)

    ----------------------------------------------------------------------

      Code (inc. data)   RO Data    RW Data    ZI Data      Debug   Library Member Name

        56          8          0          0          0         84   __0sscanf.o
       812          4          0          0          0        112   _scanf.o
       224          0          0          0          0         96   _scanf_str.o
        64          0          0          0          0         84   _sgetc.o
         8          4        133          0          0         68   ctype_o.o
         0          0          0          0          0          0   entry.o
         0          0          0          0          0          0   entry10a.o
         0          0          0          0          0          0   entry11a.o
         8          4          0          0          0          0   entry2.o
         4          0          0          0          0          0   entry5.o
         0          0          0          0          0          0   entry7b.o
         0          0          0          0          0          0   entry8b.o
         8          4          0          0          0          0   entry9a.o
        30          0          0          0          0          0   handlers.o
        36          8          0          0          0         68   init.o
        18          0          0          0          0         76   isspace_o.o
         0          0          0          0          0          0   iusefp.o
        30          0          0          0          0         68   llshl.o
        36          0          0          0          0         68   llsshr.o
        32          0          0          0          0         68   llushr.o
        36          0          0          0          0        108   memseta.o
      2276         86          0          0          0        520   printfa.o
        40          8          0          0          0         84   scanf_char.o
        28          0          0          0          0         76   strcmp.o
        18          0          0          0          0         68   strcpy.o
        14          0          0          0          0         68   strlen.o
        24          0          0          0          0         76   strncpy.o
        36          0          0          0          0         80   strstr.o
        44          0          0          0          0         80   uidiv.o
        98          0          0          0          0         92   uldiv.o
        48          0          0          0          0         68   cdrcmple.o
       334          0          0          0          0        148   dadd.o
       222          0          0          0          0        100   ddiv.o
       186          0          0          0          0        176   depilogue.o
        48          0          0          0          0         68   dfixul.o
       228          0          0          0          0         96   dmul.o
        38          0          0          0          0         68   f2d.o
       124          0          0          0          0         88   fdiv.o
       110          0          0          0          0        168   fepilogue.o
        40          0          0          0          0         68   ffixui.o
        10          0          0          0          0         68   ffltui.o

    ----------------------------------------------------------------------
      5372        126        134          0          0       3160   Library Totals
         4          0          1          0          0          0   (incl. Padding)

    ----------------------------------------------------------------------

      Code (inc. data)   RO Data    RW Data    ZI Data      Debug   Library Name

      3980        126        133          0          0       2044   mc_w.l
      1388          0          0          0          0       1116   mf_w.l

    ----------------------------------------------------------------------
      5372        126        134          0          0       3160   Library Totals

    ----------------------------------------------------------------------

==============================================================================


      Code (inc. data)   RO Data    RW Data    ZI Data      Debug   

     16496       3344       4352        232       4440     944587   Grand Totals
     16496       3344       4352        232       4440     944587   ELF Image Totals
     16496       3344       4352        232          0          0   ROM Totals

==============================================================================

    Total RO  Size (Code + RO Data)                20848 (  20.36kB)
    Total RW  Size (RW Data + ZI Data)              4672 (   4.56kB)
    Total ROM Size (Code + RO Data + RW Data)      21080 (  20.59kB)

==============================================================================

